Component: ARM Compiler 5.06 update 6 (build 750) Tool: armlink [4d35ed]

==============================================================================

Section Cross References

    startup_stm32f103xb.o(RESET) refers to startup_stm32f103xb.o(STACK) for __initial_sp
    startup_stm32f103xb.o(RESET) refers to startup_stm32f103xb.o(.text) for Reset_Handler
    startup_stm32f103xb.o(RESET) refers to stm32f1xx_it.o(i.NMI_Handler) for NMI_Handler
    startup_stm32f103xb.o(RESET) refers to stm32f1xx_it.o(i.HardFault_Handler) for HardFault_Handler
    startup_stm32f103xb.o(RESET) refers to stm32f1xx_it.o(i.MemManage_Handler) for MemManage_Handler
    startup_stm32f103xb.o(RESET) refers to stm32f1xx_it.o(i.BusFault_Handler) for BusFault_Handler
    startup_stm32f103xb.o(RESET) refers to stm32f1xx_it.o(i.UsageFault_Handler) for UsageFault_Handler
    startup_stm32f103xb.o(RESET) refers to port.o(.emb_text) for SVC_Handler
    startup_stm32f103xb.o(RESET) refers to stm32f1xx_it.o(i.DebugMon_Handler) for DebugMon_Handler
    startup_stm32f103xb.o(RESET) refers to stm32f1xx_it.o(i.SysTick_Handler) for SysTick_Handler
    startup_stm32f103xb.o(RESET) refers to stm32f1xx_it.o(i.DMA1_Channel1_IRQHandler) for DMA1_Channel1_IRQHandler
    startup_stm32f103xb.o(RESET) refers to ble_task.o(i.DMA1_Channel2_IRQHandler) for DMA1_Channel2_IRQHandler
    startup_stm32f103xb.o(RESET) refers to stm32f1xx_it.o(i.DMA1_Channel3_IRQHandler) for DMA1_Channel3_IRQHandler
    startup_stm32f103xb.o(RESET) refers to stm32f1xx_it.o(i.DMA1_Channel6_IRQHandler) for DMA1_Channel6_IRQHandler
    startup_stm32f103xb.o(RESET) refers to esp_task.o(i.DMA1_Channel7_IRQHandler) for DMA1_Channel7_IRQHandler
    startup_stm32f103xb.o(RESET) refers to stm32f1xx_it.o(i.TIM3_IRQHandler) for TIM3_IRQHandler
    startup_stm32f103xb.o(RESET) refers to esp_task.o(i.USART2_IRQHandler) for USART2_IRQHandler
    startup_stm32f103xb.o(RESET) refers to ble_task.o(i.USART3_IRQHandler) for USART3_IRQHandler
    startup_stm32f103xb.o(RESET) refers to stm32f1xx_it.o(i.EXTI15_10_IRQHandler) for EXTI15_10_IRQHandler
    startup_stm32f103xb.o(.text) refers to system_stm32f1xx.o(i.SystemInit) for SystemInit
    startup_stm32f103xb.o(.text) refers to entry.o(.ARM.Collect$$$$00000000) for __main
    main.o(i.SystemClock_Config) refers to memseta.o(.text) for __aeabi_memclr4
    main.o(i.SystemClock_Config) refers to stm32f1xx_hal_rcc.o(i.HAL_RCC_OscConfig) for HAL_RCC_OscConfig
    main.o(i.SystemClock_Config) refers to main.o(i.Error_Handler) for Error_Handler
    main.o(i.SystemClock_Config) refers to stm32f1xx_hal_rcc.o(i.HAL_RCC_ClockConfig) for HAL_RCC_ClockConfig
    main.o(i.SystemClock_Config) refers to stm32f1xx_hal_rcc_ex.o(i.HAL_RCCEx_PeriphCLKConfig) for HAL_RCCEx_PeriphCLKConfig
    main.o(i.main) refers to stm32f1xx_hal.o(i.HAL_Init) for HAL_Init
    main.o(i.main) refers to main.o(i.SystemClock_Config) for SystemClock_Config
    main.o(i.main) refers to gpio.o(i.MX_GPIO_Init) for MX_GPIO_Init
    main.o(i.main) refers to dma.o(i.MX_DMA_Init) for MX_DMA_Init
    main.o(i.main) refers to i2c.o(i.MX_I2C1_Init) for MX_I2C1_Init
    main.o(i.main) refers to tim.o(i.MX_TIM1_Init) for MX_TIM1_Init
    main.o(i.main) refers to tim.o(i.MX_TIM2_Init) for MX_TIM2_Init
    main.o(i.main) refers to tim.o(i.MX_TIM4_Init) for MX_TIM4_Init
    main.o(i.main) refers to tim.o(i.MX_TIM3_Init) for MX_TIM3_Init
    main.o(i.main) refers to usart.o(i.MX_USART3_UART_Init) for MX_USART3_UART_Init
    main.o(i.main) refers to usart.o(i.MX_USART2_UART_Init) for MX_USART2_UART_Init
    main.o(i.main) refers to usart.o(i.MX_USART1_UART_Init) for MX_USART1_UART_Init
    main.o(i.main) refers to adc.o(i.MX_ADC1_Init) for MX_ADC1_Init
    main.o(i.main) refers to freertos.o(i.MX_FREERTOS_Init) for MX_FREERTOS_Init
    main.o(i.main) refers to cmsis_os.o(i.osKernelStart) for osKernelStart
    gpio.o(i.MX_GPIO_Init) refers to stm32f1xx_hal_gpio.o(i.HAL_GPIO_WritePin) for HAL_GPIO_WritePin
    gpio.o(i.MX_GPIO_Init) refers to stm32f1xx_hal_gpio.o(i.HAL_GPIO_Init) for HAL_GPIO_Init
    gpio.o(i.MX_GPIO_Init) refers to stm32f1xx_hal_cortex.o(i.HAL_NVIC_SetPriority) for HAL_NVIC_SetPriority
    gpio.o(i.MX_GPIO_Init) refers to stm32f1xx_hal_cortex.o(i.HAL_NVIC_EnableIRQ) for HAL_NVIC_EnableIRQ
    freertos.o(i.MX_FREERTOS_Init) refers to i2c.o(i.create_i2c_mutex) for create_i2c_mutex
    freertos.o(i.MX_FREERTOS_Init) refers to memcpya.o(.text) for __aeabi_memcpy4
    freertos.o(i.MX_FREERTOS_Init) refers to cmsis_os.o(i.osThreadCreate) for osThreadCreate
    freertos.o(i.MX_FREERTOS_Init) refers to freertos.o(.constdata) for .constdata
    freertos.o(i.MX_FREERTOS_Init) refers to freertos.o(.data) for defaultTaskHandle
    freertos.o(i.StartDefaultTask) refers to cmsis_os.o(i.osDelay) for osDelay
    freertos.o(i.vApplicationGetIdleTaskMemory) refers to freertos.o(.bss) for xIdleTaskTCBBuffer
[...]
    StartDefaultTask                         0x0800594d   Thumb Code    10  freertos.o(i.StartDefaultTask)
    SysTick_Handler                          0x08005957   Thumb Code    20  stm32f1xx_it.o(i.SysTick_Handler)
    SystemClock_Config                       0x0800596b   Thumb Code   132  main.o(i.SystemClock_Config)
    SystemInit                               0x080059ef   Thumb Code     2  system_stm32f1xx.o(i.SystemInit)
    TIM3_IRQHandler                          0x080059f1   Thumb Code    10  stm32f1xx_it.o(i.TIM3_IRQHandler)
    TIM_Base_SetConfig                       0x08005a01   Thumb Code   104  stm32f1xx_hal_tim.o(i.TIM_Base_SetConfig)
    TIM_CCxChannelCmd                        0x08005a75   Thumb Code    34  stm32f1xx_hal_tim.o(i.TIM_CCxChannelCmd)
    TIM_ETR_SetConfig                        0x08005a97   Thumb Code    22  stm32f1xx_hal_tim.o(i.TIM_ETR_SetConfig)
    TIM_OC2_SetConfig                        0x08005b21   Thumb Code   100  stm32f1xx_hal_tim.o(i.TIM_OC2_SetConfig)
    TIM_TI1_SetConfig                        0x08005c61   Thumb Code    90  stm32f1xx_hal_tim.o(i.TIM_TI1_SetConfig)
    UART_Start_Receive_DMA                   0x08005fbd   Thumb Code   138  stm32f1xx_hal_uart.o(i.UART_Start_Receive_DMA)
    USART2_IRQHandler                        0x080060c1   Thumb Code   262  esp_task.o(i.USART2_IRQHandler)
    USART3_IRQHandler                        0x080061e9   Thumb Code   154  ble_task.o(i.USART3_IRQHandler)
    UsageFault_Handler                       0x0800629d   Thumb Code     4  stm32f1xx_it.o(i.UsageFault_Handler)
    __0printf                                0x080062a1   Thumb Code    22  printfa.o(i.__0printf)
    __1printf                                0x080062a1   Thumb Code     0  printfa.o(i.__0printf)
    __2printf                                0x080062a1   Thumb Code     0  printfa.o(i.__0printf)
    __c89printf                              0x080062a1   Thumb Code     0  printfa.o(i.__0printf)
    printf                                   0x080062a1   Thumb Code     0  printfa.o(i.__0printf)
    __0sprintf                               0x080062c1   Thumb Code    34  printfa.o(i.__0sprintf)
    __1sprintf                               0x080062c1   Thumb Code     0  printfa.o(i.__0sprintf)
    __2sprintf                               0x080062c1   Thumb Code     0  printfa.o(i.__0sprintf)
    __c89sprintf                             0x080062c1   Thumb Code     0  printfa.o(i.__0sprintf)
    sprintf                                  0x080062c1   Thumb Code     0  printfa.o(i.__0sprintf)
    __ARM_fpclassify                         0x080062e9   Thumb Code    40  fpclassify.o(i.__ARM_fpclassify)
    __kernel_poly                            0x08006349   Thumb Code   170  poly.o(i.__kernel_poly)
    __mathlib_dbl_infnan                     0x080063f3   Thumb Code     6  dunder.o(i.__mathlib_dbl_infnan)
    __mathlib_dbl_infnan2                    0x080063f9   Thumb Code     4  dunder.o(i.__mathlib_dbl_infnan2)
    __mathlib_dbl_underflow                  0x080063fd   Thumb Code    10  dunder.o(i.__mathlib_dbl_underflow)
    __scatterload_copy                       0x0800640d   Thumb Code    14  handlers.o(i.__scatterload_copy)
    __scatterload_null                       0x0800641b   Thumb Code     2  handlers.o(i.__scatterload_null)
    __scatterload_zeroinit                   0x0800641d   Thumb Code    14  handlers.o(i.__scatterload_zeroinit)
    adc_convert                              0x08006ce9   Thumb Code    14  bsp_adc.o(i.adc_convert)
    atan                                     0x08006d79   Thumb Code   474  atan.o(i.atan)
    atan2                                    0x08006f99   Thumb Code   346  atan2.o(i.atan2)
    ble_task                                 0x08007119   Thumb Code   330  ble_task.o(i.ble_task)
    control_task                             0x08007279   Thumb Code   680  control_task.o(i.control_task)
    create_i2c_mutex                         0x0800756d   Thumb Code    14  i2c.o(i.create_i2c_mutex)
    esp01_uart_send_data                     0x08007581   Thumb Code    20  esp01.o(i.esp01_uart_send_data)
    esp_task                                 0x08007599   Thumb Code   174  esp_task.o(i.esp_task)
    fputc                                    0x08007691   Thumb Code    22  usart.o(i.fputc)
    get_car_angle                            0x080076ad   Thumb Code     6  control_task.o(i.get_car_angle)
    get_car_statu                            0x080076b9   Thumb Code     4  control_task.o(i.get_car_statu)
    get_esp_config_mode                      0x080076c1   Thumb Code     8  esp01.o(i.get_esp_config_mode)
    get_hcsr04_mm                            0x080076cd   Thumb Code    28  hc_sr04.o(i.get_hcsr04_mm)
    get_power_value                          0x08007705   Thumb Code    54  bsp_adc.o(i.get_power_value)
    get_rc_data                              0x0800774d   Thumb Code     4  nrf_task.o(i.get_rc_data)
    get_send_count                           0x08007755   Thumb Code     8  esp01.o(i.get_send_count)
    hc_sr04_init                             0x08007761   Thumb Code    28  hc_sr04.o(i.hc_sr04_init)
    main                                     0x08007781   Thumb Code    64  main.o(i.main)
    motor_init                               0x080077d1   Thumb Code    42  bsp_motor.o(i.motor_init)
    motor_set_pwm                            0x08007809   Thumb Code   132  bsp_motor.o(i.motor_set_pwm)
    mpu6050_delay_ms                         0x08007899   Thumb Code    12  mpu6050.o(i.mpu6050_delay_ms)
    mpu6050_get_acc                          0x080078a5   Thumb Code    88  mpu6050.o(i.mpu6050_get_acc)
    mpu6050_get_gyro                         0x080078fd   Thumb Code    88  mpu6050.o(i.mpu6050_get_gyro)
    mpu6050_init                             0x08007955   Thumb Code   126  mpu6050.o(i.mpu6050_init)
    mpu6050_read_bytes                       0x080079d3   Thumb Code    24  mpu6050.o(i.mpu6050_read_bytes)
    mpu6050_read_one_byte                    0x080079eb   Thumb Code    20  mpu6050.o(i.mpu6050_read_one_byte)
    mpu6050_set_acc_fsr                      0x080079ff   Thumb Code    18  mpu6050.o(i.mpu6050_set_acc_fsr)
    mpu6050_set_gyro_fsr                     0x08007a11   Thumb Code    22  mpu6050.o(i.mpu6050_set_gyro_fsr)
    mpu6050_set_lpf                          0x08007a27   Thumb Code    60  mpu6050.o(i.mpu6050_set_lpf)
    mpu6050_set_rate                         0x08007a63   Thumb Code    58  mpu6050.o(i.mpu6050_set_rate)
    mpu6050_write_one_byte                   0x08007a9d   Thumb Code    18  mpu6050.o(i.mpu6050_write_one_byte)
    nrf_data_init                            0x08007ab1   Thumb Code    16  nrf_task.o(i.nrf_data_init)
    nrf_read_write_byte                      0x08007ac5   Thumb Code    18  nrf24l01.o(i.nrf_read_write_byte)
    nrf_receive_data_unpack                  0x08007add   Thumb Code   334  nrf_task.o(i.nrf_receive_data_unpack)
    nrf_task                                 0x08007c3d   Thumb Code    44  nrf_task.o(i.nrf_task)
    osDelay                                  0x08007c71   Thumb Code    24  cmsis_os.o(i.osDelay)
    osKernelStart                            0x08007c89   Thumb Code    10  cmsis_os.o(i.osKernelStart)
    osThreadCreate                           0x08007c93   Thumb Code    94  cmsis_os.o(i.osThreadCreate)
    pcTaskGetName                            0x08007cf1   Thumb Code    44  tasks.o(i.pcTaskGetName)
    pvPortMalloc                             0x08008409   Thumb Code   296  heap_4.o(i.pvPortMalloc)
    pvTaskIncrementMutexHeldCount            0x08008545   Thumb Code    26  tasks.o(i.pvTaskIncrementMutexHeldCount)
    pxPortInitialiseStack                    0x08008565   Thumb Code    30  port.o(i.pxPortInitialiseStack)
    read_encoder                             0x08008589   Thumb Code    56  bsp_motor.o(i.read_encoder)
    set_car_pid                              0x080085c9   Thumb Code    32  control_task.o(i.set_car_pid)
    set_car_speed                            0x080085f1   Thumb Code     6  control_task.o(i.set_car_speed)
    set_car_turn                             0x080085fd   Thumb Code     6  control_task.o(i.set_car_turn)
    soft_spi_init                            0x080086e5   Thumb Code    18  bsp_soft_spi.o(i.soft_spi_init)
    soft_spi_read_write_byte                 0x080086f7   Thumb Code   326  bsp_soft_spi.o(i.soft_spi_read_write_byte)
    trig_send_pluse                          0x08008985   Thumb Code    38  hc_sr04.o(i.trig_send_pluse)
    u8g2Init                                 0x080089fd   Thumb Code    38  u8g2_stm32_port.o(i.u8g2Init)
    u8g2_ClearBuffer                         0x08008a31   Thumb Code    26  u8g2_buffer.o(i.u8g2_ClearBuffer)
    u8g2_DrawGlyph                           0x08008a4b   Thumb Code    98  u8g2_font.o(i.u8g2_DrawGlyph)
    u8g2_DrawHVLine                          0x08008aad   Thumb Code   220  u8g2_hvline.o(i.u8g2_DrawHVLine)
    u8g2_DrawHXBMP                           0x08008b89   Thumb Code   232  u8g2_bitmap.o(i.u8g2_DrawHXBMP)
    u8g2_DrawStr                             0x08008c71   Thumb Code    32  u8g2_font.o(i.u8g2_DrawStr)
    u8g2_DrawXBMP                            0x08008c95   Thumb Code    88  u8g2_bitmap.o(i.u8g2_DrawXBMP)
    u8g2_IsIntersection                      0x08008ced   Thumb Code    58  u8g2_intersection.o(i.u8g2_IsIntersection)
    u8g2_SendBuffer                          0x08008d27   Thumb Code    18  u8g2_buffer.o(i.u8g2_SendBuffer)
    u8g2_SetFont                             0x08008d39   Thumb Code    32  u8g2_font.o(i.u8g2_SetFont)
    u8g2_SetFontPosBaseline                  0x08008d59   Thumb Code     6  u8g2_font.o(i.u8g2_SetFontPosBaseline)
    u8g2_SetMaxClipWindow                    0x08008d65   Thumb Code    32  u8g2_setup.o(i.u8g2_SetMaxClipWindow)
    u8g2_SetupBuffer                         0x08008d85   Thumb Code    90  u8g2_setup.o(i.u8g2_SetupBuffer)
    u8g2_Setup_ssd1306_i2c_128x64_noname_f   0x08008de1   Thumb Code    54  u8g2_d_setup.o(i.u8g2_Setup_ssd1306_i2c_128x64_noname_f)
    u8g2_UpdateRefHeight                     0x08008e25   Thumb Code   136  u8g2_font.o(i.u8g2_UpdateRefHeight)
    u8g2_add_vector_x                        0x08008ead   Thumb Code    42  u8g2_font.o(i.u8g2_add_vector_x)
    u8g2_add_vector_y                        0x08008ed7   Thumb Code    42  u8g2_font.o(i.u8g2_add_vector_y)
    u8g2_draw_hv_line_2dir                   0x08008fc7   Thumb Code    44  u8g2_hvline.o(i.u8g2_draw_hv_line_2dir)
    u8g2_draw_l90_mirrorr_r0                 0x08008ff3   Thumb Code    60  u8g2_setup.o(i.u8g2_draw_l90_mirrorr_r0)
    u8g2_draw_l90_r0                         0x0800902f   Thumb Code    36  u8g2_setup.o(i.u8g2_draw_l90_r0)
    u8g2_draw_l90_r1                         0x08009053   Thumb Code    68  u8g2_setup.o(i.u8g2_draw_l90_r1)
    u8g2_draw_l90_r2                         0x08009097   Thumb Code    86  u8g2_setup.o(i.u8g2_draw_l90_r2)
    u8g2_draw_l90_r3                         0x080090ed   Thumb Code    80  u8g2_setup.o(i.u8g2_draw_l90_r3)
    u8g2_draw_mirror_vertical_r0             0x0800913d   Thumb Code    60  u8g2_setup.o(i.u8g2_draw_mirror_vertical_r0)
    u8g2_font_calc_vref_font                 0x08009209   Thumb Code     6  u8g2_font.o(i.u8g2_font_calc_vref_font)
    u8g2_font_decode_get_signed_bits         0x0800920f   Thumb Code    36  u8g2_font.o(i.u8g2_font_decode_get_signed_bits)
    u8g2_font_decode_get_unsigned_bits       0x08009233   Thumb Code    66  u8g2_font.o(i.u8g2_font_decode_get_unsigned_bits)
    u8g2_font_decode_glyph                   0x08009275   Thumb Code   386  u8g2_font.o(i.u8g2_font_decode_glyph)
    u8g2_font_decode_len                     0x080093f7   Thumb Code   176  u8g2_font.o(i.u8g2_font_decode_len)
    u8g2_font_get_glyph_data                 0x080094e9   Thumb Code   146  u8g2_font.o(i.u8g2_font_get_glyph_data)
    u8g2_is_intersection_decision_tree       0x080095d3   Thumb Code    48  u8g2_intersection.o(i.u8g2_is_intersection_decision_tree)
    u8g2_ll_hvline_vertical_top_lsb          0x08009603   Thumb Code   238  u8g2_ll_hvline.o(i.u8g2_ll_hvline_vertical_top_lsb)
    u8g2_m_16_8_f                            0x080096f1   Thumb Code    10  u8g2_d_memory.o(i.u8g2_m_16_8_f)
    u8g2_read_font_info                      0x08009701   Thumb Code   224  u8g2_font.o(i.u8g2_read_font_info)
    u8g2_update_dimension_r0                 0x080098ad   Thumb Code    12  u8g2_setup.o(i.u8g2_update_dimension_r0)
    u8g2_update_dimension_r1                 0x080098b9   Thumb Code    28  u8g2_setup.o(i.u8g2_update_dimension_r1)
    u8g2_update_dimension_r2                 0x080098d5   Thumb Code    12  u8g2_setup.o(i.u8g2_update_dimension_r2)
    u8g2_update_dimension_r3                 0x080098e1   Thumb Code    28  u8g2_setup.o(i.u8g2_update_dimension_r3)
    u8g2_update_page_win_r0                  0x080098fd   Thumb Code    32  u8g2_setup.o(i.u8g2_update_page_win_r0)
    u8g2_update_page_win_r1                  0x0800991d   Thumb Code    32  u8g2_setup.o(i.u8g2_update_page_win_r1)
    u8g2_update_page_win_r2                  0x0800993d   Thumb Code    60  u8g2_setup.o(i.u8g2_update_page_win_r2)
    u8g2_update_page_win_r3                  0x08009979   Thumb Code    60  u8g2_setup.o(i.u8g2_update_page_win_r3)
    u8x8_DrawTile                            0x080099b5   Thumb Code    50  u8x8_display.o(i.u8x8_DrawTile)
    u8x8_InitDisplay                         0x080099e7   Thumb Code    18  u8x8_display.o(i.u8x8_InitDisplay)
    u8x8_RefreshDisplay                      0x080099f9   Thumb Code    18  u8x8_display.o(i.u8x8_RefreshDisplay)
    u8x8_SetPowerSave                        0x08009a0b   Thumb Code    20  u8x8_display.o(i.u8x8_SetPowerSave)
    u8x8_Setup                               0x08009a1f   Thumb Code    42  u8x8_setup.o(i.u8x8_Setup)
    u8x8_SetupDefaults                       0x08009a49   Thumb Code    38  u8x8_setup.o(i.u8x8_SetupDefaults)
    u8x8_SetupMemory                         0x08009a75   Thumb Code    18  u8x8_display.o(i.u8x8_SetupMemory)
    u8x8_ascii_next                          0x08009a87   Thumb Code    18  u8x8_8x8.o(i.u8x8_ascii_next)
    u8x8_byte_EndTransfer                    0x08009a99   Thumb Code    18  u8x8_byte.o(i.u8x8_byte_EndTransfer)
    u8x8_byte_SendByte                       0x08009aab   Thumb Code    16  u8x8_byte.o(i.u8x8_byte_SendByte)
    u8x8_byte_SendBytes                      0x08009abb   Thumb Code    26  u8x8_byte.o(i.u8x8_byte_SendBytes)
    u8x8_byte_StartTransfer                  0x08009ad5   Thumb Code    18  u8x8_byte.o(i.u8x8_byte_StartTransfer)
    u8x8_byte_hw_i2c                         0x08009ae9   Thumb Code   120  u8g2_stm32_port.o(i.u8x8_byte_hw_i2c)
    u8x8_cad_EndTransfer                     0x08009b6d   Thumb Code    18  u8x8_cad.o(i.u8x8_cad_EndTransfer)
    u8x8_cad_SendArg                         0x08009b7f   Thumb Code    20  u8x8_cad.o(i.u8x8_cad_SendArg)
    u8x8_cad_SendCmd                         0x08009b93   Thumb Code    20  u8x8_cad.o(i.u8x8_cad_SendCmd)
    u8x8_cad_SendData                        0x08009ba7   Thumb Code    26  u8x8_cad.o(i.u8x8_cad_SendData)
    u8x8_cad_SendSequence                    0x08009bc1   Thumb Code   124  u8x8_cad.o(i.u8x8_cad_SendSequence)
    u8x8_cad_StartTransfer                   0x08009c3d   Thumb Code    18  u8x8_cad.o(i.u8x8_cad_StartTransfer)
    u8x8_cad_ssd13xx_fast_i2c                0x08009c51   Thumb Code   208  u8x8_cad.o(i.u8x8_cad_ssd13xx_fast_i2c)
    u8x8_d_helper_display_init               0x08009d25   Thumb Code    96  u8x8_display.o(i.u8x8_d_helper_display_init)
    u8x8_d_helper_display_setup_memory       0x08009d85   Thumb Code    12  u8x8_display.o(i.u8x8_d_helper_display_setup_memory)
    u8x8_d_ssd1306_128x64_noname             0x08009d91   Thumb Code    76  u8x8_d_ssd1306_128x64_noname.o(i.u8x8_d_ssd1306_128x64_noname)
    u8x8_dummy_cb                            0x08009ee9   Thumb Code     8  u8x8_setup.o(i.u8x8_dummy_cb)
    u8x8_gpio_and_delay                      0x08009ef1   Thumb Code    36  u8g2_stm32_port.o(i.u8x8_gpio_and_delay)
    u8x8_gpio_call                           0x08009f15   Thumb Code    26  u8x8_gpio.o(i.u8x8_gpio_call)
    u8x8_utf8_init                           0x08009f5d   Thumb Code     8  u8x8_8x8.o(i.u8x8_utf8_init)
    u_i2c1_read_byte                         0x08009f65   Thumb Code    96  i2c.o(i.u_i2c1_read_byte)
    u_i2c1_read_bytes                        0x08009fcd   Thumb Code    94  i2c.o(i.u_i2c1_read_bytes)
    u_i2c1_write_byte                        0x0800a035   Thumb Code    96  i2c.o(i.u_i2c1_write_byte)
    u_i2c_master_transmit_bytes              0x0800a09d   Thumb Code    86  i2c.o(i.u_i2c_master_transmit_bytes)
    ui_run                                   0x0800a0f9   Thumb Code    98  ui_task.o(i.ui_run)
    ui_task                                  0x0800a15d   Thumb Code   452  ui_task.o(i.ui_task)
    ulTaskNotifyTake                         0x0800a345   Thumb Code   108  tasks.o(i.ulTaskNotifyTake)
    uxListRemove                             0x0800a3b9   Thumb Code    40  list.o(i.uxListRemove)
    vApplicationGetIdleTaskMemory            0x0800a3e1   Thumb Code    14  freertos.o(i.vApplicationGetIdleTaskMemory)
    vListInitialise                          0x0800a3f9   Thumb Code    26  list.o(i.vListInitialise)
    vListInitialiseItem                      0x0800a413   Thumb Code     6  list.o(i.vListInitialiseItem)
    vListInsert                              0x0800a419   Thumb Code    52  list.o(i.vListInsert)
    vListInsertEnd                           0x0800a44d   Thumb Code    24  list.o(i.vListInsertEnd)
    vPortEnterCritical                       0x0800a465   Thumb Code    76  port.o(i.vPortEnterCritical)
    vPortExitCritical                        0x0800a4b9   Thumb Code    56  port.o(i.vPortExitCritical)
    vPortFree                                0x0800a4f5   Thumb Code   140  heap_4.o(i.vPortFree)
    vPortSetupTimerInterrupt                 0x0800a589   Thumb Code    36  port.o(i.vPortSetupTimerInterrupt)
    vPortValidateInterruptPriority           0x0800a5b1   Thumb Code   106  port.o(i.vPortValidateInterruptPriority)
    vTaskDelay                               0x0800a629   Thumb Code    82  tasks.o(i.vTaskDelay)
    vTaskInternalSetTimeOutState             0x0800a685   Thumb Code    14  tasks.o(i.vTaskInternalSetTimeOutState)
    vTaskMissedYield                         0x0800a69d   Thumb Code     8  tasks.o(i.vTaskMissedYield)
    vTaskNotifyGiveFromISR                   0x0800a6a9   Thumb Code   216  tasks.o(i.vTaskNotifyGiveFromISR)
    vTaskPlaceOnEventList                    0x0800a799   Thumb Code    52  tasks.o(i.vTaskPlaceOnEventList)
    vTaskPriorityDisinheritAfterTimeout      0x0800a7d1   Thumb Code   230  tasks.o(i.vTaskPriorityDisinheritAfterTimeout)
    vTaskStartScheduler                      0x0800a8c5   Thumb Code   146  tasks.o(i.vTaskStartScheduler)
    vTaskSuspendAll                          0x0800a975   Thumb Code    12  tasks.o(i.vTaskSuspendAll)
    vTaskSwitchContext                       0x0800a985   Thumb Code   118  tasks.o(i.vTaskSwitchContext)
    xPortStartScheduler                      0x0800aa11   Thumb Code   228  port.o(i.xPortStartScheduler)
    xPortSysTickHandler                      0x0800ab09   Thumb Code    46  port.o(i.xPortSysTickHandler)
    xQueueCreateMutex                        0x0800ab3d   Thumb Code    34  queue.o(i.xQueueCreateMutex)
    xQueueGenericCreate                      0x0800ab5f   Thumb Code    94  queue.o(i.xQueueGenericCreate)
    xQueueGenericReset                       0x0800abbd   Thumb Code   146  queue.o(i.xQueueGenericReset)
    xQueueGenericSend                        0x0800ac55   Thumb Code   420  queue.o(i.xQueueGenericSend)
    xQueueGenericSendFromISR                 0x0800adfd   Thumb Code   248  queue.o(i.xQueueGenericSendFromISR)
    xQueueReceive                            0x0800aef5   Thumb Code   356  queue.o(i.xQueueReceive)
    xQueueSemaphoreTake                      0x0800b05d   Thumb Code   434  queue.o(i.xQueueSemaphoreTake)
    xTaskCheckForTimeOut                     0x0800b215   Thumb Code   156  tasks.o(i.xTaskCheckForTimeOut)
    xTaskCreate                              0x0800b2bd   Thumb Code   100  tasks.o(i.xTaskCreate)
    xTaskCreateStatic                        0x0800b321   Thumb Code   184  tasks.o(i.xTaskCreateStatic)
    xTaskGetHandle                           0x0800b3d9   Thumb Code   142  tasks.o(i.xTaskGetHandle)
    xTaskGetSchedulerState                   0x0800b47d   Thumb Code    24  tasks.o(i.xTaskGetSchedulerState)
    xTaskIncrementTick                       0x0800b49d   Thumb Code   282  tasks.o(i.xTaskIncrementTick)
    xTaskPriorityDisinherit                  0x0800b5e5   Thumb Code   188  tasks.o(i.xTaskPriorityDisinherit)
    xTaskPriorityInherit                     0x0800b6ad   Thumb Code   186  tasks.o(i.xTaskPriorityInherit)
    xTaskRemoveFromEventList                 0x0800b775   Thumb Code   128  tasks.o(i.xTaskRemoveFromEventList)
    xTaskResumeAll                           0x0800b80d   Thumb Code   224  tasks.o(i.xTaskResumeAll)
    AHBPrescTable                            0x0800b9b8   Data          16  system_stm32f1xx.o(.constdata)
    APBPrescTable                            0x0800b9c8   Data           8  system_stm32f1xx.o(.constdata)
    TX_ADDRESS                               0x0800b9d0   Data           5  nrf24l01.o(.constdata)
    RX_ADDRESS                               0x0800b9d5   Data           5  nrf24l01.o(.constdata)
    control                                  0x0800b9da   Data         180  ui_task.o(.constdata)
    wifi                                     0x0800ba8e   Data         180  ui_task.o(.constdata)
    sys                                      0x0800bb42   Data         180  ui_task.o(.constdata)
    u8g2_font_8x13_tf                        0x0800bbf6   Data        2376  u8g2_fonts.o(.constdata)
    u8g2_cb_r0                               0x0800c540   Data          12  u8g2_setup.o(.constdata)
    u8g2_cb_r1                               0x0800c54c   Data          12  u8g2_setup.o(.constdata)
    u8g2_cb_r2                               0x0800c558   Data          12  u8g2_setup.o(.constdata)
    u8g2_cb_r3                               0x0800c564   Data          12  u8g2_setup.o(.constdata)
    u8g2_cb_mirror                           0x0800c570   Data          12  u8g2_setup.o(.constdata)
    u8g2_cb_mirror_vertical                  0x0800c57c   Data          12  u8g2_setup.o(.constdata)
    __mathlib_zero                           0x0800c778   Data           8  qnan.o(.constdata)
    __ctype_categories                       0x0800c780   Data          64  ctype_c.o(.constdata)
    Region$$Table$$Base                      0x0800c808   Number         0  anon$$obj.o(Region$$Table)
    Region$$Table$$Limit                     0x0800c828   Number         0  anon$$obj.o(Region$$Table)
    controlTaskHandle                        0x20000000   Data           4  freertos.o(.data)
    uiTaskHandle                             0x20000004   Data           4  freertos.o(.data)
    bleTaskHandle                            0x20000008   Data           4  freertos.o(.data)
    nrfTaskHandle                            0x2000000c   Data           4  freertos.o(.data)
    espTaskHandle                            0x20000010   Data           4  freertos.o(.data)
    defaultTaskHandle                        0x20000014   Data           4  freertos.o(.data)
    uwTick                                   0x2000001c   Data           4  stm32f1xx_hal.o(.data)
    uwTickPrio                               0x20000020   Data           4  stm32f1xx_hal.o(.data)
    uwTickFreq                               0x20000024   Data           1  stm32f1xx_hal.o(.data)
    SystemCoreClock                          0x20000028   Data           4  system_stm32f1xx.o(.data)
    soft_spi                                 0x20000034   Data          20  nrf24l01.o(.data)
    buf                                      0x20000048   Data           5  nrf24l01.o(.data)
    send_count                               0x2000004e   Data           2  esp01.o(.data)
    esp_config_mode                          0x20000050   Data           2  esp01.o(.data)
    KalmanX                                  0x20000068   Data          72  filter.o(.data)
    KalmanY                                  0x200000b0   Data          72  filter.o(.data)
    angle                                    0x200000f8   Data           4  filter.o(.data)
    KEY_Message_Queue                        0x20000100   Data           4  control_task.o(.data)
    check_nrf                                0x20000118   Data           2  nrf_task.o(.data)
    check_tx                                 0x2000011a   Data           1  nrf_task.o(.data)
    pxCurrentTCB                             0x20000130   Data           4  tasks.o(.data)
    __stdout                                 0x20000190   Data           4  stdout.o(.data)
    hadc1                                    0x200003e8   Data          48  adc.o(.bss)
    hdma_adc1                                0x20000418   Data          68  adc.o(.bss)
    hi2c1                                    0x2000045c   Data          84  i2c.o(.bss)
    htim1                                    0x200004b0   Data          72  tim.o(.bss)
    htim2                                    0x200004f8   Data          72  tim.o(.bss)
    htim3                                    0x20000540   Data          72  tim.o(.bss)
    htim4                                    0x20000588   Data          72  tim.o(.bss)
    huart1                                   0x200005d0   Data          68  usart.o(.bss)
    huart2                                   0x20000614   Data          68  usart.o(.bss)
    huart3                                   0x20000658   Data          68  usart.o(.bss)
    hdma_usart2_rx                           0x2000069c   Data          68  usart.o(.bss)
    hdma_usart2_tx                           0x200006e0   Data          68  usart.o(.bss)
    hdma_usart3_rx                           0x20000724   Data          68  usart.o(.bss)
    hdma_usart3_tx                           0x20000768   Data          68  usart.o(.bss)
    ESP8266_Fram_Record_Struct               0x200007ac   Data        1026  esp01.o(.bss)
    balance_car                              0x20000bb0   Data          80  control_task.o(.bss)
    BLE_Receive_Buff                         0x20000c00   Data          20  ble_task.o(.bss)
    BLE_Solve_Buff                           0x20000c14   Data          20  ble_task.o(.bss)
    nrf_receive                              0x20000c28   Data          32  nrf_task.o(.bss)
    rc_data                                  0x20000c48   Data          36  nrf_task.o(.bss)
    ESP_Receive_Buff                         0x20000c6c   Data         200  esp_task.o(.bss)
    u8g2                                     0x200012b4   Data         148  u8g2_stm32_port.o(.bss)
    __initial_sp                             0x200040b8   Data           0  startup_stm32f103xb.o(STACK)



==============================================================================

Memory Map of the image

  Image Entry point : 0x080000ed

  Load Region LR_IROM1 (Base: 0x08000000, Size: 0x0000c9bc, Max: 0x00010000, ABSOLUTE, COMPRESSED[0x0000c864])

    Execution Region ER_IROM1 (Exec base: 0x08000000, Load base: 0x08000000, Size: 0x0000c828, Max: 0x00010000, ABSOLUTE)

    Exec Addr    Load Addr    Size         Type   Attr      Idx    E Section Name        Object

    0x08000000   0x08000000   0x000000ec   Data   RO            3    RESET               startup_stm32f103xb.o
    0x080000ec   0x080000ec   0x00000000   Code   RO         9063  * .ARM.Collect$$$$00000000  mc_w.l(entry.o)
    0x080000ec   0x080000ec   0x00000004   Code   RO         9408    .ARM.Collect$$$$00000001  mc_w.l(entry2.o)
    0x080000f0   0x080000f0   0x00000004   Code   RO         9411    .ARM.Collect$$$$00000004  mc_w.l(entry5.o)
    0x080000f4   0x080000f4   0x00000000   Code   RO         9413    .ARM.Collect$$$$00000008  mc_w.l(entry7b.o)
    0x080000f4   0x080000f4   0x00000000   Code   RO         9415    .ARM.Collect$$$$0000000A  mc_w.l(entry8b.o)
    0x080000f4   0x080000f4   0x00000008   Code   RO         9416    .ARM.Collect$$$$0000000B  mc_w.l(entry9a.o)
    0x080000fc   0x080000fc   0x00000000   Code   RO         9418    .ARM.Collect$$$$0000000D  mc_w.l(entry10a.o)
    0x080000fc   0x080000fc   0x00000000   Code   RO         9420    .ARM.Collect$$$$0000000F  mc_w.l(entry11a.o)
    0x080000fc   0x080000fc   0x00000004   Code   RO         9409    .ARM.Collect$$$$00002712  mc_w.l(entry2.o)
    0x08000100   0x08000100   0x00000096   Code   RO         8978    .emb_text           port.o
    0x08000196   0x08000196   0x00000002   PAD
    0x08000198   0x08000198   0x00000024   Code   RO            4    .text               startup_stm32f103xb.o
    0x080001bc   0x080001bc   0x00000020   Code   RO         9066    .text               mc_w.l(llushr.o)
    0x080001dc   0x080001dc   0x00000024   Code   RO         9068    .text               mc_w.l(memcpya.o)
    0x08000200   0x08000200   0x00000024   Code   RO         9072    .text               mc_w.l(memseta.o)
    0x08000224   0x08000224   0x00000018   Code   RO         9074    .text               mc_w.l(strcat.o)
    0x0800023c   0x0800023c   0x00000024   Code   RO         9076    .text               mc_w.l(strstr.o)
    0x08000260   0x08000260   0x0000000e   Code   RO         9078    .text               mc_w.l(strlen.o)
    0x0800026e   0x0800026e   0x00000012   Code   RO         9080    .text               mc_w.l(strcpy.o)
    0x08000280   0x08000280   0x00000038   Code   RO         9345    .text               mc_w.l(__0sscanf.o)
    0x080002b8   0x080002b8   0x0000014c   Code   RO         9347    .text               mc_w.l(_scanf_int.o)
    0x08000404   0x08000404   0x000000e0   Code   RO         9349    .text               mc_w.l(_scanf_str.o)
    0x080004e4   0x080004e4   0x000000b0   Code   RO         9351    .text               mf_w.l(fadd.o)
    0x08000594   0x08000594   0x00000064   Code   RO         9353    .text               mf_w.l(fmul.o)
    0x080005f8   0x080005f8   0x0000007c   Code   RO         9355    .text               mf_w.l(fdiv.o)
    0x08000674   0x08000674   0x0000014e   Code   RO         9357    .text               mf_w.l(dadd.o)
    0x080007c2   0x080007c2   0x000000e4   Code   RO         9359    .text               mf_w.l(dmul.o)
    0x080008a6   0x080008a6   0x000000de   Code   RO         9361    .text               mf_w.l(ddiv.o)
    0x08000984   0x08000984   0x00000012   Code   RO         9363    .text               mf_w.l(fflti.o)
    0x08000996   0x08000996   0x0000000a   Code   RO         9365    .text               mf_w.l(ffltui.o)
    0x080009a0   0x080009a0   0x00000022   Code   RO         9367    .text               mf_w.l(dflti.o)
    0x080009c2   0x080009c2   0x0000001a   Code   RO         9369    .text               mf_w.l(dfltui.o)
    0x080009dc   0x080009dc   0x00000032   Code   RO         9371    .text               mf_w.l(ffixi.o)
    0x08000a0e   0x08000a0e   0x00000028   Code   RO         9373    .text               mf_w.l(ffixui.o)
    0x08000a36   0x08000a36   0x00000026   Code   RO         9375    .text               mf_w.l(f2d.o)
    0x08000a5c   0x08000a5c   0x00000038   Code   RO         9377    .text               mf_w.l(d2f.o)
    0x08000a94   0x08000a94   0x00000014   Code   RO         9379    .text               mf_w.l(cfcmple.o)
    0x08000aa8   0x08000aa8   0x00000014   Code   RO         9381    .text               mf_w.l(cfrcmple.o)
    0x08000abc   0x08000abc   0x0000002c   Code   RO         9423    .text               mc_w.l(uidiv.o)
    0x08000ae8   0x08000ae8   0x00000062   Code   RO         9425    .text               mc_w.l(uldiv.o)
    0x08000b4a   0x08000b4a   0x0000001e   Code   RO         9427    .text               mc_w.l(llshl.o)
    0x08000b68   0x08000b68   0x00000024   Code   RO         9429    .text               mc_w.l(llsshr.o)
    0x08000b8c   0x08000b8c   0x0000001c   Code   RO         9438    .text               mc_w.l(_chval.o)
    0x08000ba8   0x08000ba8   0x00000028   Code   RO         9440    .text               mc_w.l(scanf_char.o)
    0x08000bd0   0x08000bd0   0x00000040   Code   RO         9442    .text               mc_w.l(_sgetc.o)
    0x08000c10   0x08000c10   0x00000000   Code   RO         9444    .text               mc_w.l(iusefp.o)
    0x08000c10   0x08000c10   0x0000006e   Code   RO         9445    .text               mf_w.l(fepilogue.o)
    0x08000c7e   0x08000c7e   0x000000ba   Code   RO         9447    .text               mf_w.l(depilogue.o)
    0x08000d38   0x08000d38   0x00000030   Code   RO         9449    .text               mf_w.l(dfixul.o)
    0x08000d68   0x08000d68   0x00000030   Code   RO         9451    .text               mf_w.l(cdrcmple.o)
    0x08000d98   0x08000d98   0x00000024   Code   RO         9457    .text               mc_w.l(init.o)
    0x08000dbc   0x08000dbc   0x0000000a   Code   RO         9459    .text               mc_w.l(isspace_c.o)
    0x08000dc6   0x08000dc6   0x00000002   PAD
    0x08000dc8   0x08000dc8   0x0000032c   Code   RO         9461    .text               mc_w.l(_scanf.o)
    0x080010f4   0x080010f4   0x0000002e   Code   RO         9463    .text               mf_w.l(dscalb.o)
    0x08001122   0x08001122   0x00000002   PAD
    0x08001124   0x08001124   0x00000028   Code   RO         9465    .text               mc_w.l(ctype_c.o)
    0x0800114c   0x0800114c   0x00000056   Code   RO         9476    .text               mc_w.l(__dczerorl2.o)
    0x080011a2   0x080011a2   0x0000005c   Code   RO          762    i.ADC_ConversionStop_Disable  stm32f1xx_hal_adc.o
    0x080011fe   0x080011fe   0x00000052   Code   RO          763    i.ADC_DMAConvCplt   stm32f1xx_hal_adc.o
    0x08001250   0x08001250   0x0000001e   Code   RO          764    i.ADC_DMAError      stm32f1xx_hal_adc.o
    0x0800126e   0x0800126e   0x0000000e   Code   RO          765    i.ADC_DMAHalfConvCplt  stm32f1xx_hal_adc.o
    0x0800127c   0x0800127c   0x00000090   Code   RO          766    i.ADC_Enable        stm32f1xx_hal_adc.o
    0x0800130c   0x0800130c   0x00000004   Code   RO          608    i.BusFault_Handler  stm32f1xx_it.o
    0x08001310   0x08001310   0x00000010   Code   RO          609    i.DMA1_Channel1_IRQHandler  stm32f1xx_it.o
    0x08001320   0x08001320   0x00000024   Code   RO         4692    i.DMA1_Channel2_IRQHandler  ble_task.o
    0x08001344   0x08001344   0x00000010   Code   RO          610    i.DMA1_Channel3_IRQHandler  stm32f1xx_it.o
    0x08001354   0x08001354   0x00000010   Code   RO          611    i.DMA1_Channel6_IRQHandler  stm32f1xx_it.o
    0x08001364   0x08001364   0x00000024   Code   RO         4787    i.DMA1_Channel7_IRQHandler  esp_task.o
    0x08001388   0x08001388   0x0000002c   Code   RO         1421    i.DMA_SetConfig     stm32f1xx_hal_dma.o
    0x080013b4   0x080013b4   0x00000002   Code   RO          612    i.DebugMon_Handler  stm32f1xx_it.o
    0x080013b6   0x080013b6   0x00000002   PAD
    0x080013b8   0x080013b8   0x000000e0   Code   RO         4636    i.Draw_Control_info  ui_task.o
    0x08001498   0x08001498   0x00000090   Code   RO         4637    i.Draw_Sys_info     ui_task.o
    0x08001528   0x08001528   0x00000094   Code   RO         4638    i.Draw_Wifi_info    ui_task.o
    0x080015bc   0x080015bc   0x00000034   Code   RO         4286    i.ESP8266_Create_Tcp_server  esp01.o
    0x080015f0   0x080015f0   0x00000040   Code   RO         4287    i.ESP8266_Enable_MultipleId  esp01.o
    0x08001630   0x08001630   0x00000078   Code   RO         4292    i.ESP8266_Net_Mode_Choose  esp01.o
    0x080016a8   0x080016a8   0x000000fc   Code   RO         4294    i.ESP8266_Send_AT_Cmd  esp01.o
    0x080017a4   0x080017a4   0x00000080   Code   RO         4788    i.ESP8266_TCP_AP_SET  esp_task.o
    0x08001824   0x08001824   0x0000000c   Code   RO          613    i.EXTI15_10_IRQHandler  stm32f1xx_it.o
    0x08001830   0x08001830   0x00000002   Code   RO           13    i.Error_Handler     main.o
    0x08001832   0x08001832   0x00000002   PAD
    0x08001834   0x08001834   0x00000160   Code   RO          768    i.HAL_ADC_ConfigChannel  stm32f1xx_hal_adc.o
    0x08001994   0x08001994   0x00000002   Code   RO         4405    i.HAL_ADC_ConvCpltCallback  bsp_adc.o
    0x08001996   0x08001996   0x00000002   Code   RO          770    i.HAL_ADC_ConvHalfCpltCallback  stm32f1xx_hal_adc.o
    0x08001998   0x08001998   0x00000002   Code   RO          772    i.HAL_ADC_ErrorCallback  stm32f1xx_hal_adc.o
    0x0800199a   0x0800199a   0x00000002   PAD
    0x0800199c   0x0800199c   0x00000144   Code   RO          777    i.HAL_ADC_Init      stm32f1xx_hal_adc.o
    0x08001ae0   0x08001ae0   0x000000b0   Code   RO          326    i.HAL_ADC_MspInit   adc.o
    0x08001b90   0x08001b90   0x00000180   Code   RO          784    i.HAL_ADC_Start_DMA  stm32f1xx_hal_adc.o
    0x08001d10   0x08001d10   0x00000056   Code   RO         1422    i.HAL_DMA_Abort     stm32f1xx_hal_dma.o
    0x08001d66   0x08001d66   0x00000002   PAD
    0x08001d68   0x08001d68   0x0000019c   Code   RO         1427    i.HAL_DMA_IRQHandler  stm32f1xx_hal_dma.o
    0x08001f04   0x08001f04   0x00000068   Code   RO         1428    i.HAL_DMA_Init      stm32f1xx_hal_dma.o
    0x08001f6c   0x08001f6c   0x0000009c   Code   RO         1432    i.HAL_DMA_Start_IT  stm32f1xx_hal_dma.o
    0x08002008   0x08002008   0x00000028   Code   RO         1045    i.HAL_Delay         stm32f1xx_hal.o
    0x08002030   0x08002030   0x00000040   Code   RO         4541    i.HAL_GPIO_EXTI_Callback  control_task.o
    0x08002070   0x08002070   0x0000001c   Code   RO         1357    i.HAL_GPIO_EXTI_IRQHandler  stm32f1xx_hal_gpio.o
    0x0800208c   0x0800208c   0x00000320   Code   RO         1358    i.HAL_GPIO_Init     stm32f1xx_hal_gpio.o
    0x080023ac   0x080023ac   0x00000010   Code   RO         1360    i.HAL_GPIO_ReadPin  stm32f1xx_hal_gpio.o
    0x080023bc   0x080023bc   0x0000000c   Code   RO         1362    i.HAL_GPIO_WritePin  stm32f1xx_hal_gpio.o
    0x080023c8   0x080023c8   0x0000000c   Code   RO         1049    i.HAL_GetTick       stm32f1xx_hal.o
    0x080023d4   0x080023d4   0x000001d0   Code   RO         2055    i.HAL_I2C_Init      stm32f1xx_hal_i2c.o
    0x080025a4   0x080025a4   0x00000170   Code   RO         2068    i.HAL_I2C_Master_Transmit  stm32f1xx_hal_i2c.o
    0x08002714   0x08002714   0x00000364   Code   RO         2073    i.HAL_I2C_Mem_Read  stm32f1xx_hal_i2c.o
    0x08002a78   0x08002a78   0x00000164   Code   RO         2076    i.HAL_I2C_Mem_Write  stm32f1xx_hal_i2c.o
    0x08002bdc   0x08002bdc   0x0000008c   Code   RO          392    i.HAL_I2C_MspInit   i2c.o
    0x08002c68   0x08002c68   0x00000018   Code   RO         1055    i.HAL_IncTick       stm32f1xx_hal.o
    0x08002c80   0x08002c80   0x00000028   Code   RO         1056    i.HAL_Init          stm32f1xx_hal.o
    0x08002ca8   0x08002ca8   0x0000004c   Code   RO         1057    i.HAL_InitTick      stm32f1xx_hal.o
    0x08002cf4   0x08002cf4   0x00000054   Code   RO          702    i.HAL_MspInit       stm32f1xx_hal_msp.o
    0x08002d48   0x08002d48   0x00000020   Code   RO         1518    i.HAL_NVIC_EnableIRQ  stm32f1xx_hal_cortex.o
    0x08002d68   0x08002d68   0x0000007c   Code   RO         1524    i.HAL_NVIC_SetPriority  stm32f1xx_hal_cortex.o
    0x08002de4   0x08002de4   0x00000028   Code   RO         1525    i.HAL_NVIC_SetPriorityGrouping  stm32f1xx_hal_cortex.o
    0x08002e0c   0x08002e0c   0x00000130   Code   RO         1321    i.HAL_RCCEx_PeriphCLKConfig  stm32f1xx_hal_rcc_ex.o
    0x08002f3c   0x08002f3c   0x0000018c   Code   RO         1213    i.HAL_RCC_ClockConfig  stm32f1xx_hal_rcc.o
    0x080030c8   0x080030c8   0x0000000c   Code   RO         1218    i.HAL_RCC_GetHCLKFreq  stm32f1xx_hal_rcc.o
    0x080030d4   0x080030d4   0x00000020   Code   RO         1220    i.HAL_RCC_GetPCLK1Freq  stm32f1xx_hal_rcc.o
    0x080030f4   0x080030f4   0x00000020   Code   RO         1221    i.HAL_RCC_GetPCLK2Freq  stm32f1xx_hal_rcc.o
    0x08003114   0x08003114   0x00000094   Code   RO         1222    i.HAL_RCC_GetSysClockFreq  stm32f1xx_hal_rcc.o
    0x080031a8   0x080031a8   0x00000464   Code   RO         1225    i.HAL_RCC_OscConfig  stm32f1xx_hal_rcc.o
    0x0800360c   0x0800360c   0x00000034   Code   RO         1529    i.HAL_SYSTICK_Config  stm32f1xx_hal_cortex.o
    0x08003640   0x08003640   0x00000002   Code   RO         3233    i.HAL_TIMEx_BreakCallback  stm32f1xx_hal_tim_ex.o
    0x08003642   0x08003642   0x00000002   Code   RO         3234    i.HAL_TIMEx_CommutCallback  stm32f1xx_hal_tim_ex.o
    0x08003644   0x08003644   0x00000074   Code   RO         3236    i.HAL_TIMEx_ConfigBreakDeadTime  stm32f1xx_hal_tim_ex.o
    0x080036b8   0x080036b8   0x00000084   Code   RO         3252    i.HAL_TIMEx_MasterConfigSynchronization  stm32f1xx_hal_tim_ex.o
    0x0800373c   0x0800373c   0x00000066   Code   RO         2518    i.HAL_TIM_Base_Init  stm32f1xx_hal_tim.o
    0x080037a2   0x080037a2   0x00000002   PAD
    0x080037a4   0x080037a4   0x000000ac   Code   RO          471    i.HAL_TIM_Base_MspInit  tim.o
    0x08003850   0x08003850   0x0000006c   Code   RO         2521    i.HAL_TIM_Base_Start  stm32f1xx_hal_tim.o
    0x080038bc   0x080038bc   0x00000078   Code   RO         2523    i.HAL_TIM_Base_Start_IT  stm32f1xx_hal_tim.o
    0x08003934   0x08003934   0x00000108   Code   RO         2527    i.HAL_TIM_ConfigClockSource  stm32f1xx_hal_tim.o
    0x08003a3c   0x08003a3c   0x000000c4   Code   RO         2539    i.HAL_TIM_Encoder_Init  stm32f1xx_hal_tim.o
    0x08003b00   0x08003b00   0x000000c8   Code   RO          473    i.HAL_TIM_Encoder_MspInit  tim.o
    0x08003bc8   0x08003bc8   0x000000cc   Code   RO         2542    i.HAL_TIM_Encoder_Start  stm32f1xx_hal_tim.o
    0x08003c94   0x08003c94   0x000000b4   Code   RO         4446    i.HAL_TIM_IC_CaptureCallback  hc_sr04.o
    0x08003d48   0x08003d48   0x000000d4   Code   RO         2554    i.HAL_TIM_IC_ConfigChannel  stm32f1xx_hal_tim.o
    0x08003e1c   0x08003e1c   0x00000066   Code   RO         2557    i.HAL_TIM_IC_Init   stm32f1xx_hal_tim.o
    0x08003e82   0x08003e82   0x00000002   Code   RO         2559    i.HAL_TIM_IC_MspInit  stm32f1xx_hal_tim.o
    0x08003e84   0x08003e84   0x00000158   Code   RO         2562    i.HAL_TIM_IC_Start_IT  stm32f1xx_hal_tim.o
    0x08003fdc   0x08003fdc   0x00000196   Code   RO         2566    i.HAL_TIM_IRQHandler  stm32f1xx_hal_tim.o
    0x08004172   0x08004172   0x00000002   PAD
    0x08004174   0x08004174   0x00000058   Code   RO          474    i.HAL_TIM_MspPostInit  tim.o
    0x080041cc   0x080041cc   0x00000002   Code   RO         2569    i.HAL_TIM_OC_DelayElapsedCallback  stm32f1xx_hal_tim.o
    0x080041ce   0x080041ce   0x000000fc   Code   RO         2590    i.HAL_TIM_PWM_ConfigChannel  stm32f1xx_hal_tim.o
    0x080042ca   0x080042ca   0x00000066   Code   RO         2593    i.HAL_TIM_PWM_Init  stm32f1xx_hal_tim.o
    0x08004330   0x08004330   0x00000002   Code   RO         2595    i.HAL_TIM_PWM_MspInit  stm32f1xx_hal_tim.o
    0x08004332   0x08004332   0x00000002   Code   RO         2596    i.HAL_TIM_PWM_PulseFinishedCallback  stm32f1xx_hal_tim.o
    0x08004334   0x08004334   0x000000d4   Code   RO         2598    i.HAL_TIM_PWM_Start  stm32f1xx_hal_tim.o
    0x08004408   0x08004408   0x00000010   Code   RO         4447    i.HAL_TIM_PeriodElapsedCallback  hc_sr04.o
    0x08004418   0x08004418   0x00000002   Code   RO         2609    i.HAL_TIM_TriggerCallback  stm32f1xx_hal_tim.o
    0x0800441a   0x0800441a   0x00000002   Code   RO         3511    i.HAL_UARTEx_RxEventCallback  stm32f1xx_hal_uart.o
    0x0800441c   0x0800441c   0x00000066   Code   RO         3523    i.HAL_UART_DMAStop  stm32f1xx_hal_uart.o
    0x08004482   0x08004482   0x00000002   Code   RO         3525    i.HAL_UART_ErrorCallback  stm32f1xx_hal_uart.o
    0x08004484   0x08004484   0x00000072   Code   RO         3529    i.HAL_UART_Init     stm32f1xx_hal_uart.o
    0x080044f6   0x080044f6   0x00000002   PAD
    0x080044f8   0x080044f8   0x0000027c   Code   RO          549    i.HAL_UART_MspInit  usart.o
    0x08004774   0x08004774   0x00000042   Code   RO         3533    i.HAL_UART_Receive_DMA  stm32f1xx_hal_uart.o
    0x080047b6   0x080047b6   0x00000002   Code   RO         3535    i.HAL_UART_RxCpltCallback  stm32f1xx_hal_uart.o
    0x080047b8   0x080047b8   0x00000002   Code   RO         3536    i.HAL_UART_RxHalfCpltCallback  stm32f1xx_hal_uart.o
    0x080047ba   0x080047ba   0x000000d2   Code   RO         3537    i.HAL_UART_Transmit  stm32f1xx_hal_uart.o
    0x0800488c   0x0800488c   0x00000004   Code   RO          614    i.HardFault_Handler  stm32f1xx_it.o
    0x08004890   0x08004890   0x0000003e   Code   RO         2098    i.I2C_IsAcknowledgeFailed  stm32f1xx_hal_i2c.o
    0x080048ce   0x080048ce   0x00000002   PAD
    0x080048d0   0x080048d0   0x000000c0   Code   RO         2102    i.I2C_MasterRequestWrite  stm32f1xx_hal_i2c.o
    0x08004990   0x08004990   0x00000160   Code   RO         2109    i.I2C_RequestMemoryRead  stm32f1xx_hal_i2c.o
    0x08004af0   0x08004af0   0x000000e0   Code   RO         2110    i.I2C_RequestMemoryWrite  stm32f1xx_hal_i2c.o
    0x08004bd0   0x08004bd0   0x0000005c   Code   RO         2118    i.I2C_WaitOnBTFFlagUntilTimeout  stm32f1xx_hal_i2c.o
    0x08004c2c   0x08004c2c   0x00000086   Code   RO         2119    i.I2C_WaitOnFlagUntilTimeout  stm32f1xx_hal_i2c.o
    0x08004cb2   0x08004cb2   0x000000c4   Code   RO         2120    i.I2C_WaitOnMasterAddressFlagUntilTimeout  stm32f1xx_hal_i2c.o
    0x08004d76   0x08004d76   0x00000080   Code   RO         2121    i.I2C_WaitOnRXNEFlagUntilTimeout  stm32f1xx_hal_i2c.o
    0x08004df6   0x08004df6   0x0000005c   Code   RO         2124    i.I2C_WaitOnTXEFlagUntilTimeout  stm32f1xx_hal_i2c.o
    0x08004e52   0x08004e52   0x0000021c   Code   RO         4506    i.Kalman_getAngle   filter.o
    0x0800506e   0x0800506e   0x00000002   PAD
    0x08005070   0x08005070   0x0000009c   Code   RO         3904    i.KeyScan           bsp_key.o
    0x0800510c   0x0800510c   0x000000a0   Code   RO          327    i.MX_ADC1_Init      adc.o
    0x080051ac   0x080051ac   0x00000074   Code   RO          367    i.MX_DMA_Init       dma.o
    0x08005220   0x08005220   0x000000b8   Code   RO          241    i.MX_FREERTOS_Init  freertos.o
    0x080052d8   0x080052d8   0x0000014c   Code   RO          217    i.MX_GPIO_Init      gpio.o
    0x08005424   0x08005424   0x0000003c   Code   RO          393    i.MX_I2C1_Init      i2c.o
    0x08005460   0x08005460   0x000000e8   Code   RO          475    i.MX_TIM1_Init      tim.o
    0x08005548   0x08005548   0x00000078   Code   RO          476    i.MX_TIM2_Init      tim.o
    0x080055c0   0x080055c0   0x000000a0   Code   RO          477    i.MX_TIM3_Init      tim.o
    0x08005660   0x08005660   0x0000007c   Code   RO          478    i.MX_TIM4_Init      tim.o
    0x080056dc   0x080056dc   0x00000038   Code   RO          550    i.MX_USART1_UART_Init  usart.o
    0x08005714   0x08005714   0x00000038   Code   RO          551    i.MX_USART2_UART_Init  usart.o
    0x0800574c   0x0800574c   0x00000038   Code   RO          552    i.MX_USART3_UART_Init  usart.o
    0x08005784   0x08005784   0x00000004   Code   RO          615    i.MemManage_Handler  stm32f1xx_it.o
    0x08005788   0x08005788   0x00000002   Code   RO          616    i.NMI_Handler       stm32f1xx_it.o
    0x0800578a   0x0800578a   0x00000002   PAD
    0x0800578c   0x0800578c   0x00000040   Code   RO         4103    i.NRF24L01_Check    nrf24l01.o
    0x080057cc   0x080057cc   0x0000001c   Code   RO         4104    i.NRF24L01_Init     nrf24l01.o
    0x080057e8   0x080057e8   0x00000050   Code   RO         4105    i.NRF24L01_RX_Mode  nrf24l01.o
    0x08005838   0x08005838   0x00000038   Code   RO         4106    i.NRF24L01_Read_Buf  nrf24l01.o
    0x08005870   0x08005870   0x00000022   Code   RO         4107    i.NRF24L01_Read_Reg  nrf24l01.o
    0x08005892   0x08005892   0x00000034   Code   RO         4108    i.NRF24L01_RxPacket  nrf24l01.o
    0x080058c6   0x080058c6   0x00000038   Code   RO         4111    i.NRF24L01_Write_Buf  nrf24l01.o
    0x080058fe   0x080058fe   0x00000024   Code   RO         4112    i.NRF24L01_Write_Reg  nrf24l01.o
    0x08005922   0x08005922   0x00000002   PAD
    0x08005924   0x08005924   0x00000028   Code   RO         1226    i.RCC_Delay         stm32f1xx_hal_rcc.o
    0x0800594c   0x0800594c   0x0000000a   Code   RO          242    i.StartDefaultTask  freertos.o
    0x08005956   0x08005956   0x00000014   Code   RO          617    i.SysTick_Handler   stm32f1xx_it.o
    0x0800596a   0x0800596a   0x00000084   Code   RO           14    i.SystemClock_Config  main.o
    0x080059ee   0x080059ee   0x00000002   Code   RO         3868    i.SystemInit        system_stm32f1xx.o
    0x080059f0   0x080059f0   0x00000010   Code   RO          618    i.TIM3_IRQHandler   stm32f1xx_it.o
    0x08005a00   0x08005a00   0x00000074   Code   RO         2611    i.TIM_Base_SetConfig  stm32f1xx_hal_tim.o
    0x08005a74   0x08005a74   0x00000022   Code   RO         2612    i.TIM_CCxChannelCmd  stm32f1xx_hal_tim.o
    0x08005a96   0x08005a96   0x00000016   Code   RO         2622    i.TIM_ETR_SetConfig  stm32f1xx_hal_tim.o
    0x08005aac   0x08005aac   0x00000012   Code   RO         2623    i.TIM_ITRx_SetConfig  stm32f1xx_hal_tim.o
    0x08005abe   0x08005abe   0x00000002   PAD
    0x08005ac0   0x08005ac0   0x00000060   Code   RO         2624    i.TIM_OC1_SetConfig  stm32f1xx_hal_tim.o
    0x08005b20   0x08005b20   0x00000068   Code   RO         2625    i.TIM_OC2_SetConfig  stm32f1xx_hal_tim.o
    0x08005b88   0x08005b88   0x00000068   Code   RO         2626    i.TIM_OC3_SetConfig  stm32f1xx_hal_tim.o
    0x08005bf0   0x08005bf0   0x00000048   Code   RO         2627    i.TIM_OC4_SetConfig  stm32f1xx_hal_tim.o
    0x08005c38   0x08005c38   0x00000026   Code   RO         2629    i.TIM_TI1_ConfigInputStage  stm32f1xx_hal_tim.o
    0x08005c5e   0x08005c5e   0x00000002   PAD
    0x08005c60   0x08005c60   0x00000068   Code   RO         2630    i.TIM_TI1_SetConfig  stm32f1xx_hal_tim.o
    0x08005cc8   0x08005cc8   0x00000028   Code   RO         2631    i.TIM_TI2_ConfigInputStage  stm32f1xx_hal_tim.o
    0x08005cf0   0x08005cf0   0x0000003a   Code   RO         2632    i.TIM_TI2_SetConfig  stm32f1xx_hal_tim.o
    0x08005d2a   0x08005d2a   0x00000038   Code   RO         2633    i.TIM_TI3_SetConfig  stm32f1xx_hal_tim.o
    0x08005d62   0x08005d62   0x0000003c   Code   RO         2634    i.TIM_TI4_SetConfig  stm32f1xx_hal_tim.o
    0x08005d9e   0x08005d9e   0x00000050   Code   RO         3543    i.UART_DMAError     stm32f1xx_hal_uart.o
    0x08005dee   0x08005dee   0x00000068   Code   RO         3544    i.UART_DMAReceiveCplt  stm32f1xx_hal_uart.o
    0x08005e56   0x08005e56   0x00000020   Code   RO         3546    i.UART_DMARxHalfCplt  stm32f1xx_hal_uart.o
    0x08005e76   0x08005e76   0x00000036   Code   RO         3552    i.UART_EndRxTransfer  stm32f1xx_hal_uart.o
    0x08005eac   0x08005eac   0x00000014   Code   RO         3554    i.UART_EndTxTransfer  stm32f1xx_hal_uart.o
    0x08005ec0   0x08005ec0   0x000000fc   Code   RO         3556    i.UART_SetConfig    stm32f1xx_hal_uart.o
    0x08005fbc   0x08005fbc   0x00000098   Code   RO         3557    i.UART_Start_Receive_DMA  stm32f1xx_hal_uart.o
    0x08006054   0x08006054   0x0000006c   Code   RO         3560    i.UART_WaitOnFlagUntilTimeout  stm32f1xx_hal_uart.o
    0x080060c0   0x080060c0   0x00000128   Code   RO         4789    i.USART2_IRQHandler  esp_task.o
    0x080061e8   0x080061e8   0x000000b4   Code   RO         4693    i.USART3_IRQHandler  ble_task.o
    0x0800629c   0x0800629c   0x00000004   Code   RO          619    i.UsageFault_Handler  stm32f1xx_it.o
    0x080062a0   0x080062a0   0x00000020   Code   RO         9317    i.__0printf         mc_w.l(printfa.o)
    0x080062c0   0x080062c0   0x00000028   Code   RO         9319    i.__0sprintf        mc_w.l(printfa.o)
    0x080062e8   0x080062e8   0x00000028   Code   RO         9453    i.__ARM_fpclassify  m_ws.l(fpclassify.o)
    0x08006310   0x08006310   0x00000010   Code   RO         1531    i.__NVIC_GetPriorityGrouping  stm32f1xx_hal_cortex.o
    0x08006320   0x08006320   0x00000028   Code   RO         1532    i.__NVIC_SetPriority  stm32f1xx_hal_cortex.o
    0x08006348   0x08006348   0x000000aa   Code   RO         9455    i.__kernel_poly     m_ws.l(poly.o)
    0x080063f2   0x080063f2   0x00000006   Code   RO         9394    i.__mathlib_dbl_infnan  m_ws.l(dunder.o)
    0x080063f8   0x080063f8   0x00000004   Code   RO         9395    i.__mathlib_dbl_infnan2  m_ws.l(dunder.o)
    0x080063fc   0x080063fc   0x00000010   Code   RO         9399    i.__mathlib_dbl_underflow  m_ws.l(dunder.o)
    0x0800640c   0x0800640c   0x0000000e   Code   RO         9470    i.__scatterload_copy  mc_w.l(handlers.o)
    0x0800641a   0x0800641a   0x00000002   Code   RO         9471    i.__scatterload_null  mc_w.l(handlers.o)
    0x0800641c   0x0800641c   0x0000000e   Code   RO         9472    i.__scatterload_zeroinit  mc_w.l(handlers.o)
    0x0800642a   0x0800642a   0x00000002   PAD
    0x0800642c   0x0800642c   0x00000184   Code   RO         9324    i._fp_digits        mc_w.l(printfa.o)
    0x080065b0   0x080065b0   0x000006dc   Code   RO         9325    i._printf_core      mc_w.l(printfa.o)
    0x08006c8c   0x08006c8c   0x00000024   Code   RO         9326    i._printf_post_padding  mc_w.l(printfa.o)
    0x08006cb0   0x08006cb0   0x0000002e   Code   RO         9327    i._printf_pre_padding  mc_w.l(printfa.o)
    0x08006cde   0x08006cde   0x0000000a   Code   RO         9329    i._sputc            mc_w.l(printfa.o)
    0x08006ce8   0x08006ce8   0x00000018   Code   RO         4406    i.adc_convert       bsp_adc.o
    0x08006d00   0x08006d00   0x00000078   Code   RO         4542    i.angle_control     control_task.o
    0x08006d78   0x08006d78   0x00000220   Code   RO         9384    i.atan              m_ws.l(atan.o)
    0x08006f98   0x08006f98   0x00000180   Code   RO         9056    i.atan2             m_ws.l(atan2.o)
    0x08007118   0x08007118   0x00000160   Code   RO         4694    i.ble_task          ble_task.o
    0x08007278   0x08007278   0x000002f4   Code   RO         4543    i.control_task      control_task.o
    0x0800756c   0x0800756c   0x00000014   Code   RO          394    i.create_i2c_mutex  i2c.o
    0x08007580   0x08007580   0x00000018   Code   RO         4297    i.esp01_uart_send_data  esp01.o
    0x08007598   0x08007598   0x000000c0   Code   RO         4790    i.esp_task          esp_task.o
    0x08007658   0x08007658   0x00000038   Code   RO         4791    i.extractData       esp_task.o
    0x08007690   0x08007690   0x0000001c   Code   RO          553    i.fputc             usart.o
    0x080076ac   0x080076ac   0x0000000c   Code   RO         4544    i.get_car_angle     control_task.o
    0x080076b8   0x080076b8   0x00000008   Code   RO         4545    i.get_car_statu     control_task.o
    0x080076c0   0x080076c0   0x0000000c   Code   RO         4298    i.get_esp_config_mode  esp01.o
    0x080076cc   0x080076cc   0x00000024   Code   RO         4449    i.get_hcsr04_mm     hc_sr04.o
    0x080076f0   0x080076f0   0x00000014   Code   RO         4114    i.get_miso_level    nrf24l01.o
    0x08007704   0x08007704   0x00000048   Code   RO         4407    i.get_power_value   bsp_adc.o
    0x0800774c   0x0800774c   0x00000008   Code   RO         4732    i.get_rc_data       nrf_task.o
    0x08007754   0x08007754   0x0000000c   Code   RO         4299    i.get_send_count    esp01.o
    0x08007760   0x08007760   0x00000020   Code   RO         4450    i.hc_sr04_init      hc_sr04.o
    0x08007780   0x08007780   0x00000040   Code   RO           15    i.main              main.o
    0x080077c0   0x080077c0   0x0000000e   Code   RO         8538    i.makeFreeRtosPriority  cmsis_os.o
    0x080077ce   0x080077ce   0x00000002   PAD
    0x080077d0   0x080077d0   0x00000038   Code   RO         4064    i.motor_init        bsp_motor.o
    0x08007808   0x08007808   0x00000090   Code   RO         4065    i.motor_set_pwm     bsp_motor.o
    0x08007898   0x08007898   0x0000000c   Code   RO         3971    i.mpu6050_delay_ms  mpu6050.o
    0x080078a4   0x080078a4   0x00000058   Code   RO         3972    i.mpu6050_get_acc   mpu6050.o
    0x080078fc   0x080078fc   0x00000058   Code   RO         3973    i.mpu6050_get_gyro  mpu6050.o
    0x08007954   0x08007954   0x0000007e   Code   RO         3975    i.mpu6050_init      mpu6050.o
    0x080079d2   0x080079d2   0x00000018   Code   RO         3976    i.mpu6050_read_bytes  mpu6050.o
    0x080079ea   0x080079ea   0x00000014   Code   RO         3977    i.mpu6050_read_one_byte  mpu6050.o
    0x080079fe   0x080079fe   0x00000012   Code   RO         3978    i.mpu6050_set_acc_fsr  mpu6050.o
    0x08007a10   0x08007a10   0x00000016   Code   RO         3979    i.mpu6050_set_gyro_fsr  mpu6050.o
    0x08007a26   0x08007a26   0x0000003c   Code   RO         3980    i.mpu6050_set_lpf   mpu6050.o
    0x08007a62   0x08007a62   0x0000003a   Code   RO         3981    i.mpu6050_set_rate  mpu6050.o
    0x08007a9c   0x08007a9c   0x00000012   Code   RO         3982    i.mpu6050_write_one_byte  mpu6050.o
    0x08007aae   0x08007aae   0x00000002   PAD
    0x08007ab0   0x08007ab0   0x00000014   Code   RO         4734    i.nrf_data_init     nrf_task.o
    0x08007ac4   0x08007ac4   0x00000018   Code   RO         4115    i.nrf_read_write_byte  nrf24l01.o
    0x08007adc   0x08007adc   0x0000015c   Code   RO         4735    i.nrf_receive_data_unpack  nrf_task.o
    0x08007c38   0x08007c38   0x00000002   Code   RO         4116    i.nrf_spi_init      nrf24l01.o
    0x08007c3a   0x08007c3a   0x00000002   PAD
    0x08007c3c   0x08007c3c   0x00000034   Code   RO         4736    i.nrf_task          nrf_task.o
    0x08007c70   0x08007c70   0x00000018   Code   RO         8540    i.osDelay           cmsis_os.o
    0x08007c88   0x08007c88   0x0000000a   Code   RO         8543    i.osKernelStart     cmsis_os.o
    0x08007c92   0x08007c92   0x0000005e   Code   RO         8577    i.osThreadCreate    cmsis_os.o
    0x08007cf0   0x08007cf0   0x00000030   Code   RO         8184    i.pcTaskGetName     tasks.o
    0x08007d20   0x08007d20   0x000000a4   Code   RO         8185    i.prvAddCurrentTaskToDelayedList  tasks.o
    0x08007dc4   0x08007dc4   0x000000b4   Code   RO         8186    i.prvAddNewTaskToReadyList  tasks.o
    0x08007e78   0x08007e78   0x00000048   Code   RO         8187    i.prvCheckTasksWaitingTermination  tasks.o
    0x08007ec0   0x08007ec0   0x0000002a   Code   RO         7853    i.prvCopyDataFromQueue  queue.o
    0x08007eea   0x08007eea   0x0000007c   Code   RO         7854    i.prvCopyDataToQueue  queue.o
    0x08007f66   0x08007f66   0x00000050   Code   RO         8188    i.prvDeleteTCB      tasks.o
    0x08007fb6   0x08007fb6   0x00000014   Code   RO         7855    i.prvGetDisinheritPriorityAfterTimeout  queue.o
    0x08007fca   0x08007fca   0x00000002   PAD
    0x08007fcc   0x08007fcc   0x0000007c   Code   RO         8917    i.prvHeapInit       heap_4.o
    0x08008048   0x08008048   0x00000028   Code   RO         8189    i.prvIdleTask       tasks.o
    0x08008070   0x08008070   0x0000001c   Code   RO         7856    i.prvInitialiseMutex  queue.o
    0x0800808c   0x0800808c   0x00000026   Code   RO         7857    i.prvInitialiseNewQueue  queue.o
    0x080080b2   0x080080b2   0x000000b8   Code   RO         8190    i.prvInitialiseNewTask  tasks.o
    0x0800816a   0x0800816a   0x00000002   PAD
    0x0800816c   0x0800816c   0x00000068   Code   RO         8191    i.prvInitialiseTaskLists  tasks.o
    0x080081d4   0x080081d4   0x00000068   Code   RO         8918    i.prvInsertBlockIntoFreeList  heap_4.o
    0x0800823c   0x0800823c   0x0000001a   Code   RO         7858    i.prvIsQueueEmpty   queue.o
    0x08008256   0x08008256   0x0000001e   Code   RO         7859    i.prvIsQueueFull    queue.o
    0x08008274   0x08008274   0x00000034   Code   RO         8192    i.prvResetNextTaskUnblockTime  tasks.o
    0x080082a8   0x080082a8   0x0000009e   Code   RO         8193    i.prvSearchForNameWithinSingleList  tasks.o
    0x08008346   0x08008346   0x00000002   PAD
    0x08008348   0x08008348   0x00000040   Code   RO         8979    i.prvTaskExitError  port.o
    0x08008388   0x08008388   0x0000007e   Code   RO         7860    i.prvUnlockQueue    queue.o
    0x08008406   0x08008406   0x00000002   PAD
    0x08008408   0x08008408   0x0000013c   Code   RO         8919    i.pvPortMalloc      heap_4.o
    0x08008544   0x08008544   0x00000020   Code   RO         8196    i.pvTaskIncrementMutexHeldCount  tasks.o
    0x08008564   0x08008564   0x00000024   Code   RO         8980    i.pxPortInitialiseStack  port.o
    0x08008588   0x08008588   0x00000040   Code   RO         4066    i.read_encoder      bsp_motor.o
    0x080085c8   0x080085c8   0x00000028   Code   RO         4546    i.set_car_pid       control_task.o
    0x080085f0   0x080085f0   0x0000000c   Code   RO         4547    i.set_car_speed     control_task.o
    0x080085fc   0x080085fc   0x0000000c   Code   RO         4548    i.set_car_turn      control_task.o
    0x08008608   0x08008608   0x00000024   Code   RO         4117    i.set_ce_level      nrf24l01.o
    0x0800862c   0x0800862c   0x00000024   Code   RO         4118    i.set_csn_level     nrf24l01.o
    0x08008650   0x08008650   0x0000004c   Code   RO         4549    i.set_dead_time_pwm  control_task.o
    0x0800869c   0x0800869c   0x00000024   Code   RO         4119    i.set_mosi_level    nrf24l01.o
    0x080086c0   0x080086c0   0x00000024   Code   RO         4120    i.set_sck_level     nrf24l01.o
    0x080086e4   0x080086e4   0x00000012   Code   RO         4236    i.soft_spi_init     bsp_soft_spi.o
    0x080086f6   0x080086f6   0x00000146   Code   RO         4237    i.soft_spi_read_write_byte  bsp_soft_spi.o
    0x0800883c   0x0800883c   0x00000148   Code   RO         4550    i.speed_control     control_task.o
    0x08008984   0x08008984   0x0000002c   Code   RO         4451    i.trig_send_pluse   hc_sr04.o
    0x080089b0   0x080089b0   0x0000004a   Code   RO         4551    i.turn_control      control_task.o
    0x080089fa   0x080089fa   0x00000002   PAD
    0x080089fc   0x080089fc   0x00000034   Code   RO         7669    i.u8g2Init          u8g2_stm32_port.o
    0x08008a30   0x08008a30   0x0000001a   Code   RO         5655    i.u8g2_ClearBuffer  u8g2_buffer.o
    0x08008a4a   0x08008a4a   0x00000062   Code   RO         5906    i.u8g2_DrawGlyph    u8g2_font.o
    0x08008aac   0x08008aac   0x000000dc   Code   RO         6256    i.u8g2_DrawHVLine   u8g2_hvline.o
    0x08008b88   0x08008b88   0x000000e8   Code   RO         5579    i.u8g2_DrawHXBMP    u8g2_bitmap.o
    0x08008c70   0x08008c70   0x00000024   Code   RO         5908    i.u8g2_DrawStr      u8g2_font.o
    0x08008c94   0x08008c94   0x00000058   Code   RO         5582    i.u8g2_DrawXBMP     u8g2_bitmap.o
    0x08008cec   0x08008cec   0x0000003a   Code   RO         6317    i.u8g2_IsIntersection  u8g2_intersection.o
    0x08008d26   0x08008d26   0x00000012   Code   RO         5658    i.u8g2_SendBuffer   u8g2_buffer.o
    0x08008d38   0x08008d38   0x00000020   Code   RO         5927    i.u8g2_SetFont      u8g2_font.o
    0x08008d58   0x08008d58   0x0000000c   Code   RO         5930    i.u8g2_SetFontPosBaseline  u8g2_font.o
    0x08008d64   0x08008d64   0x00000020   Code   RO         6532    i.u8g2_SetMaxClipWindow  u8g2_setup.o
    0x08008d84   0x08008d84   0x0000005a   Code   RO         6533    i.u8g2_SetupBuffer  u8g2_setup.o
    0x08008dde   0x08008dde   0x00000002   PAD
    0x08008de0   0x08008de0   0x00000044   Code   RO         5867    i.u8g2_Setup_ssd1306_i2c_128x64_noname_f  u8g2_d_setup.o
    0x08008e24   0x08008e24   0x00000088   Code   RO         5937    i.u8g2_UpdateRefHeight  u8g2_font.o
    0x08008eac   0x08008eac   0x0000002a   Code   RO         5938    i.u8g2_add_vector_x  u8g2_font.o
    0x08008ed6   0x08008ed6   0x0000002a   Code   RO         5939    i.u8g2_add_vector_y  u8g2_font.o
    0x08008f00   0x08008f00   0x0000007a   Code   RO         6535    i.u8g2_apply_clip_window  u8g2_setup.o
    0x08008f7a   0x08008f7a   0x0000004c   Code   RO         6260    i.u8g2_clip_intersection2  u8g2_hvline.o
    0x08008fc6   0x08008fc6   0x0000002c   Code   RO         6261    i.u8g2_draw_hv_line_2dir  u8g2_hvline.o
    0x08008ff2   0x08008ff2   0x0000003c   Code   RO         6536    i.u8g2_draw_l90_mirrorr_r0  u8g2_setup.o
    0x0800902e   0x0800902e   0x00000024   Code   RO         6537    i.u8g2_draw_l90_r0  u8g2_setup.o
    0x08009052   0x08009052   0x00000044   Code   RO         6538    i.u8g2_draw_l90_r1  u8g2_setup.o
    0x08009096   0x08009096   0x00000056   Code   RO         6539    i.u8g2_draw_l90_r2  u8g2_setup.o
    0x080090ec   0x080090ec   0x00000050   Code   RO         6540    i.u8g2_draw_l90_r3  u8g2_setup.o
    0x0800913c   0x0800913c   0x0000003c   Code   RO         6541    i.u8g2_draw_mirror_vertical_r0  u8g2_setup.o
    0x08009178   0x08009178   0x00000090   Code   RO         5940    i.u8g2_draw_string  u8g2_font.o
    0x08009208   0x08009208   0x00000006   Code   RO         5947    i.u8g2_font_calc_vref_font  u8g2_font.o
    0x0800920e   0x0800920e   0x00000024   Code   RO         5949    i.u8g2_font_decode_get_signed_bits  u8g2_font.o
    0x08009232   0x08009232   0x00000042   Code   RO         5950    i.u8g2_font_decode_get_unsigned_bits  u8g2_font.o
    0x08009274   0x08009274   0x00000182   Code   RO         5951    i.u8g2_font_decode_glyph  u8g2_font.o
    0x080093f6   0x080093f6   0x000000b0   Code   RO         5952    i.u8g2_font_decode_len  u8g2_font.o
    0x080094a6   0x080094a6   0x0000003a   Code   RO         5953    i.u8g2_font_draw_glyph  u8g2_font.o
    0x080094e0   0x080094e0   0x00000008   Code   RO         5954    i.u8g2_font_get_byte  u8g2_font.o
    0x080094e8   0x080094e8   0x00000092   Code   RO         5955    i.u8g2_font_get_glyph_data  u8g2_font.o
    0x0800957a   0x0800957a   0x00000018   Code   RO         5956    i.u8g2_font_get_word  u8g2_font.o
    0x08009592   0x08009592   0x00000040   Code   RO         5957    i.u8g2_font_setup_decode  u8g2_font.o
    0x080095d2   0x080095d2   0x00000030   Code   RO         6318    i.u8g2_is_intersection_decision_tree  u8g2_intersection.o
    0x08009602   0x08009602   0x000000ee   Code   RO         6366    i.u8g2_ll_hvline_vertical_top_lsb  u8g2_ll_hvline.o
    0x080096f0   0x080096f0   0x00000010   Code   RO         5839    i.u8g2_m_16_8_f     u8g2_d_memory.o
    0x08009700   0x08009700   0x000000e0   Code   RO         5959    i.u8g2_read_font_info  u8g2_font.o
    0x080097e0   0x080097e0   0x00000036   Code   RO         5666    i.u8g2_send_buffer  u8g2_buffer.o
    0x08009816   0x08009816   0x00000036   Code   RO         5667    i.u8g2_send_tile_row  u8g2_buffer.o
    0x0800984c   0x0800984c   0x00000060   Code   RO         6542    i.u8g2_update_dimension_common  u8g2_setup.o
    0x080098ac   0x080098ac   0x0000000c   Code   RO         6543    i.u8g2_update_dimension_r0  u8g2_setup.o
    0x080098b8   0x080098b8   0x0000001c   Code   RO         6544    i.u8g2_update_dimension_r1  u8g2_setup.o
    0x080098d4   0x080098d4   0x0000000c   Code   RO         6545    i.u8g2_update_dimension_r2  u8g2_setup.o
    0x080098e0   0x080098e0   0x0000001c   Code   RO         6546    i.u8g2_update_dimension_r3  u8g2_setup.o
    0x080098fc   0x080098fc   0x00000020   Code   RO         6547    i.u8g2_update_page_win_r0  u8g2_setup.o
    0x0800991c   0x0800991c   0x00000020   Code   RO         6548    i.u8g2_update_page_win_r1  u8g2_setup.o
    0x0800993c   0x0800993c   0x0000003c   Code   RO         6549    i.u8g2_update_page_win_r2  u8g2_setup.o
    0x08009978   0x08009978   0x0000003c   Code   RO         6550    i.u8g2_update_page_win_r3  u8g2_setup.o
    0x080099b4   0x080099b4   0x00000032   Code   RO         7368    i.u8x8_DrawTile     u8x8_display.o
    0x080099e6   0x080099e6   0x00000012   Code   RO         7370    i.u8x8_InitDisplay  u8x8_display.o
    0x080099f8   0x080099f8   0x00000012   Code   RO         7372    i.u8x8_RefreshDisplay  u8x8_display.o
    0x08009a0a   0x08009a0a   0x00000014   Code   RO         7375    i.u8x8_SetPowerSave  u8x8_display.o
    0x08009a1e   0x08009a1e   0x0000002a   Code   RO         7546    i.u8x8_Setup        u8x8_setup.o
    0x08009a48   0x08009a48   0x0000002c   Code   RO         7547    i.u8x8_SetupDefaults  u8x8_setup.o
    0x08009a74   0x08009a74   0x00000012   Code   RO         7376    i.u8x8_SetupMemory  u8x8_display.o
    0x08009a86   0x08009a86   0x00000012   Code   RO         6834    i.u8x8_ascii_next   u8x8_8x8.o
    0x08009a98   0x08009a98   0x00000012   Code   RO         6970    i.u8x8_byte_EndTransfer  u8x8_byte.o
    0x08009aaa   0x08009aaa   0x00000010   Code   RO         6971    i.u8x8_byte_SendByte  u8x8_byte.o
    0x08009aba   0x08009aba   0x0000001a   Code   RO         6972    i.u8x8_byte_SendBytes  u8x8_byte.o
    0x08009ad4   0x08009ad4   0x00000012   Code   RO         6974    i.u8x8_byte_StartTransfer  u8x8_byte.o
    0x08009ae6   0x08009ae6   0x00000002   PAD
    0x08009ae8   0x08009ae8   0x00000084   Code   RO         7670    i.u8x8_byte_hw_i2c  u8g2_stm32_port.o
    0x08009b6c   0x08009b6c   0x00000012   Code   RO         7106    i.u8x8_cad_EndTransfer  u8x8_cad.o
    0x08009b7e   0x08009b7e   0x00000014   Code   RO         7107    i.u8x8_cad_SendArg  u8x8_cad.o
    0x08009b92   0x08009b92   0x00000014   Code   RO         7108    i.u8x8_cad_SendCmd  u8x8_cad.o
    0x08009ba6   0x08009ba6   0x0000001a   Code   RO         7109    i.u8x8_cad_SendData  u8x8_cad.o
    0x08009bc0   0x08009bc0   0x0000007c   Code   RO         7111    i.u8x8_cad_SendSequence  u8x8_cad.o
    0x08009c3c   0x08009c3c   0x00000012   Code   RO         7112    i.u8x8_cad_StartTransfer  u8x8_cad.o
    0x08009c4e   0x08009c4e   0x00000002   PAD
    0x08009c50   0x08009c50   0x000000d4   Code   RO         7115    i.u8x8_cad_ssd13xx_fast_i2c  u8x8_cad.o
    0x08009d24   0x08009d24   0x00000060   Code   RO         7377    i.u8x8_d_helper_display_init  u8x8_display.o
    0x08009d84   0x08009d84   0x0000000c   Code   RO         7378    i.u8x8_d_helper_display_setup_memory  u8x8_display.o
    0x08009d90   0x08009d90   0x00000054   Code   RO         7292    i.u8x8_d_ssd1306_128x64_noname  u8x8_d_ssd1306_128x64_noname.o
    0x08009de4   0x08009de4   0x00000104   Code   RO         7294    i.u8x8_d_ssd1306_sh1106_generic  u8x8_d_ssd1306_128x64_noname.o
    0x08009ee8   0x08009ee8   0x00000008   Code   RO         7549    i.u8x8_dummy_cb     u8x8_setup.o
    0x08009ef0   0x08009ef0   0x00000024   Code   RO         7671    i.u8x8_gpio_and_delay  u8g2_stm32_port.o
    0x08009f14   0x08009f14   0x0000001a   Code   RO         7468    i.u8x8_gpio_call    u8x8_gpio.o
    0x08009f2e   0x08009f2e   0x0000002e   Code   RO         7123    i.u8x8_i2c_data_transfer  u8x8_cad.o
    0x08009f5c   0x08009f5c   0x00000008   Code   RO         6843    i.u8x8_utf8_init    u8x8_8x8.o
    0x08009f64   0x08009f64   0x00000068   Code   RO          395    i.u_i2c1_read_byte  i2c.o
    0x08009fcc   0x08009fcc   0x00000068   Code   RO          396    i.u_i2c1_read_bytes  i2c.o
    0x0800a034   0x0800a034   0x00000068   Code   RO          397    i.u_i2c1_write_byte  i2c.o
    0x0800a09c   0x0800a09c   0x0000005c   Code   RO          399    i.u_i2c_master_transmit_bytes  i2c.o
    0x0800a0f8   0x0800a0f8   0x00000062   Code   RO         4639    i.ui_run            ui_task.o
    0x0800a15a   0x0800a15a   0x00000002   PAD
    0x0800a15c   0x0800a15c   0x000001e8   Code   RO         4640    i.ui_task           ui_task.o
    0x0800a344   0x0800a344   0x00000074   Code   RO         8197    i.ulTaskNotifyTake  tasks.o
    0x0800a3b8   0x0800a3b8   0x00000028   Code   RO         7813    i.uxListRemove      list.o
    0x0800a3e0   0x0800a3e0   0x00000018   Code   RO          243    i.vApplicationGetIdleTaskMemory  freertos.o
    0x0800a3f8   0x0800a3f8   0x0000001a   Code   RO         7814    i.vListInitialise   list.o
    0x0800a412   0x0800a412   0x00000006   Code   RO         7815    i.vListInitialiseItem  list.o
    0x0800a418   0x0800a418   0x00000034   Code   RO         7816    i.vListInsert       list.o
    0x0800a44c   0x0800a44c   0x00000018   Code   RO         7817    i.vListInsertEnd    list.o
    0x0800a464   0x0800a464   0x00000054   Code   RO         8982    i.vPortEnterCritical  port.o
    0x0800a4b8   0x0800a4b8   0x0000003c   Code   RO         8983    i.vPortExitCritical  port.o
    0x0800a4f4   0x0800a4f4   0x00000094   Code   RO         8920    i.vPortFree         heap_4.o
    0x0800a588   0x0800a588   0x00000028   Code   RO         8984    i.vPortSetupTimerInterrupt  port.o
    0x0800a5b0   0x0800a5b0   0x00000078   Code   RO         8985    i.vPortValidateInterruptPriority  port.o
    0x0800a628   0x0800a628   0x0000005c   Code   RO         8203    i.vTaskDelay        tasks.o
    0x0800a684   0x0800a684   0x00000018   Code   RO         8207    i.vTaskInternalSetTimeOutState  tasks.o
    0x0800a69c   0x0800a69c   0x0000000c   Code   RO         8208    i.vTaskMissedYield  tasks.o
    0x0800a6a8   0x0800a6a8   0x000000f0   Code   RO         8209    i.vTaskNotifyGiveFromISR  tasks.o
    0x0800a798   0x0800a798   0x00000038   Code   RO         8210    i.vTaskPlaceOnEventList  tasks.o
    0x0800a7d0   0x0800a7d0   0x000000f4   Code   RO         8212    i.vTaskPriorityDisinheritAfterTimeout  tasks.o
    0x0800a8c4   0x0800a8c4   0x000000b0   Code   RO         8217    i.vTaskStartScheduler  tasks.o
    0x0800a974   0x0800a974   0x00000010   Code   RO         8219    i.vTaskSuspendAll   tasks.o
    0x0800a984   0x0800a984   0x0000008c   Code   RO         8220    i.vTaskSwitchContext  tasks.o
    0x0800aa10   0x0800aa10   0x000000f8   Code   RO         8986    i.xPortStartScheduler  port.o
    0x0800ab08   0x0800ab08   0x00000034   Code   RO         8987    i.xPortSysTickHandler  port.o
    0x0800ab3c   0x0800ab3c   0x00000022   Code   RO         7867    i.xQueueCreateMutex  queue.o
    0x0800ab5e   0x0800ab5e   0x0000005e   Code   RO         7869    i.xQueueGenericCreate  queue.o
    0x0800abbc   0x0800abbc   0x00000098   Code   RO         7871    i.xQueueGenericReset  queue.o
    0x0800ac54   0x0800ac54   0x000001a8   Code   RO         7872    i.xQueueGenericSend  queue.o
    0x0800adfc   0x0800adfc   0x000000f8   Code   RO         7873    i.xQueueGenericSendFromISR  queue.o
    0x0800aef4   0x0800aef4   0x00000168   Code   RO         7881    i.xQueueReceive     queue.o
    0x0800b05c   0x0800b05c   0x000001b8   Code   RO         7883    i.xQueueSemaphoreTake  queue.o
    0x0800b214   0x0800b214   0x000000a8   Code   RO         8222    i.xTaskCheckForTimeOut  tasks.o
    0x0800b2bc   0x0800b2bc   0x00000064   Code   RO         8223    i.xTaskCreate       tasks.o
    0x0800b320   0x0800b320   0x000000b8   Code   RO         8224    i.xTaskCreateStatic  tasks.o
    0x0800b3d8   0x0800b3d8   0x000000a4   Code   RO         8228    i.xTaskGetHandle    tasks.o
    0x0800b47c   0x0800b47c   0x00000020   Code   RO         8229    i.xTaskGetSchedulerState  tasks.o
    0x0800b49c   0x0800b49c   0x00000148   Code   RO         8232    i.xTaskIncrementTick  tasks.o
    0x0800b5e4   0x0800b5e4   0x000000c8   Code   RO         8235    i.xTaskPriorityDisinherit  tasks.o
    0x0800b6ac   0x0800b6ac   0x000000c8   Code   RO         8236    i.xTaskPriorityInherit  tasks.o
    0x0800b774   0x0800b774   0x00000098   Code   RO         8237    i.xTaskRemoveFromEventList  tasks.o
    0x0800b80c   0x0800b80c   0x00000104   Code   RO         8238    i.xTaskResumeAll    tasks.o
    0x0800b910   0x0800b910   0x000000a8   Data   RO          245    .constdata          freertos.o
    0x0800b9b8   0x0800b9b8   0x00000018   Data   RO         3869    .constdata          system_stm32f1xx.o
    0x0800b9d0   0x0800b9d0   0x0000000a   Data   RO         4121    .constdata          nrf24l01.o
    0x0800b9da   0x0800b9da   0x0000021c   Data   RO         4641    .constdata          ui_task.o
    0x0800bbf6   0x0800bbf6   0x00000948   Data   RO         6242    .constdata          u8g2_fonts.o
    0x0800c53e   0x0800c53e   0x00000002   PAD
    0x0800c540   0x0800c540   0x00000048   Data   RO         6551    .constdata          u8g2_setup.o
    0x0800c588   0x0800c588   0x00000158   Data   RO         7296    .constdata          u8x8_d_ssd1306_128x64_noname.o
    0x0800c6e0   0x0800c6e0   0x00000098   Data   RO         9385    .constdata          m_ws.l(atan.o)
    0x0800c778   0x0800c778   0x00000008   Data   RO         9407    .constdata          m_ws.l(qnan.o)
    0x0800c780   0x0800c780   0x00000040   Data   RO         9466    .constdata          mc_w.l(ctype_c.o)
    0x0800c7c0   0x0800c7c0   0x00000045   Data   RO          246    .conststring        freertos.o
    0x0800c805   0x0800c805   0x00000003   PAD
    0x0800c808   0x0800c808   0x00000020   Data   RO         9468    Region$$Table       anon$$obj.o


    Execution Region RW_IRAM1 (Exec base: 0x20000000, Load base: 0x0800c828, Size: 0x000040b8, Max: 0x00005000, ABSOLUTE, COMPRESSED[0x0000003c])

    Exec Addr    Load Addr    Size         Type   Attr      Idx    E Section Name        Object

    0x20000000   COMPRESSED   0x00000018   Data   RW          247    .data               freertos.o
    0x20000018   COMPRESSED   0x00000004   Data   RW          401    .data               i2c.o
    0x2000001c   COMPRESSED   0x00000009   Data   RW         1063    .data               stm32f1xx_hal.o
    0x20000025   COMPRESSED   0x00000003   PAD
    0x20000028   COMPRESSED   0x00000004   Data   RW         3870    .data               system_stm32f1xx.o
    0x2000002c   COMPRESSED   0x00000008   Data   RW         3905    .data               bsp_key.o
    0x20000034   COMPRESSED   0x00000019   Data   RW         4122    .data               nrf24l01.o
    0x2000004d   COMPRESSED   0x00000001   PAD
    0x2000004e   COMPRESSED   0x00000004   Data   RW         4301    .data               esp01.o
    0x20000052   COMPRESSED   0x00000008   Data   RW         4408    .data               bsp_adc.o
    0x2000005a   COMPRESSED   0x00000002   PAD
    0x2000005c   COMPRESSED   0x0000000c   Data   RW         4452    .data               hc_sr04.o
    0x20000068   COMPRESSED   0x00000094   Data   RW         4507    .data               filter.o
    0x200000fc   COMPRESSED   0x00000014   Data   RW         4553    .data               control_task.o
    0x20000110   COMPRESSED   0x00000002   Data   RW         4642    .data               ui_task.o
    0x20000112   COMPRESSED   0x00000002   PAD
    0x20000114   COMPRESSED   0x00000004   Data   RW         4696    .data               ble_task.o
    0x20000118   COMPRESSED   0x00000003   Data   RW         4738    .data               nrf_task.o
    0x2000011b   COMPRESSED   0x00000001   PAD
    0x2000011c   COMPRESSED   0x0000000c   Data   RW         4793    .data               esp_task.o
    0x20000128   COMPRESSED   0x00000006   Data   RW         7125    .data               u8x8_cad.o
    0x2000012e   COMPRESSED   0x00000001   Data   RW         7673    .data               u8g2_stm32_port.o
    0x2000012f   COMPRESSED   0x00000001   PAD
    0x20000130   COMPRESSED   0x0000003c   Data   RW         8241    .data               tasks.o
    0x2000016c   COMPRESSED   0x00000018   Data   RW         8925    .data               heap_4.o
    0x20000184   COMPRESSED   0x0000000c   Data   RW         8988    .data               port.o
    0x20000190   COMPRESSED   0x00000004   Data   RW         9422    .data               mc_w.l(stdout.o)
    0x20000194        -       0x00000254   Zero   RW          244    .bss                freertos.o
    0x200003e8        -       0x00000074   Zero   RW          328    .bss                adc.o
    0x2000045c        -       0x00000054   Zero   RW          400    .bss                i2c.o
    0x200004b0        -       0x00000120   Zero   RW          479    .bss                tim.o
    0x200005d0        -       0x000001dc   Zero   RW          554    .bss                usart.o
    0x200007ac        -       0x00000402   Zero   RW         4300    .bss                esp01.o
    0x20000bae   COMPRESSED   0x00000002   PAD
    0x20000bb0        -       0x00000050   Zero   RW         4552    .bss                control_task.o
    0x20000c00        -       0x00000028   Zero   RW         4695    .bss                ble_task.o
    0x20000c28        -       0x00000044   Zero   RW         4737    .bss                nrf_task.o
    0x20000c6c        -       0x000000c8   Zero   RW         4792    .bss                esp_task.o
    0x20000d34        -       0x00000580   Zero   RW         5840    .bss                u8g2_d_memory.o
    0x200012b4        -       0x00000114   Zero   RW         7672    .bss                u8g2_stm32_port.o
    0x200013c8        -       0x000000f0   Zero   RW         8240    .bss                tasks.o
    0x200014b8        -       0x00002800   Zero   RW         8924    .bss                heap_4.o
    0x20003cb8        -       0x00000400   Zero   RW            1    STACK               startup_stm32f103xb.o


==============================================================================

Image component sizes


      Code (inc. data)   RO Data    RW Data    ZI Data      Debug   Object Name

       336         32          0          0        116       1791   adc.o
       568         58          0          4         40       2752   ble_task.o
        98         28          0          8          0       1963   bsp_adc.o
       156         14          0          8          0       1470   bsp_key.o
       264         34          0          0          0       1688   bsp_motor.o
       344          0          0          0          0       1991   bsp_soft_spi.o
       142          0          0          0          0      21979   cmsis_os.o
      1502        146          0         20         80       8337   control_task.o
       116          4          0          0          0        770   dma.o
       536        132          0          4       1026       5970   esp01.o
       708        150          0         12        200       3701   esp_task.o
         0          0          0          0          0      17956   event_groups.o
       540          0          0        148          0       1854   filter.o
       218         40        237         24        596     167713   freertos.o
       332         22          0          0          0       1027   gpio.o
       308         46          0         12          0       3162   hc_sr04.o
       692         62          0         24      10240       7215   heap_4.o
       624         66          0          4         84       4789   i2c.o
       148          0          0          0          0       3402   list.o
       198          0          0          0          0     482072   main.o
       534          0          0          0          0       7115   mpu6050.o
       596         48         10         25          0       9549   nrf24l01.o
       428         30          0          3         68       2768   nrf_task.o
       854         78          0         12          0      11233   port.o
      2186         20          0          0          0      15576   queue.o
        36          8        236          0       1024        800   startup_stm32f103xb.o
       192         36          0          9          0       5873   stm32f1xx_hal.o
      1426         56          0          0          0       7771   stm32f1xx_hal_adc.o
       304         22          0          0          0      29403   stm32f1xx_hal_cortex.o
       802          8          0          0          0       4139   stm32f1xx_hal_dma.o
       856         38          0          0          0       3902   stm32f1xx_hal_gpio.o
      3528         66          0          0          0      13376   stm32f1xx_hal_i2c.o
        84          8          0          0          0        890   stm32f1xx_hal_msp.o
      1784        110          0          0          0       5984   stm32f1xx_hal_rcc.o
       304         14          0          0          0       1396   stm32f1xx_hal_rcc_ex.o
      3556        100          0          0          0      23631   stm32f1xx_hal_tim.o
       252         14          0          0          0       3173   stm32f1xx_hal_tim_ex.o
      1302         18          0          0          0      10913   stm32f1xx_hal_uart.o
       116         24          0          0          0       5413   stm32f1xx_it.o
         2          0         24          4          0       1107   system_stm32f1xx.o
      4018        438          0         60        240      29302   tasks.o
      1096         80          0          0        288       5241   tim.o
       320          0          0          0          0       2169   u8g2_bitmap.o
       152          0          0          0          0       2725   u8g2_buffer.o
        16          6          0          0       1408       1768   u8g2_d_memory.o
        68         14          0          0          0       1049   u8g2_d_setup.o
      1736         10          0          0          0      13300   u8g2_font.o
         0          0       2376          0          0        540   u8g2_fonts.o
       340          0          0          0          0       2575   u8g2_hvline.o
       106          0          0          0          0       1503   u8g2_intersection.o
       238          0          0          0          0       1398   u8g2_ll_hvline.o
       994          0         72          0          0     157593   u8g2_setup.o
       220         26          0          1        276       2703   u8g2_stm32_port.o
         0          0          0          0          0        400   u8log.o
        26          0          0          0          0       1031   u8x8_8x8.o
        78          0          0          0          0       2553   u8x8_byte.o
       484         10          0          6          0       8080   u8x8_cad.o
       344         26        344          0          0       3119   u8x8_d_ssd1306_128x64_noname.o
       232          0          0          0          0       4262   u8x8_display.o
        26          0          0          0          0        593   u8x8_gpio.o
        94          6          0          0          0       1846   u8x8_setup.o
      1102        192        540          2          0       4643   ui_task.o
       832         82          0          0        476       3848   usart.o

    ----------------------------------------------------------------------
     39546       2422       3876        400      16164    1157855   Object Totals
         0          0         32          0          0          0   (incl. Generated)
        52          0          5         10          2          0   (incl. Padding)

    ----------------------------------------------------------------------

      Code (inc. data)   RO Data    RW Data    ZI Data      Debug   Library Member Name

       544         70        152          0          0        124   atan.o
       384         38          0          0          0        144   atan2.o
        26          6          0          0          0        204   dunder.o
        40          0          0          0          0         68   fpclassify.o
       170          0          0          0          0         96   poly.o
         0          0          8          0          0          0   qnan.o
        56          8          0          0          0         84   __0sscanf.o
        86          0          0          0          0          0   __dczerorl2.o
        28          0          0          0          0         68   _chval.o
       812          4          0          0          0        112   _scanf.o
       332          0          0          0          0         96   _scanf_int.o
       224          0          0          0          0         96   _scanf_str.o
        64          0          0          0          0         84   _sgetc.o
        40          6         64          0          0         68   ctype_c.o
         0          0          0          0          0          0   entry.o
         0          0          0          0          0          0   entry10a.o
         0          0          0          0          0          0   entry11a.o
         8          4          0          0          0          0   entry2.o
         4          0          0          0          0          0   entry5.o
         0          0          0          0          0          0   entry7b.o
         0          0          0          0          0          0   entry8b.o
         8          4          0          0          0          0   entry9a.o
        30          0          0          0          0          0   handlers.o
        36          8          0          0          0         68   init.o
        10          0          0          0          0         68   isspace_c.o
         0          0          0          0          0          0   iusefp.o
        30          0          0          0          0         68   llshl.o
        36          0          0          0          0         68   llsshr.o
        32          0          0          0          0         68   llushr.o
        36          0          0          0          0         68   memcpya.o
        36          0          0          0          0        108   memseta.o
      2308         96          0          0          0        604   printfa.o
        40          8          0          0          0         84   scanf_char.o
         0          0          0          4          0          0   stdout.o
        24          0          0          0          0         68   strcat.o
        18          0          0          0          0         68   strcpy.o
        14          0          0          0          0         68   strlen.o
        36          0          0          0          0         80   strstr.o
        44          0          0          0          0         80   uidiv.o
        98          0          0          0          0         92   uldiv.o
        48          0          0          0          0         68   cdrcmple.o
        20          0          0          0          0         68   cfcmple.o
        20          0          0          0          0         68   cfrcmple.o
        56          0          0          0          0         88   d2f.o
       334          0          0          0          0        148   dadd.o
       222          0          0          0          0        100   ddiv.o
       186          0          0          0          0        176   depilogue.o
        48          0          0          0          0         68   dfixul.o
        34          0          0          0          0         76   dflti.o
        26          0          0          0          0         76   dfltui.o
       228          0          0          0          0         96   dmul.o
        46          0          0          0          0         80   dscalb.o
        38          0          0          0          0         68   f2d.o
       176          0          0          0          0        140   fadd.o
       124          0          0          0          0         88   fdiv.o
       110          0          0          0          0        168   fepilogue.o
        50          0          0          0          0         68   ffixi.o
        40          0          0          0          0         68   ffixui.o
        18          0          0          0          0         68   fflti.o
        10          0          0          0          0         68   ffltui.o
       100          0          0          0          0         76   fmul.o

    ----------------------------------------------------------------------
      7594        252        224          4          0       4828   Library Totals
         6          0          0          0          0          0   (incl. Padding)

    ----------------------------------------------------------------------

      Code (inc. data)   RO Data    RW Data    ZI Data      Debug   Library Name

      1164        114        160          0          0        636   m_ws.l
      4490        138         64          4          0       2268   mc_w.l
      1934          0          0          0          0       1924   mf_w.l

    ----------------------------------------------------------------------
      7594        252        224          4          0       4828   Library Totals

    ----------------------------------------------------------------------

==============================================================================


      Code (inc. data)   RO Data    RW Data    ZI Data      Debug   

     47140       2674       4100        404      16164    1141127   Grand Totals
     47140       2674       4100         60      16164    1141127   ELF Image Totals (compressed)
     47140       2674       4100         60          0          0   ROM Totals

==============================================================================

    Total RO  Size (Code + RO Data)                51240 (  50.04kB)
    Total RW  Size (RW Data + ZI Data)             16568 (  16.18kB)
    Total ROM Size (Code + RO Data + RW Data)      51300 (  50.10kB)

==============================================================================

