<html>
<body>
<pre>
<h1>µVision Build Log</h1>
<h2>Tool Versions:</h2>
IDE-Version: ¦ÌVision V5.29.0.0
Copyright (C) 2019 ARM Ltd and ARM Germany GmbH. All rights reserved.
License Information: 123 123, 123, LIC=EXJT4-FJPDH-UHD8H-WEEHR-LK2DK-92BBP
 
Tool Versions:
Toolchain:       MDK-ARM Plus  Version: 5.29.0.0
Toolchain Path:  E:\Program\Keil5\ARM\ARMCC\Bin
C Compiler:      Armcc.exe V5.06 update 6 (build 750)
Assembler:       Armasm.exe V5.06 update 6 (build 750)
Linker/Locator:  ArmLink.exe V5.06 update 6 (build 750)
Library Manager: ArmAr.exe V5.06 update 6 (build 750)
Hex Converter:   FromElf.exe V5.06 update 6 (build 750)
CPU DLL:         SARMCM3.DLL V5.29.0.0
Dialog DLL:      DCM.DLL V1.17.3.0
Target DLL:      STLink\ST-LINKIII-KEIL_SWO.dll V3.0.7.0
Dialog DLL:      TCM.DLL V1.36.5.0
 
<h2>Project:</h2>
F:\Project\Stm32BalanceCar\02_Firmware\HAL_WithOs\MDK-ARM\HAL_WithOs.uvprojx
Project File Date:  01/22/2025

<h2>Output:</h2>
*** Using Compiler 'V5.06 update 6 (build 750)', folder: 'E:\Program\Keil5\ARM\ARMCC\Bin'
Build target 'HAL_WithOs'
assembling startup_stm32f103xb.s...
compiling gpio.c...
compiling dma.c...
compiling adc.c...
compiling tim.c...
compiling i2c.c...
compiling main.c...
compiling freertos.c...
..\User\TASK\nrf_task.h(29): warning:  #1-D: last line of file ends without a newline
  #endif
../Core/Src/freertos.c: 1 warning, 0 errors
compiling stm32f1xx_hal_gpio_ex.c...
compiling usart.c...
compiling stm32f1xx_hal_msp.c...
compiling stm32f1xx_it.c...
compiling stm32f1xx_hal_adc_ex.c...
compiling stm32f1xx_hal.c...
compiling stm32f1xx_hal_adc.c...
compiling stm32f1xx_hal_rcc_ex.c...
compiling stm32f1xx_hal_cortex.c...
compiling stm32f1xx_hal_gpio.c...
compiling stm32f1xx_hal_dma.c...
compiling stm32f1xx_hal_pwr.c...
compiling stm32f1xx_hal_flash.c...
compiling stm32f1xx_hal_rcc.c...
compiling stm32f1xx_hal_exti.c...
compiling stm32f1xx_hal_flash_ex.c...
compiling system_stm32f1xx.c...
compiling stm32f1xx_hal_uart.c...
compiling stm32f1xx_hal_tim_ex.c...
compiling stm32f1xx_hal_i2c.c...
compiling stm32f1xx_hal_tim.c...
compiling bsp_key.c...
compiling bsp_led.c...
compiling bsp_motor.c...
compiling mpu6050.c...
compiling nrf24l01.c...
compiling bsp_soft_spi.c...
compiling esp01.c...
..\User\BSP\ESP01\esp01.h(68): warning:  #1295-D: Deprecated declaration ESP8266_Create_Tcp_server - give arg types
  bool ESP8266_Create_Tcp_server (  );
..\User\BSP\ESP01\esp01.c: 1 warning, 0 errors
compiling bsp_adc.c...
..\User\BSP\ADC\bsp_adc.h(6): warning:  #1295-D: Deprecated declaration adc_convert - give arg types
  void adc_convert();
..\User\BSP\ADC\bsp_adc.c(20): warning:  #1-D: last line of file ends without a newline
  }
..\User\BSP\ADC\bsp_adc.c: 2 warnings, 0 errors
compiling hc_sr04.c...
..\User\BSP\HCSR04\hc_sr04.c(79): warning:  #1-D: last line of file ends without a newline
   
..\User\BSP\HCSR04\hc_sr04.c: 1 warning, 0 errors
compiling filter.c...
..\User\APP\filter.c(50): warning:  #1-D: last line of file ends without a newline
  }
..\User\APP\filter.c: 1 warning, 0 errors
compiling mui.c...
..\User\U8G2\mui.c(591): warning:  #177-D: function "mui_task_read_nth_selectable_field"  was declared but never referenced
  static uint8_t mui_task_read_nth_selectable_field(mui_t *ui)
..\User\U8G2\mui.c: 1 warning, 0 errors
compiling ble_task.c...
..\User\TASK\nrf_task.h(29): warning:  #1-D: last line of file ends without a newline
  #endif
..\User\TASK\ble_task.c(156): warning:  #1-D: last line of file ends without a newline
  }
..\User\TASK\ble_task.c: 2 warnings, 0 errors
compiling control_task.c...
..\User\TASK\nrf_task.h(29): warning:  #1-D: last line of file ends without a newline
  #endif
..\User\TASK\control_task.c: 1 warning, 0 errors
compiling u8g2_arc.c...
compiling nrf_task.c...
..\User\TASK\nrf_task.h(29): warning:  #1-D: last line of file ends without a newline
  #endif
..\User\TASK\nrf_task.c: 1 warning, 0 errors
compiling ui_task.c...
..\User\BSP\ADC\bsp_adc.h(6): warning:  #1295-D: Deprecated declaration adc_convert - give arg types
  void adc_convert();
..\User\TASK\nrf_task.h(29): warning:  #1-D: last line of file ends without a newline
  #endif
..\User\TASK\ui_task.c: 2 warnings, 0 errors
compiling mui_u8g2.c...
..\User\U8G2\mui_u8g2.c(1256): warning:  #177-D: variable "s"  was declared but never referenced
    char *s = buf;
..\User\U8G2\mui_u8g2.c: 1 warning, 0 errors
compiling u8g2_bitmap.c...
compiling u8g2_box.c...
compiling u8g2_buffer.c...
compiling u8g2_button.c...
compiling u8g2_cleardisplay.c...
compiling u8g2_d_memory.c...
..\User\U8G2\u8g2_d_memory.c(38): warning:  #1-D: last line of file ends without a newline
  }
..\User\U8G2\u8g2_d_memory.c: 1 warning, 0 errors
compiling u8g2_circle.c...
compiling u8g2_d_setup.c...
..\User\U8G2\u8g2_d_setup.c(58): warning:  #1-D: last line of file ends without a newline
  }
..\User\U8G2\u8g2_d_setup.c: 1 warning, 0 errors
compiling u8g2_fonts.c...
..\User\U8G2\u8g2_fonts.c(87): warning:  #1-D: last line of file ends without a newline
    "\0\0\0\4\377\377\0";
..\User\U8G2\u8g2_fonts.c: 1 warning, 0 errors
compiling u8g2_hvline.c...
compiling u8g2_font.c...
compiling u8g2_intersection.c...
compiling u8g2_input_value.c...
compiling u8g2_kerning.c...
compiling u8g2_line.c...
compiling u8g2_ll_hvline.c...
compiling u8g2_polygon.c...
compiling u8g2_selection_list.c...
compiling u8g2_message.c...
compiling u8g2_setup.c...
..\User\U8G2\u8g2_setup.c(469): warning:  #1-D: last line of file ends without a newline
    
..\User\U8G2\u8g2_setup.c: 1 warning, 0 errors
compiling esp_task.c...
..\User\BSP\ESP01\esp01.h(68): warning:  #1295-D: Deprecated declaration ESP8266_Create_Tcp_server - give arg types
  bool ESP8266_Create_Tcp_server (  );
..\User\TASK\nrf_task.h(29): warning:  #1-D: last line of file ends without a newline
  #endif
..\User\TASK\esp_task.c(36): warning:  #177-D: variable "keyValue"  was declared but never referenced
  	uint8_t keyValue = 0;
..\User\TASK\esp_task.c(171): warning:  #1-D: last line of file ends without a newline
   
..\User\TASK\esp_task.c: 4 warnings, 0 errors
compiling u8log_u8x8.c...
compiling u8log.c...
compiling u8x8_8x8.c...
compiling u8x8_cad.c...
compiling u8x8_byte.c...
compiling u8log_u8g2.c...
compiling u8x8_capture.c...
..\User\U8G2\u8x8_capture.c(254): warning:  #1-D: last line of file ends without a newline
  #endif
..\User\U8G2\u8x8_capture.c: 1 warning, 0 errors
compiling u8x8_debounce.c...
compiling u8x8_display.c...
..\User\U8G2\u8x8_display.c(203): warning:  #1-D: last line of file ends without a newline
  }
..\User\U8G2\u8x8_display.c: 1 warning, 0 errors
compiling u8x8_d_ssd1306_128x64_noname.c...
compiling u8x8_input_value.c...
compiling u8x8_gpio.c...
..\User\U8G2\u8x8_gpio.c(50): warning:  #1-D: last line of file ends without a newline
  */
..\User\U8G2\u8x8_gpio.c: 1 warning, 0 errors
compiling u8x8_fonts.c...
compiling u8x8_message.c...
compiling u8x8_setup.c...
compiling u8x8_string.c...
compiling u8x8_selection_list.c...
compiling u8x8_u8toa.c...
..\User\U8G2\u8x8_u8toa.c(93): warning:  #1-D: last line of file ends without a newline
   
..\User\U8G2\u8x8_u8toa.c: 1 warning, 0 errors
compiling u8x8_u16toa.c...
..\User\U8G2\u8x8_u16toa.c(77): warning:  #1-D: last line of file ends without a newline
  }
..\User\U8G2\u8x8_u16toa.c: 1 warning, 0 errors
compiling croutine.c...
compiling list.c...
compiling event_groups.c...
compiling queue.c...
compiling stream_buffer.c...
compiling timers.c...
compiling heap_4.c...
compiling tasks.c...
compiling cmsis_os.c...
compiling port.c...
compiling u8g2_stm32_port.c...
..\User\U8G2\u8g2_stm32_port.c(102): warning:  #1-D: last line of file ends without a newline
   
..\User\U8G2\u8g2_stm32_port.c: 1 warning, 0 errors
linking...
Program Size: Code=47140 RO-data=4100 RW-data=404 ZI-data=16164  
FromELF: creating hex file...
".\HAL_WithOs\HAL_WithOs.axf" - 0 Error(s), 28 Warning(s).

<h2>Software Packages used:</h2>

Package Vendor: ARM
                http://www.keil.com/pack/ARM.CMSIS.5.6.0.pack
                ARM.CMSIS.5.6.0
                CMSIS (Cortex Microcontroller Software Interface Standard)
   * Component: CORE Version: 5.3.0

Package Vendor: Keil
                http://www.keil.com/pack/Keil.STM32F1xx_DFP.2.3.0.pack
                Keil.STM32F1xx_DFP.2.3.0
                STMicroelectronics STM32F1 Series Device Support, Drivers and Examples

<h2>Collection of Component include folders:</h2>
  .\RTE\_HAL_WithOs
  E:\Program\Keil5\PACK\ARM\CMSIS\5.6.0\CMSIS\Core\Include
  E:\Program\Keil5\PACK\Keil\STM32F1xx_DFP\2.3.0\Device\Include

<h2>Collection of Component Files used:</h2>

   * Component: ARM::CMSIS:CORE:5.3.0
Build Time Elapsed:  00:00:12
</pre>
</body>
</html>
