Component: ARM Compiler 5.06 update 6 (build 750) Tool: armlink [4d35ed]

==============================================================================

Section Cross References

    system_stm32f10x.o(i.SetSysClock) refers to system_stm32f10x.o(i.SetSysClockTo72) for SetSysClockTo72
    system_stm32f10x.o(i.SystemCoreClockUpdate) refers to system_stm32f10x.o(.data) for SystemCoreClock
    system_stm32f10x.o(i.SystemInit) refers to system_stm32f10x.o(i.SetSysClock) for SetSysClock
    main.o(i.main) refers to misc.o(i.NVIC_PriorityGroupConfig) for NVIC_PriorityGroupConfig
    main.o(i.main) refers to bsp_usart.o(i.bsp_usart1_init) for bsp_usart1_init
    main.o(i.main) refers to bsp_delay.o(i.delay_init) for delay_init
    main.o(i.main) refers to bsp_led.o(i.bsp_led_init) for bsp_led_init
    main.o(i.main) refers to bsp_exti.o(i.bsp_exti_init) for bsp_exti_init
    main.o(i.main) refers to bsp_timer.o(i.bsp_timer3_init) for bsp_timer3_init
    main.o(i.main) refers to bsp_key.o(i.bsp_key_init) for bsp_key_init
    main.o(i.main) refers to bsp_motor.o(i.bsp_motor_init) for bsp_motor_init
    main.o(i.main) refers to mpu6050.o(i.MPU_Init) for MPU_Init
    main.o(i.main) refers to oled.o(i.OLED_Init) for OLED_Init
    stm32f10x_adc.o(i.ADC_DeInit) refers to stm32f10x_rcc.o(i.RCC_APB2PeriphResetCmd) for RCC_APB2PeriphResetCmd
    stm32f10x_can.o(i.CAN_DeInit) refers to stm32f10x_rcc.o(i.RCC_APB1PeriphResetCmd) for RCC_APB1PeriphResetCmd
    stm32f10x_can.o(i.CAN_GetITStatus) refers to stm32f10x_can.o(i.CheckITStatus) for CheckITStatus
    stm32f10x_dac.o(i.DAC_DeInit) refers to stm32f10x_rcc.o(i.RCC_APB1PeriphResetCmd) for RCC_APB1PeriphResetCmd
    stm32f10x_gpio.o(i.GPIO_AFIODeInit) refers to stm32f10x_rcc.o(i.RCC_APB2PeriphResetCmd) for RCC_APB2PeriphResetCmd
    stm32f10x_gpio.o(i.GPIO_DeInit) refers to stm32f10x_rcc.o(i.RCC_APB2PeriphResetCmd) for RCC_APB2PeriphResetCmd
    stm32f10x_rcc.o(i.RCC_GetClocksFreq) refers to stm32f10x_rcc.o(.data) for APBAHBPrescTable
    stm32f10x_rcc.o(i.RCC_WaitForHSEStartUp) refers to stm32f10x_rcc.o(i.RCC_GetFlagStatus) for RCC_GetFlagStatus
    stm32f10x_tim.o(i.TIM_DeInit) refers to stm32f10x_rcc.o(i.RCC_APB2PeriphResetCmd) for RCC_APB2PeriphResetCmd
    stm32f10x_tim.o(i.TIM_DeInit) refers to stm32f10x_rcc.o(i.RCC_APB1PeriphResetCmd) for RCC_APB1PeriphResetCmd
    stm32f10x_tim.o(i.TIM_ETRClockMode1Config) refers to stm32f10x_tim.o(i.TIM_ETRConfig) for TIM_ETRConfig
    stm32f10x_tim.o(i.TIM_ETRClockMode2Config) refers to stm32f10x_tim.o(i.TIM_ETRConfig) for TIM_ETRConfig
    stm32f10x_tim.o(i.TIM_ICInit) refers to stm32f10x_tim.o(i.TI1_Config) for TI1_Config
    stm32f10x_tim.o(i.TIM_ICInit) refers to stm32f10x_tim.o(i.TIM_SetIC1Prescaler) for TIM_SetIC1Prescaler
    stm32f10x_tim.o(i.TIM_ICInit) refers to stm32f10x_tim.o(i.TI2_Config) for TI2_Config
    stm32f10x_tim.o(i.TIM_ICInit) refers to stm32f10x_tim.o(i.TIM_SetIC2Prescaler) for TIM_SetIC2Prescaler
    stm32f10x_tim.o(i.TIM_ICInit) refers to stm32f10x_tim.o(i.TI3_Config) for TI3_Config
    stm32f10x_tim.o(i.TIM_ICInit) refers to stm32f10x_tim.o(i.TIM_SetIC3Prescaler) for TIM_SetIC3Prescaler
    stm32f10x_tim.o(i.TIM_ICInit) refers to stm32f10x_tim.o(i.TI4_Config) for TI4_Config
    stm32f10x_tim.o(i.TIM_ICInit) refers to stm32f10x_tim.o(i.TIM_SetIC4Prescaler) for TIM_SetIC4Prescaler
    stm32f10x_tim.o(i.TIM_ITRxExternalClockConfig) refers to stm32f10x_tim.o(i.TIM_SelectInputTrigger) for TIM_SelectInputTrigger
    stm32f10x_tim.o(i.TIM_PWMIConfig) refers to stm32f10x_tim.o(i.TI1_Config) for TI1_Config
    stm32f10x_tim.o(i.TIM_PWMIConfig) refers to stm32f10x_tim.o(i.TIM_SetIC1Prescaler) for TIM_SetIC1Prescaler
    stm32f10x_tim.o(i.TIM_PWMIConfig) refers to stm32f10x_tim.o(i.TI2_Config) for TI2_Config
    stm32f10x_tim.o(i.TIM_PWMIConfig) refers to stm32f10x_tim.o(i.TIM_SetIC2Prescaler) for TIM_SetIC2Prescaler
    stm32f10x_tim.o(i.TIM_TIxExternalClockConfig) refers to stm32f10x_tim.o(i.TI2_Config) for TI2_Config
    stm32f10x_tim.o(i.TIM_TIxExternalClockConfig) refers to stm32f10x_tim.o(i.TI1_Config) for TI1_Config
    stm32f10x_tim.o(i.TIM_TIxExternalClockConfig) refers to stm32f10x_tim.o(i.TIM_SelectInputTrigger) for TIM_SelectInputTrigger
    stm32f10x_usart.o(i.USART_DeInit) refers to stm32f10x_rcc.o(i.RCC_APB2PeriphResetCmd) for RCC_APB2PeriphResetCmd
    stm32f10x_usart.o(i.USART_DeInit) refers to stm32f10x_rcc.o(i.RCC_APB1PeriphResetCmd) for RCC_APB1PeriphResetCmd
    stm32f10x_usart.o(i.USART_Init) refers to stm32f10x_rcc.o(i.RCC_GetClocksFreq) for RCC_GetClocksFreq
    stm32f10x_bkp.o(i.BKP_DeInit) refers to stm32f10x_rcc.o(i.RCC_BackupResetCmd) for RCC_BackupResetCmd
    stm32f10x_cec.o(i.CEC_DeInit) refers to stm32f10x_rcc.o(i.RCC_APB1PeriphResetCmd) for RCC_APB1PeriphResetCmd
    stm32f10x_flash.o(i.FLASH_EnableWriteProtection) refers to stm32f10x_flash.o(i.FLASH_WaitForLastOperation) for FLASH_WaitForLastOperation
[...]
    Removing stm32f10x_dbgmcu.o(i.DBGMCU_Config), (32 bytes).
    Removing stm32f10x_dbgmcu.o(i.DBGMCU_GetDEVID), (16 bytes).
    Removing stm32f10x_dbgmcu.o(i.DBGMCU_GetREVID), (12 bytes).
    Removing stm32f10x_flash.o(i.FLASH_ClearFlag), (12 bytes).
    Removing stm32f10x_flash.o(i.FLASH_EnableWriteProtection), (196 bytes).
    Removing stm32f10x_flash.o(i.FLASH_EraseAllBank1Pages), (72 bytes).
    Removing stm32f10x_flash.o(i.FLASH_EraseAllPages), (72 bytes).
    Removing stm32f10x_flash.o(i.FLASH_EraseOptionBytes), (168 bytes).
    Removing stm32f10x_flash.o(i.FLASH_ErasePage), (76 bytes).
    Removing stm32f10x_flash.o(i.FLASH_GetBank1Status), (52 bytes).
    Removing stm32f10x_flash.o(i.FLASH_GetFlagStatus), (48 bytes).
    Removing stm32f10x_flash.o(i.FLASH_GetPrefetchBufferStatus), (24 bytes).
    Removing stm32f10x_flash.o(i.FLASH_GetReadOutProtectionStatus), (24 bytes).
    Removing stm32f10x_flash.o(i.FLASH_GetStatus), (52 bytes).
    Removing stm32f10x_flash.o(i.FLASH_GetUserOptionByte), (12 bytes).
    Removing stm32f10x_flash.o(i.FLASH_GetWriteProtectionOptionByte), (12 bytes).
    Removing stm32f10x_flash.o(i.FLASH_HalfCycleAccessCmd), (28 bytes).
    Removing stm32f10x_flash.o(i.FLASH_ITConfig), (32 bytes).
    Removing stm32f10x_flash.o(i.FLASH_Lock), (20 bytes).
    Removing stm32f10x_flash.o(i.FLASH_LockBank1), (20 bytes).
    Removing stm32f10x_flash.o(i.FLASH_PrefetchBufferCmd), (28 bytes).
    Removing stm32f10x_flash.o(i.FLASH_ProgramHalfWord), (64 bytes).
    Removing stm32f10x_flash.o(i.FLASH_ProgramOptionByteData), (84 bytes).
    Removing stm32f10x_flash.o(i.FLASH_ProgramWord), (108 bytes).
    Removing stm32f10x_flash.o(i.FLASH_ReadOutProtection), (172 bytes).
    Removing stm32f10x_flash.o(i.FLASH_SetLatency), (24 bytes).
    Removing stm32f10x_flash.o(i.FLASH_Unlock), (24 bytes).
    Removing stm32f10x_flash.o(i.FLASH_UnlockBank1), (24 bytes).
    Removing stm32f10x_flash.o(i.FLASH_UserOptionByteConfig), (104 bytes).
    Removing stm32f10x_flash.o(i.FLASH_WaitForLastBank1Operation), (38 bytes).
    Removing stm32f10x_flash.o(i.FLASH_WaitForLastOperation), (38 bytes).
    Removing stm32f10x_fsmc.o(i.FSMC_ClearFlag), (64 bytes).
    Removing stm32f10x_fsmc.o(i.FSMC_ClearITPendingBit), (72 bytes).
    Removing stm32f10x_fsmc.o(i.FSMC_GetECC), (28 bytes).
    Removing stm32f10x_fsmc.o(i.FSMC_GetFlagStatus), (56 bytes).
    Removing stm32f10x_fsmc.o(i.FSMC_GetITStatus), (68 bytes).
    Removing stm32f10x_fsmc.o(i.FSMC_ITConfig), (128 bytes).
    Removing stm32f10x_fsmc.o(i.FSMC_NANDCmd), (92 bytes).
    Removing stm32f10x_fsmc.o(i.FSMC_NANDDeInit), (68 bytes).
    Removing stm32f10x_fsmc.o(i.FSMC_NANDECCCmd), (92 bytes).
    Removing stm32f10x_fsmc.o(i.FSMC_NANDInit), (136 bytes).
    Removing stm32f10x_fsmc.o(i.FSMC_NANDStructInit), (54 bytes).
    Removing stm32f10x_fsmc.o(i.FSMC_NORSRAMCmd), (52 bytes).
    Removing stm32f10x_fsmc.o(i.FSMC_NORSRAMDeInit), (54 bytes).
    Removing stm32f10x_fsmc.o(i.FSMC_NORSRAMInit), (230 bytes).
    Removing stm32f10x_fsmc.o(i.FSMC_NORSRAMStructInit), (114 bytes).
    Removing stm32f10x_fsmc.o(i.FSMC_PCCARDCmd), (48 bytes).
    Removing stm32f10x_fsmc.o(i.FSMC_PCCARDDeInit), (40 bytes).
    Removing stm32f10x_fsmc.o(i.FSMC_PCCARDInit), (132 bytes).
    Removing stm32f10x_fsmc.o(i.FSMC_PCCARDStructInit), (60 bytes).
    Removing stm32f10x_i2c.o(i.I2C_ARPCmd), (24 bytes).
    Removing stm32f10x_i2c.o(i.I2C_AcknowledgeConfig), (24 bytes).
    Removing stm32f10x_i2c.o(i.I2C_CalculatePEC), (24 bytes).
    Removing stm32f10x_i2c.o(i.I2C_CheckEvent), (42 bytes).
    Removing stm32f10x_i2c.o(i.I2C_ClearFlag), (12 bytes).
    Removing stm32f10x_i2c.o(i.I2C_ClearITPendingBit), (12 bytes).
    Removing stm32f10x_i2c.o(i.I2C_Cmd), (24 bytes).
    Removing stm32f10x_i2c.o(i.I2C_DMACmd), (24 bytes).
    Removing stm32f10x_i2c.o(i.I2C_DMALastTransferCmd), (24 bytes).
    Removing stm32f10x_i2c.o(i.I2C_DeInit), (56 bytes).
    Removing stm32f10x_i2c.o(i.I2C_DualAddressCmd), (24 bytes).
    Removing stm32f10x_i2c.o(i.I2C_FastModeDutyCycleConfig), (28 bytes).
    Removing stm32f10x_i2c.o(i.I2C_GeneralCallCmd), (24 bytes).
    Removing stm32f10x_i2c.o(i.I2C_GenerateSTART), (24 bytes).
    Removing stm32f10x_i2c.o(i.I2C_GenerateSTOP), (24 bytes).
    Removing stm32f10x_i2c.o(i.I2C_GetFlagStatus), (58 bytes).
    Removing stm32f10x_i2c.o(i.I2C_GetITStatus), (38 bytes).
    Removing stm32f10x_i2c.o(i.I2C_GetLastEvent), (26 bytes).
    Removing stm32f10x_i2c.o(i.I2C_GetPEC), (8 bytes).
    Removing stm32f10x_i2c.o(i.I2C_ITConfig), (18 bytes).
    Removing stm32f10x_i2c.o(i.I2C_Init), (236 bytes).
    Removing stm32f10x_i2c.o(i.I2C_NACKPositionConfig), (28 bytes).
    Removing stm32f10x_i2c.o(i.I2C_OwnAddress2Config), (22 bytes).
    Removing stm32f10x_i2c.o(i.I2C_PECPositionConfig), (28 bytes).
    Removing stm32f10x_i2c.o(i.I2C_ReadRegister), (22 bytes).
    Removing stm32f10x_i2c.o(i.I2C_ReceiveData), (8 bytes).
    Removing stm32f10x_i2c.o(i.I2C_SMBusAlertConfig), (28 bytes).
    Removing stm32f10x_i2c.o(i.I2C_Send7bitAddress), (18 bytes).
    Removing stm32f10x_i2c.o(i.I2C_SendData), (4 bytes).
    Removing stm32f10x_i2c.o(i.I2C_SoftwareResetCmd), (22 bytes).
    Removing stm32f10x_i2c.o(i.I2C_StretchClockCmd), (24 bytes).
    Removing stm32f10x_i2c.o(i.I2C_StructInit), (30 bytes).
    Removing stm32f10x_i2c.o(i.I2C_TransmitPEC), (24 bytes).
    Removing stm32f10x_iwdg.o(i.IWDG_Enable), (16 bytes).
    Removing stm32f10x_iwdg.o(i.IWDG_GetFlagStatus), (24 bytes).
    Removing stm32f10x_iwdg.o(i.IWDG_ReloadCounter), (16 bytes).
    Removing stm32f10x_iwdg.o(i.IWDG_SetPrescaler), (12 bytes).
    Removing stm32f10x_iwdg.o(i.IWDG_SetReload), (12 bytes).
    Removing stm32f10x_iwdg.o(i.IWDG_WriteAccessCmd), (12 bytes).
    Removing stm32f10x_pwr.o(i.PWR_BackupAccessCmd), (12 bytes).
    Removing stm32f10x_pwr.o(i.PWR_ClearFlag), (20 bytes).
    Removing stm32f10x_pwr.o(i.PWR_DeInit), (22 bytes).
    Removing stm32f10x_pwr.o(i.PWR_EnterSTANDBYMode), (52 bytes).
    Removing stm32f10x_pwr.o(i.PWR_EnterSTOPMode), (64 bytes).
    Removing stm32f10x_pwr.o(i.PWR_GetFlagStatus), (24 bytes).
    Removing stm32f10x_pwr.o(i.PWR_PVDCmd), (12 bytes).
    Removing stm32f10x_pwr.o(i.PWR_PVDLevelConfig), (24 bytes).
    Removing stm32f10x_pwr.o(i.PWR_WakeUpPinCmd), (12 bytes).
    Removing stm32f10x_rtc.o(i.RTC_ClearFlag), (16 bytes).
    Removing stm32f10x_rtc.o(i.RTC_ClearITPendingBit), (16 bytes).
    Removing stm32f10x_rtc.o(i.RTC_EnterConfigMode), (20 bytes).
    Removing stm32f10x_rtc.o(i.RTC_ExitConfigMode), (20 bytes).
    Removing stm32f10x_rtc.o(i.RTC_GetCounter), (20 bytes).
    Removing stm32f10x_rtc.o(i.RTC_GetDivider), (24 bytes).
    Removing stm32f10x_rtc.o(i.RTC_GetFlagStatus), (24 bytes).
    Removing stm32f10x_rtc.o(i.RTC_GetITStatus), (36 bytes).
    Removing stm32f10x_rtc.o(i.RTC_ITConfig), (32 bytes).
    Removing stm32f10x_rtc.o(i.RTC_SetAlarm), (28 bytes).
    Removing stm32f10x_rtc.o(i.RTC_SetCounter), (28 bytes).
    Removing stm32f10x_rtc.o(i.RTC_SetPrescaler), (32 bytes).
    Removing stm32f10x_rtc.o(i.RTC_WaitForLastTask), (20 bytes).
    Removing stm32f10x_rtc.o(i.RTC_WaitForSynchro), (36 bytes).
    Removing stm32f10x_sdio.o(i.SDIO_CEATAITCmd), (16 bytes).
    Removing stm32f10x_sdio.o(i.SDIO_ClearFlag), (12 bytes).
    Removing stm32f10x_sdio.o(i.SDIO_ClearITPendingBit), (12 bytes).
    Removing stm32f10x_sdio.o(i.SDIO_ClockCmd), (12 bytes).
    Removing stm32f10x_sdio.o(i.SDIO_CmdStructInit), (14 bytes).
    Removing stm32f10x_sdio.o(i.SDIO_CommandCompletionCmd), (12 bytes).
    Removing stm32f10x_sdio.o(i.SDIO_DMACmd), (12 bytes).
    Removing stm32f10x_sdio.o(i.SDIO_DataConfig), (48 bytes).
    Removing stm32f10x_sdio.o(i.SDIO_DataStructInit), (20 bytes).
    Removing stm32f10x_sdio.o(i.SDIO_DeInit), (36 bytes).
    Removing stm32f10x_sdio.o(i.SDIO_GetCommandResponse), (12 bytes).
    Removing stm32f10x_sdio.o(i.SDIO_GetDataCounter), (12 bytes).
    Removing stm32f10x_sdio.o(i.SDIO_GetFIFOCount), (12 bytes).
    Removing stm32f10x_sdio.o(i.SDIO_GetFlagStatus), (24 bytes).
    Removing stm32f10x_sdio.o(i.SDIO_GetITStatus), (24 bytes).
    Removing stm32f10x_sdio.o(i.SDIO_GetPowerState), (16 bytes).
    Removing stm32f10x_sdio.o(i.SDIO_GetResponse), (24 bytes).
    Removing stm32f10x_sdio.o(i.SDIO_ITConfig), (32 bytes).
    Removing stm32f10x_sdio.o(i.SDIO_Init), (48 bytes).
    Removing stm32f10x_sdio.o(i.SDIO_ReadData), (12 bytes).
    Removing stm32f10x_sdio.o(i.SDIO_SendCEATACmd), (12 bytes).
    Removing stm32f10x_sdio.o(i.SDIO_SendCommand), (44 bytes).
    Removing stm32f10x_sdio.o(i.SDIO_SendSDIOSuspendCmd), (12 bytes).
    Removing stm32f10x_sdio.o(i.SDIO_SetPowerState), (28 bytes).
    Removing stm32f10x_sdio.o(i.SDIO_SetSDIOOperation), (12 bytes).
    Removing stm32f10x_sdio.o(i.SDIO_SetSDIOReadWaitMode), (12 bytes).
    Removing stm32f10x_sdio.o(i.SDIO_StartSDIOReadWait), (12 bytes).
    Removing stm32f10x_sdio.o(i.SDIO_StopSDIOReadWait), (12 bytes).
    Removing stm32f10x_sdio.o(i.SDIO_StructInit), (16 bytes).
    Removing stm32f10x_sdio.o(i.SDIO_WriteData), (12 bytes).
    Removing stm32f10x_spi.o(i.I2S_Cmd), (24 bytes).
    Removing stm32f10x_spi.o(i.I2S_Init), (232 bytes).
    Removing stm32f10x_spi.o(i.I2S_StructInit), (20 bytes).
    Removing stm32f10x_spi.o(i.SPI_BiDirectionalLineConfig), (28 bytes).
    Removing stm32f10x_spi.o(i.SPI_CalculateCRC), (24 bytes).
    Removing stm32f10x_spi.o(i.SPI_Cmd), (24 bytes).
    Removing stm32f10x_spi.o(i.SPI_DataSizeConfig), (18 bytes).
    Removing stm32f10x_spi.o(i.SPI_GetCRC), (16 bytes).
    Removing stm32f10x_spi.o(i.SPI_GetCRCPolynomial), (6 bytes).
    Removing stm32f10x_spi.o(i.SPI_I2S_ClearFlag), (6 bytes).
    Removing stm32f10x_spi.o(i.SPI_I2S_ClearITPendingBit), (20 bytes).
    Removing stm32f10x_spi.o(i.SPI_I2S_DMACmd), (18 bytes).
    Removing stm32f10x_spi.o(i.SPI_I2S_DeInit), (88 bytes).
    Removing stm32f10x_spi.o(i.SPI_I2S_GetFlagStatus), (18 bytes).
    Removing stm32f10x_spi.o(i.SPI_I2S_GetITStatus), (52 bytes).
    Removing stm32f10x_spi.o(i.SPI_I2S_ITConfig), (32 bytes).
    Removing stm32f10x_spi.o(i.SPI_I2S_ReceiveData), (6 bytes).
    Removing stm32f10x_spi.o(i.SPI_I2S_SendData), (4 bytes).
    Removing stm32f10x_spi.o(i.SPI_Init), (60 bytes).
    Removing stm32f10x_spi.o(i.SPI_NSSInternalSoftwareConfig), (30 bytes).
    Removing stm32f10x_spi.o(i.SPI_SSOutputCmd), (24 bytes).
    Removing stm32f10x_spi.o(i.SPI_StructInit), (24 bytes).
    Removing stm32f10x_spi.o(i.SPI_TransmitCRC), (10 bytes).
    Removing stm32f10x_wwdg.o(i.WWDG_ClearFlag), (12 bytes).
    Removing stm32f10x_wwdg.o(i.WWDG_DeInit), (22 bytes).
    Removing stm32f10x_wwdg.o(i.WWDG_Enable), (16 bytes).
    Removing stm32f10x_wwdg.o(i.WWDG_EnableIT), (12 bytes).
    Removing stm32f10x_wwdg.o(i.WWDG_GetFlagStatus), (12 bytes).
    Removing stm32f10x_wwdg.o(i.WWDG_SetCounter), (16 bytes).
    Removing stm32f10x_wwdg.o(i.WWDG_SetPrescaler), (24 bytes).
    Removing stm32f10x_wwdg.o(i.WWDG_SetWindowValue), (40 bytes).
    Removing core_cm3.o(.emb_text), (32 bytes).
    Removing startup_stm32f10x_hd.o(HEAP), (512 bytes).
    Removing bsp_led.o(i.led_board_off), (20 bytes).
    Removing bsp_led.o(i.led_board_on), (20 bytes).
    Removing bsp_led.o(i.led_red_off), (20 bytes).
    Removing bsp_led.o(i.led_red_on), (20 bytes).
    Removing bsp_key.o(i.get_key_value), (20 bytes).
    Removing bsp_sys.o(.emb_text), (6 bytes).
    Removing bsp_sys.o(i.INTX_DISABLE), (4 bytes).
    Removing bsp_sys.o(i.INTX_ENABLE), (4 bytes).
    Removing bsp_sys.o(i.WFI_SET), (4 bytes).
    Removing bsp_usart.o(i.bsp_usart3_init), (164 bytes).
    Removing bsp_usart.o(i.fputc), (28 bytes).
    Removing bsp_adc.o(i.adc_get_value), (52 bytes).
    Removing bsp_adc.o(i.bsp_adc_init), (140 bytes).
    Removing filter.o(i.FirstOrderLowPassFilter), (148 bytes).
    Removing keyscan.o(i.KeyLift), (80 bytes).
    Removing keyscan.o(i.KeyOk), (28 bytes).
    Removing keyscan.o(i.key_scan), (100 bytes).
    Removing keyscan.o(.data), (20 bytes).
    Removing mpu6050.o(i.MPU_Get_Temperature), (104 bytes).
    Removing mpu6050.o(i.MPU_Write_Len), (96 bytes).
    Removing oled.o(i.OLED_ColorTurn), (28 bytes).
    Removing oled.o(i.OLED_DisPlay_Off), (28 bytes).
    Removing oled.o(i.OLED_DisPlay_On), (28 bytes).
    Removing oled.o(i.OLED_DisplayTurn), (44 bytes).
    Removing oled.o(i.OLED_DrawCircle), (168 bytes).
    Removing oled.o(i.OLED_DrawLine), (172 bytes).
    Removing oled.o(i.OLED_DrawPoint), (120 bytes).
    Removing oled.o(i.OLED_Pow), (22 bytes).
    Removing oled.o(i.OLED_ScrollDisplay), (172 bytes).
    Removing oled.o(i.OLED_ShowChar), (316 bytes).
    Removing oled.o(i.OLED_ShowChinese), (260 bytes).
    Removing oled.o(i.OLED_ShowNum), (140 bytes).
    Removing oled.o(i.OLED_ShowPicture), (214 bytes).
    Removing oled.o(i.OLED_ShowString), (74 bytes).
    Removing oled.o(.constdata), (8240 bytes).
    Removing oled.o(.data), (544 bytes).
    Removing f2d.o(.text), (38 bytes).
    Removing d2f.o(.text), (56 bytes).

467 unused section(s) (total 28466 bytes) removed from the image.

==============================================================================

Image Symbol Table

    Local Symbols

    Symbol Name                              Value     Ov Type        Size  Object(Section)

    ../clib/microlib/errno.c                 0x00000000   Number         0  errno.o ABSOLUTE
    ../clib/microlib/init/entry.s            0x00000000   Number         0  entry.o ABSOLUTE
    ../clib/microlib/init/entry.s            0x00000000   Number         0  entry11a.o ABSOLUTE
    ../clib/microlib/init/entry.s            0x00000000   Number         0  entry11b.o ABSOLUTE
    ../clib/microlib/init/entry.s            0x00000000   Number         0  entry7a.o ABSOLUTE
    ../clib/microlib/init/entry.s            0x00000000   Number         0  entry10b.o ABSOLUTE
    ../clib/microlib/init/entry.s            0x00000000   Number         0  entry7b.o ABSOLUTE
    ../clib/microlib/init/entry.s            0x00000000   Number         0  entry10a.o ABSOLUTE
    ../clib/microlib/init/entry.s            0x00000000   Number         0  entry9b.o ABSOLUTE
    ../clib/microlib/init/entry.s            0x00000000   Number         0  entry8b.o ABSOLUTE
    ../clib/microlib/init/entry.s            0x00000000   Number         0  entry9a.o ABSOLUTE
    ../clib/microlib/init/entry.s            0x00000000   Number         0  entry2.o ABSOLUTE
    ../clib/microlib/init/entry.s            0x00000000   Number         0  entry8a.o ABSOLUTE
    ../clib/microlib/init/entry.s            0x00000000   Number         0  entry5.o ABSOLUTE
    ../clib/microlib/longlong.c              0x00000000   Number         0  llshl.o ABSOLUTE
    ../clib/microlib/longlong.c              0x00000000   Number         0  llushr.o ABSOLUTE
    ../clib/microlib/longlong.c              0x00000000   Number         0  llsshr.o ABSOLUTE
    ../clib/microlib/stubs.s                 0x00000000   Number         0  iusefp.o ABSOLUTE
    ../fplib/microlib/d2f.c                  0x00000000   Number         0  d2f.o ABSOLUTE
    ../fplib/microlib/f2d.c                  0x00000000   Number         0  f2d.o ABSOLUTE
    ../fplib/microlib/fpadd.c                0x00000000   Number         0  fadd.o ABSOLUTE
    ../fplib/microlib/fpadd.c                0x00000000   Number         0  dadd.o ABSOLUTE
    ../fplib/microlib/fpdiv.c                0x00000000   Number         0  ddiv.o ABSOLUTE
    ../fplib/microlib/fpdiv.c                0x00000000   Number         0  fdiv.o ABSOLUTE
    ../fplib/microlib/fpepilogue.c           0x00000000   Number         0  depilogue.o ABSOLUTE
    ../fplib/microlib/fpepilogue.c           0x00000000   Number         0  fepilogue.o ABSOLUTE
    ../fplib/microlib/fpfix.c                0x00000000   Number         0  ffixi.o ABSOLUTE
    ../fplib/microlib/fpfix.c                0x00000000   Number         0  dfixi.o ABSOLUTE
    ../fplib/microlib/fpflt.c                0x00000000   Number         0  ffltui.o ABSOLUTE
    ../fplib/microlib/fpflt.c                0x00000000   Number         0  dflti.o ABSOLUTE
    ../fplib/microlib/fpflt.c                0x00000000   Number         0  fflti.o ABSOLUTE
    ../fplib/microlib/fpmul.c                0x00000000   Number         0  dmul.o ABSOLUTE
    ../fplib/microlib/fpmul.c                0x00000000   Number         0  fmul.o ABSOLUTE
    ../fplib/microlib/fpscalb.c              0x00000000   Number         0  dscalb.o ABSOLUTE
    ../mathlib/atan.c                        0x00000000   Number         0  atan_x.o ABSOLUTE
    ../mathlib/atan.c                        0x00000000   Number         0  atan.o ABSOLUTE
    ../mathlib/atan2.c                       0x00000000   Number         0  atan2.o ABSOLUTE
    ../mathlib/atan2.c                       0x00000000   Number         0  atan2_x.o ABSOLUTE
    ../mathlib/dunder.c                      0x00000000   Number         0  dunder.o ABSOLUTE
    ../mathlib/fpclassify.c                  0x00000000   Number         0  fpclassify.o ABSOLUTE
    ../mathlib/poly.c                        0x00000000   Number         0  poly.o ABSOLUTE
    ../mathlib/qnan.c                        0x00000000   Number         0  qnan.o ABSOLUTE
    ..\CMSIS\Core\core_cm3.c                 0x00000000   Number         0  core_cm3.o ABSOLUTE
    ..\CMSIS\STM32F10x\stm32f10x_it.c        0x00000000   Number         0  stm32f10x_it.o ABSOLUTE
    ..\CMSIS\STM32F10x\system_stm32f10x.c    0x00000000   Number         0  system_stm32f10x.o ABSOLUTE
    ..\CMSIS\Startup\startup_stm32f10x_hd.s  0x00000000   Number         0  startup_stm32f10x_hd.o ABSOLUTE
    ..\Lib\src\misc.c                        0x00000000   Number         0  misc.o ABSOLUTE
    ..\Lib\src\stm32f10x_adc.c               0x00000000   Number         0  stm32f10x_adc.o ABSOLUTE
    ..\Lib\src\stm32f10x_bkp.c               0x00000000   Number         0  stm32f10x_bkp.o ABSOLUTE
    ..\Lib\src\stm32f10x_can.c               0x00000000   Number         0  stm32f10x_can.o ABSOLUTE
    ..\Lib\src\stm32f10x_cec.c               0x00000000   Number         0  stm32f10x_cec.o ABSOLUTE
    ..\Lib\src\stm32f10x_crc.c               0x00000000   Number         0  stm32f10x_crc.o ABSOLUTE
    ..\Lib\src\stm32f10x_dac.c               0x00000000   Number         0  stm32f10x_dac.o ABSOLUTE
    ..\Lib\src\stm32f10x_dbgmcu.c            0x00000000   Number         0  stm32f10x_dbgmcu.o ABSOLUTE
    ..\Lib\src\stm32f10x_dma.c               0x00000000   Number         0  stm32f10x_dma.o ABSOLUTE
    ..\Lib\src\stm32f10x_exti.c              0x00000000   Number         0  stm32f10x_exti.o ABSOLUTE
    ..\Lib\src\stm32f10x_flash.c             0x00000000   Number         0  stm32f10x_flash.o ABSOLUTE
    ..\Lib\src\stm32f10x_fsmc.c              0x00000000   Number         0  stm32f10x_fsmc.o ABSOLUTE
    ..\Lib\src\stm32f10x_gpio.c              0x00000000   Number         0  stm32f10x_gpio.o ABSOLUTE
    ..\Lib\src\stm32f10x_i2c.c               0x00000000   Number         0  stm32f10x_i2c.o ABSOLUTE
    ..\Lib\src\stm32f10x_iwdg.c              0x00000000   Number         0  stm32f10x_iwdg.o ABSOLUTE
    ..\Lib\src\stm32f10x_pwr.c               0x00000000   Number         0  stm32f10x_pwr.o ABSOLUTE
    ..\Lib\src\stm32f10x_rcc.c               0x00000000   Number         0  stm32f10x_rcc.o ABSOLUTE
    ..\Lib\src\stm32f10x_rtc.c               0x00000000   Number         0  stm32f10x_rtc.o ABSOLUTE
    ..\Lib\src\stm32f10x_sdio.c              0x00000000   Number         0  stm32f10x_sdio.o ABSOLUTE
    ..\Lib\src\stm32f10x_spi.c               0x00000000   Number         0  stm32f10x_spi.o ABSOLUTE
    ..\Lib\src\stm32f10x_tim.c               0x00000000   Number         0  stm32f10x_tim.o ABSOLUTE
    ..\Lib\src\stm32f10x_usart.c             0x00000000   Number         0  stm32f10x_usart.o ABSOLUTE
    ..\Lib\src\stm32f10x_wwdg.c              0x00000000   Number         0  stm32f10x_wwdg.o ABSOLUTE
    ..\USER\APP\control.c                    0x00000000   Number         0  control.o ABSOLUTE
    ..\USER\APP\filter.c                     0x00000000   Number         0  filter.o ABSOLUTE
    ..\USER\APP\keyscan.c                    0x00000000   Number         0  keyscan.o ABSOLUTE
    ..\USER\APP\mpu6050.c                    0x00000000   Number         0  mpu6050.o ABSOLUTE
    ..\USER\APP\oled.c                       0x00000000   Number         0  oled.o ABSOLUTE
    ..\USER\BSP\bsp_adc.c                    0x00000000   Number         0  bsp_adc.o ABSOLUTE
    ..\USER\BSP\bsp_delay.c                  0x00000000   Number         0  bsp_delay.o ABSOLUTE
    ..\USER\BSP\bsp_exti.c                   0x00000000   Number         0  bsp_exti.o ABSOLUTE
    ..\USER\BSP\bsp_key.c                    0x00000000   Number         0  bsp_key.o ABSOLUTE
    ..\USER\BSP\bsp_led.c                    0x00000000   Number         0  bsp_led.o ABSOLUTE
    ..\USER\BSP\bsp_motor.c                  0x00000000   Number         0  bsp_motor.o ABSOLUTE
    ..\USER\BSP\bsp_sys.c                    0x00000000   Number         0  bsp_sys.o ABSOLUTE
    ..\USER\BSP\bsp_timer.c                  0x00000000   Number         0  bsp_timer.o ABSOLUTE
    ..\USER\BSP\bsp_usart.c                  0x00000000   Number         0  bsp_usart.o ABSOLUTE
    ..\\CMSIS\\Core\\core_cm3.c              0x00000000   Number         0  core_cm3.o ABSOLUTE
    ..\\USER\\BSP\\bsp_sys.c                 0x00000000   Number         0  bsp_sys.o ABSOLUTE
    cdcmple.s                                0x00000000   Number         0  cdcmple.o ABSOLUTE
    cdrcmple.s                               0x00000000   Number         0  cdrcmple.o ABSOLUTE
    dc.s                                     0x00000000   Number         0  dc.o ABSOLUTE
    handlers.s                               0x00000000   Number         0  handlers.o ABSOLUTE
    init.s                                   0x00000000   Number         0  init.o ABSOLUTE
    main.c                                   0x00000000   Number         0  main.o ABSOLUTE
    RESET                                    0x08000000   Section      304  startup_stm32f10x_hd.o(RESET)
    .ARM.Collect$$$$00000000                 0x08000130   Section        0  entry.o(.ARM.Collect$$$$00000000)
    .ARM.Collect$$$$00000001                 0x08000130   Section        4  entry2.o(.ARM.Collect$$$$00000001)
    .ARM.Collect$$$$00000004                 0x08000134   Section        4  entry5.o(.ARM.Collect$$$$00000004)
    .ARM.Collect$$$$00000008                 0x08000138   Section        0  entry7b.o(.ARM.Collect$$$$00000008)
    .ARM.Collect$$$$0000000A                 0x08000138   Section        0  entry8b.o(.ARM.Collect$$$$0000000A)
    .ARM.Collect$$$$0000000B                 0x08000138   Section        8  entry9a.o(.ARM.Collect$$$$0000000B)
    .ARM.Collect$$$$0000000D                 0x08000140   Section        0  entry10a.o(.ARM.Collect$$$$0000000D)
    .ARM.Collect$$$$0000000F                 0x08000140   Section        0  entry11a.o(.ARM.Collect$$$$0000000F)
    .ARM.Collect$$$$00002712                 0x08000140   Section        4  entry2.o(.ARM.Collect$$$$00002712)
    __lit__00000000                          0x08000140   Data           4  entry2.o(.ARM.Collect$$$$00002712)
    .text                                    0x08000144   Section       36  startup_stm32f10x_hd.o(.text)
    .text                                    0x08000168   Section        0  fadd.o(.text)
    .text                                    0x08000218   Section        0  fmul.o(.text)
    .text                                    0x0800027c   Section        0  fdiv.o(.text)
    .text                                    0x080002f8   Section        0  dadd.o(.text)
    .text                                    0x08000446   Section        0  dmul.o(.text)
    .text                                    0x0800052a   Section        0  ddiv.o(.text)
    .text                                    0x08000608   Section        0  fflti.o(.text)
    .text                                    0x0800061a   Section        0  ffltui.o(.text)
    .text                                    0x08000624   Section        0  dflti.o(.text)
    .text                                    0x08000646   Section        0  ffixi.o(.text)
    .text                                    0x08000678   Section        0  dfixi.o(.text)
    .text                                    0x080006b8   Section       48  cdcmple.o(.text)
    .text                                    0x080006e8   Section       48  cdrcmple.o(.text)
    .text                                    0x08000718   Section        0  llshl.o(.text)
    .text                                    0x08000736   Section        0  llushr.o(.text)
    .text                                    0x08000756   Section        0  llsshr.o(.text)
    .text                                    0x0800077a   Section        0  fepilogue.o(.text)
    .text                                    0x0800077a   Section        0  iusefp.o(.text)
    .text                                    0x080007e8   Section        0  depilogue.o(.text)
    .text                                    0x080008a4   Section       36  init.o(.text)
    .text                                    0x080008c8   Section        0  dscalb.o(.text)
    i.BusFault_Handler                       0x080008f6   Section        0  stm32f10x_it.o(i.BusFault_Handler)
    i.DebugMon_Handler                       0x080008fa   Section        0  stm32f10x_it.o(i.DebugMon_Handler)
    i.DebugUsartMain                         0x080008fc   Section        0  bsp_usart.o(i.DebugUsartMain)
    i.EXTI9_5_IRQHandler                     0x08000914   Section        0  control.o(i.EXTI9_5_IRQHandler)
    i.EXTI_ClearITPendingBit                 0x0800092c   Section        0  stm32f10x_exti.o(i.EXTI_ClearITPendingBit)
    i.EXTI_GetITStatus                       0x08000938   Section        0  stm32f10x_exti.o(i.EXTI_GetITStatus)
    i.EXTI_Init                              0x08000960   Section        0  stm32f10x_exti.o(i.EXTI_Init)
    i.GPIO_EXTILineConfig                    0x080009f4   Section        0  stm32f10x_gpio.o(i.GPIO_EXTILineConfig)
    i.GPIO_Init                              0x08000a34   Section        0  stm32f10x_gpio.o(i.GPIO_Init)
    i.GPIO_PinRemapConfig                    0x08000b4c   Section        0  stm32f10x_gpio.o(i.GPIO_PinRemapConfig)
    i.GPIO_ResetBits                         0x08000bdc   Section        0  stm32f10x_gpio.o(i.GPIO_ResetBits)
    i.GPIO_SetBits                           0x08000be0   Section        0  stm32f10x_gpio.o(i.GPIO_SetBits)
    i.HardFault_Handler                      0x08000be4   Section        0  stm32f10x_it.o(i.HardFault_Handler)
    i.IIC_Ack                                0x08000be8   Section        0  mpu6050.o(i.IIC_Ack)
    i.IIC_NAck                               0x08000c1c   Section        0  mpu6050.o(i.IIC_NAck)
    i.IIC_Read_Byte                          0x08000c50   Section        0  mpu6050.o(i.IIC_Read_Byte)
    i.IIC_Send_Byte                          0x08000ca4   Section        0  mpu6050.o(i.IIC_Send_Byte)
    i.IIC_Start                              0x08000cec   Section        0  mpu6050.o(i.IIC_Start)
    i.IIC_Stop                               0x08000d20   Section        0  mpu6050.o(i.IIC_Stop)
    i.IIC_Wait_Ack                           0x08000d50   Section        0  mpu6050.o(i.IIC_Wait_Ack)
    i.Kalman_Filter                          0x08000d9c   Section        0  filter.o(i.Kalman_Filter)
    i.MPU_Get_Acc                            0x08001014   Section        0  mpu6050.o(i.MPU_Get_Acc)
    i.MPU_Get_Gyro                           0x08001064   Section        0  mpu6050.o(i.MPU_Get_Gyro)
    i.MPU_IIC_Delay                          0x080010b4   Section        0  mpu6050.o(i.MPU_IIC_Delay)
    i.MPU_IIC_Init                           0x080010c0   Section        0  mpu6050.o(i.MPU_IIC_Init)
    i.MPU_Init                               0x0800111c   Section        0  mpu6050.o(i.MPU_Init)
    i.MPU_Read_Byte                          0x080011b0   Section        0  mpu6050.o(i.MPU_Read_Byte)
    i.MPU_Read_Len                           0x080011fa   Section        0  mpu6050.o(i.MPU_Read_Len)
    i.MPU_Set_Accel_Fsr                      0x0800126e   Section        0  mpu6050.o(i.MPU_Set_Accel_Fsr)
    i.MPU_Set_Gyro_Fsr                       0x08001280   Section        0  mpu6050.o(i.MPU_Set_Gyro_Fsr)
    i.MPU_Set_LPF                            0x08001296   Section        0  mpu6050.o(i.MPU_Set_LPF)
    i.MPU_Set_Rate                           0x080012d2   Section        0  mpu6050.o(i.MPU_Set_Rate)
    i.MPU_Write_Byte                         0x0800130e   Section        0  mpu6050.o(i.MPU_Write_Byte)
    i.MemManage_Handler                      0x0800135a   Section        0  stm32f10x_it.o(i.MemManage_Handler)
    i.NMI_Handler                            0x0800135e   Section        0  stm32f10x_it.o(i.NMI_Handler)
    i.NVIC_Init                              0x08001360   Section        0  misc.o(i.NVIC_Init)
    i.NVIC_PriorityGroupConfig               0x080013d0   Section        0  misc.o(i.NVIC_PriorityGroupConfig)
    i.OLED_Clear                             0x080013e4   Section        0  oled.o(i.OLED_Clear)
    i.OLED_Init                              0x08001414   Section        0  oled.o(i.OLED_Init)
    i.OLED_Refresh                           0x080015c0   Section        0  oled.o(i.OLED_Refresh)
    i.OLED_WR_Byte                           0x0800160c   Section        0  oled.o(i.OLED_WR_Byte)
    i.PendSV_Handler                         0x08001678   Section        0  stm32f10x_it.o(i.PendSV_Handler)
    i.RCC_APB1PeriphClockCmd                 0x0800167c   Section        0  stm32f10x_rcc.o(i.RCC_APB1PeriphClockCmd)
    i.RCC_APB2PeriphClockCmd                 0x0800169c   Section        0  stm32f10x_rcc.o(i.RCC_APB2PeriphClockCmd)
    i.RCC_GetClocksFreq                      0x080016bc   Section        0  stm32f10x_rcc.o(i.RCC_GetClocksFreq)
    i.SDA_IN                                 0x08001790   Section        0  mpu6050.o(i.SDA_IN)
    i.SDA_OUT                                0x080017b4   Section        0  mpu6050.o(i.SDA_OUT)
    i.SVC_Handler                            0x080017d8   Section        0  stm32f10x_it.o(i.SVC_Handler)
    i.SetSysClock                            0x080017da   Section        0  system_stm32f10x.o(i.SetSysClock)
    SetSysClock                              0x080017db   Thumb Code     8  system_stm32f10x.o(i.SetSysClock)
    i.SetSysClockTo72                        0x080017e4   Section        0  system_stm32f10x.o(i.SetSysClockTo72)
    SetSysClockTo72                          0x080017e5   Thumb Code   214  system_stm32f10x.o(i.SetSysClockTo72)
    i.SysTick_CLKSourceConfig                0x080018c4   Section        0  misc.o(i.SysTick_CLKSourceConfig)
    i.SysTick_Handler                        0x080018ec   Section        0  stm32f10x_it.o(i.SysTick_Handler)
    i.SystemInit                             0x080018f0   Section        0  system_stm32f10x.o(i.SystemInit)
    i.TI1_Config                             0x08001950   Section        0  stm32f10x_tim.o(i.TI1_Config)
    TI1_Config                               0x08001951   Thumb Code   108  stm32f10x_tim.o(i.TI1_Config)
    i.TI2_Config                             0x080019d0   Section        0  stm32f10x_tim.o(i.TI2_Config)
    TI2_Config                               0x080019d1   Thumb Code   130  stm32f10x_tim.o(i.TI2_Config)
    i.TI3_Config                             0x08001a68   Section        0  stm32f10x_tim.o(i.TI3_Config)
    TI3_Config                               0x08001a69   Thumb Code   122  stm32f10x_tim.o(i.TI3_Config)
    i.TI4_Config                             0x08001af8   Section        0  stm32f10x_tim.o(i.TI4_Config)
    TI4_Config                               0x08001af9   Thumb Code   130  stm32f10x_tim.o(i.TI4_Config)
    i.TIM2_IRQHandler                        0x08001b90   Section        0  bsp_motor.o(i.TIM2_IRQHandler)
    i.TIM3_IRQHandler                        0x08001ba8   Section        0  bsp_timer.o(i.TIM3_IRQHandler)
    i.TIM4_IRQHandler                        0x08001bc4   Section        0  bsp_motor.o(i.TIM4_IRQHandler)
    i.TIM_ARRPreloadConfig                   0x08001bdc   Section        0  stm32f10x_tim.o(i.TIM_ARRPreloadConfig)
    i.TIM_ClearFlag                          0x08001bf4   Section        0  stm32f10x_tim.o(i.TIM_ClearFlag)
    i.TIM_ClearITPendingBit                  0x08001bfa   Section        0  stm32f10x_tim.o(i.TIM_ClearITPendingBit)
    i.TIM_Cmd                                0x08001c00   Section        0  stm32f10x_tim.o(i.TIM_Cmd)
    i.TIM_CtrlPWMOutputs                     0x08001c18   Section        0  stm32f10x_tim.o(i.TIM_CtrlPWMOutputs)
    i.TIM_EncoderInterfaceConfig             0x08001c36   Section        0  stm32f10x_tim.o(i.TIM_EncoderInterfaceConfig)
    i.TIM_GetITStatus                        0x08001c78   Section        0  stm32f10x_tim.o(i.TIM_GetITStatus)
    i.TIM_ICInit                             0x08001c9c   Section        0  stm32f10x_tim.o(i.TIM_ICInit)
    i.TIM_ICStructInit                       0x08001d48   Section        0  stm32f10x_tim.o(i.TIM_ICStructInit)
    i.TIM_ITConfig                           0x08001d5a   Section        0  stm32f10x_tim.o(i.TIM_ITConfig)
    i.TIM_OC1Init                            0x08001d6c   Section        0  stm32f10x_tim.o(i.TIM_OC1Init)
    i.TIM_OC1PreloadConfig                   0x08001e04   Section        0  stm32f10x_tim.o(i.TIM_OC1PreloadConfig)
    i.TIM_OC4Init                            0x08001e18   Section        0  stm32f10x_tim.o(i.TIM_OC4Init)
    i.TIM_OC4PreloadConfig                   0x08001e94   Section        0  stm32f10x_tim.o(i.TIM_OC4PreloadConfig)
    i.TIM_SetCompare1                        0x08001eae   Section        0  stm32f10x_tim.o(i.TIM_SetCompare1)
    i.TIM_SetCompare4                        0x08001eb2   Section        0  stm32f10x_tim.o(i.TIM_SetCompare4)
    i.TIM_SetCounter                         0x08001eb8   Section        0  stm32f10x_tim.o(i.TIM_SetCounter)
    i.TIM_SetIC1Prescaler                    0x08001ebc   Section        0  stm32f10x_tim.o(i.TIM_SetIC1Prescaler)
    i.TIM_SetIC2Prescaler                    0x08001ece   Section        0  stm32f10x_tim.o(i.TIM_SetIC2Prescaler)
    i.TIM_SetIC3Prescaler                    0x08001ee8   Section        0  stm32f10x_tim.o(i.TIM_SetIC3Prescaler)
    i.TIM_SetIC4Prescaler                    0x08001efa   Section        0  stm32f10x_tim.o(i.TIM_SetIC4Prescaler)
    i.TIM_TimeBaseInit                       0x08001f14   Section        0  stm32f10x_tim.o(i.TIM_TimeBaseInit)
    i.TIM_TimeBaseStructInit                 0x08001fb8   Section        0  stm32f10x_tim.o(i.TIM_TimeBaseStructInit)
    i.USART1_IRQHandler                      0x08001fcc   Section        0  bsp_usart.o(i.USART1_IRQHandler)
    i.USART3_IRQHandler                      0x08001ff0   Section        0  bsp_usart.o(i.USART3_IRQHandler)
    i.USART_ClearITPendingBit                0x08002010   Section        0  stm32f10x_usart.o(i.USART_ClearITPendingBit)
    i.USART_Cmd                              0x0800202e   Section        0  stm32f10x_usart.o(i.USART_Cmd)
    i.USART_GetITStatus                      0x08002046   Section        0  stm32f10x_usart.o(i.USART_GetITStatus)
    i.USART_ITConfig                         0x0800209a   Section        0  stm32f10x_usart.o(i.USART_ITConfig)
    i.USART_Init                             0x080020e4   Section        0  stm32f10x_usart.o(i.USART_Init)
    i.USART_ReceiveData                      0x080021bc   Section        0  stm32f10x_usart.o(i.USART_ReceiveData)
    i.USART_SendData                         0x080021c6   Section        0  stm32f10x_usart.o(i.USART_SendData)
    i.UsageFault_Handler                     0x080021ce   Section        0  stm32f10x_it.o(i.UsageFault_Handler)
    i.__ARM_fpclassify                       0x080021d2   Section        0  fpclassify.o(i.__ARM_fpclassify)
    i.__kernel_poly                          0x080021fa   Section        0  poly.o(i.__kernel_poly)
    i.__mathlib_dbl_infnan                   0x080022a4   Section        0  dunder.o(i.__mathlib_dbl_infnan)
    i.__mathlib_dbl_infnan2                  0x080022aa   Section        0  dunder.o(i.__mathlib_dbl_infnan2)
    i.__mathlib_dbl_underflow                0x080022b0   Section        0  dunder.o(i.__mathlib_dbl_underflow)
    i.__scatterload_copy                     0x080022c0   Section       14  handlers.o(i.__scatterload_copy)
    i.__scatterload_null                     0x080022ce   Section        2  handlers.o(i.__scatterload_null)
    i.__scatterload_zeroinit                 0x080022d0   Section       14  handlers.o(i.__scatterload_zeroinit)
    i.angle_control                          0x080022e0   Section        0  control.o(i.angle_control)
    i.atan                                   0x0800234c   Section        0  atan.o(i.atan)
    i.atan2                                  0x0800256c   Section        0  atan2.o(i.atan2)
    i.bsp_encoder_init                       0x080026ec   Section        0  bsp_motor.o(i.bsp_encoder_init)
    i.bsp_exti_init                          0x0800281c   Section        0  bsp_exti.o(i.bsp_exti_init)
    i.bsp_key_init                           0x0800288c   Section        0  bsp_key.o(i.bsp_key_init)
    i.bsp_led_init                           0x080028c8   Section        0  bsp_led.o(i.bsp_led_init)
    i.bsp_motor_dir_init                     0x08002910   Section        0  bsp_motor.o(i.bsp_motor_dir_init)
    i.bsp_motor_init                         0x0800293c   Section        0  bsp_motor.o(i.bsp_motor_init)
    i.bsp_motor_pwm_init                     0x08002954   Section        0  bsp_motor.o(i.bsp_motor_pwm_init)
    i.bsp_timer3_init                        0x08002a04   Section        0  bsp_timer.o(i.bsp_timer3_init)
    i.bsp_usart1_init                        0x08002a6c   Section        0  bsp_usart.o(i.bsp_usart1_init)
    i.car_control                            0x08002b08   Section        0  control.o(i.car_control)
    i.delay_init                             0x08002c60   Section        0  bsp_delay.o(i.delay_init)
    i.delay_ms                               0x08002ca4   Section        0  bsp_delay.o(i.delay_ms)
    i.delay_us                               0x08002cf0   Section        0  bsp_delay.o(i.delay_us)
    i.main                                   0x08002d3c   Section        0  main.o(i.main)
    i.motor_pwm_set                          0x08002d78   Section        0  bsp_motor.o(i.motor_pwm_set)
    i.read_encoder                           0x08002e60   Section        0  bsp_motor.o(i.read_encoder)
    i.speed_control                          0x08002eb0   Section        0  control.o(i.speed_control)
    i.turn_control                           0x08002ffc   Section        0  control.o(i.turn_control)
    .constdata                               0x08003040   Section      152  atan.o(.constdata)
    atanhi                                   0x08003040   Data          32  atan.o(.constdata)
    atanlo                                   0x08003060   Data          32  atan.o(.constdata)
    aTodd                                    0x08003080   Data          40  atan.o(.constdata)
    aTeven                                   0x080030a8   Data          48  atan.o(.constdata)
    .constdata                               0x080030d8   Section        8  qnan.o(.constdata)
    .data                                    0x20000000   Section       20  system_stm32f10x.o(.data)
    .data                                    0x20000014   Section       20  stm32f10x_rcc.o(.data)
    APBAHBPrescTable                         0x20000014   Data          16  stm32f10x_rcc.o(.data)
    ADCPrescTable                            0x20000024   Data           4  stm32f10x_rcc.o(.data)
    .data                                    0x20000028   Section        4  bsp_delay.o(.data)
    fac_us                                   0x20000028   Data           1  bsp_delay.o(.data)
    fac_ms                                   0x2000002a   Data           2  bsp_delay.o(.data)
    .data                                    0x2000002c   Section       60  control.o(.data)
    speedBiasLowOut                          0x20000062   Data           2  control.o(.data)
    speedBiasLowOutLast                      0x20000064   Data           2  control.o(.data)
    speedAdd                                 0x20000066   Data           2  control.o(.data)
    .data                                    0x20000068   Section       84  filter.o(.data)
    .data                                    0x200000bc   Section       13  mpu6050.o(.data)
    .bss                                     0x200000cc   Section       16  filter.o(.bss)
    .bss                                     0x200000dc   Section     1152  oled.o(.bss)
    STACK                                    0x20000560   Section     1024  startup_stm32f10x_hd.o(STACK)

    Global Symbols

    Symbol Name                              Value     Ov Type        Size  Object(Section)

    BuildAttributes$$THM_ISAv4$P$D$K$B$S$PE$A:L22UL41UL21$X:L11$S22US41US21$IEEE1$IW$USESV6$~STKCKD$USESV7$~SHL$OTIME$ROPI$IEEEX$EBA8$MICROLIB$REQ8$PRES8$EABIv2 0x00000000   Number         0  anon$$obj.o ABSOLUTE
    __ARM_use_no_argv                        0x00000000   Number         0  main.o ABSOLUTE
    __cpp_initialize__aeabi_                  - Undefined Weak Reference
    __cxa_finalize                            - Undefined Weak Reference
    __decompress                              - Undefined Weak Reference
    _clock_init                               - Undefined Weak Reference
    _microlib_exit                            - Undefined Weak Reference
    __Vectors_Size                           0x00000130   Number         0  startup_stm32f10x_hd.o ABSOLUTE
    __Vectors                                0x08000000   Data           4  startup_stm32f10x_hd.o(RESET)
    __Vectors_End                            0x08000130   Data           0  startup_stm32f10x_hd.o(RESET)
    __main                                   0x08000131   Thumb Code     0  entry.o(.ARM.Collect$$$$00000000)
    _main_stk                                0x08000131   Thumb Code     0  entry2.o(.ARM.Collect$$$$00000001)
    _main_scatterload                        0x08000135   Thumb Code     0  entry5.o(.ARM.Collect$$$$00000004)
    __main_after_scatterload                 0x08000139   Thumb Code     0  entry5.o(.ARM.Collect$$$$00000004)
    _main_clock                              0x08000139   Thumb Code     0  entry7b.o(.ARM.Collect$$$$00000008)
    _main_cpp_init                           0x08000139   Thumb Code     0  entry8b.o(.ARM.Collect$$$$0000000A)
    _main_init                               0x08000139   Thumb Code     0  entry9a.o(.ARM.Collect$$$$0000000B)
    __rt_final_cpp                           0x08000141   Thumb Code     0  entry10a.o(.ARM.Collect$$$$0000000D)
    __rt_final_exit                          0x08000141   Thumb Code     0  entry11a.o(.ARM.Collect$$$$0000000F)
    Reset_Handler                            0x08000145   Thumb Code     8  startup_stm32f10x_hd.o(.text)
    ADC1_2_IRQHandler                        0x0800015f   Thumb Code     0  startup_stm32f10x_hd.o(.text)
    ADC3_IRQHandler                          0x0800015f   Thumb Code     0  startup_stm32f10x_hd.o(.text)
    CAN1_RX1_IRQHandler                      0x0800015f   Thumb Code     0  startup_stm32f10x_hd.o(.text)
    CAN1_SCE_IRQHandler                      0x0800015f   Thumb Code     0  startup_stm32f10x_hd.o(.text)
    DMA1_Channel1_IRQHandler                 0x0800015f   Thumb Code     0  startup_stm32f10x_hd.o(.text)
    DMA1_Channel2_IRQHandler                 0x0800015f   Thumb Code     0  startup_stm32f10x_hd.o(.text)
    DMA1_Channel3_IRQHandler                 0x0800015f   Thumb Code     0  startup_stm32f10x_hd.o(.text)
    DMA1_Channel4_IRQHandler                 0x0800015f   Thumb Code     0  startup_stm32f10x_hd.o(.text)
    DMA1_Channel5_IRQHandler                 0x0800015f   Thumb Code     0  startup_stm32f10x_hd.o(.text)
    DMA1_Channel6_IRQHandler                 0x0800015f   Thumb Code     0  startup_stm32f10x_hd.o(.text)
    DMA1_Channel7_IRQHandler                 0x0800015f   Thumb Code     0  startup_stm32f10x_hd.o(.text)
    DMA2_Channel1_IRQHandler                 0x0800015f   Thumb Code     0  startup_stm32f10x_hd.o(.text)
    DMA2_Channel2_IRQHandler                 0x0800015f   Thumb Code     0  startup_stm32f10x_hd.o(.text)
    DMA2_Channel3_IRQHandler                 0x0800015f   Thumb Code     0  startup_stm32f10x_hd.o(.text)
    DMA2_Channel4_5_IRQHandler               0x0800015f   Thumb Code     0  startup_stm32f10x_hd.o(.text)
    EXTI0_IRQHandler                         0x0800015f   Thumb Code     0  startup_stm32f10x_hd.o(.text)
    EXTI15_10_IRQHandler                     0x0800015f   Thumb Code     0  startup_stm32f10x_hd.o(.text)
    EXTI1_IRQHandler                         0x0800015f   Thumb Code     0  startup_stm32f10x_hd.o(.text)
    EXTI2_IRQHandler                         0x0800015f   Thumb Code     0  startup_stm32f10x_hd.o(.text)
    EXTI3_IRQHandler                         0x0800015f   Thumb Code     0  startup_stm32f10x_hd.o(.text)
    EXTI4_IRQHandler                         0x0800015f   Thumb Code     0  startup_stm32f10x_hd.o(.text)
    FLASH_IRQHandler                         0x0800015f   Thumb Code     0  startup_stm32f10x_hd.o(.text)
    FSMC_IRQHandler                          0x0800015f   Thumb Code     0  startup_stm32f10x_hd.o(.text)
    I2C1_ER_IRQHandler                       0x0800015f   Thumb Code     0  startup_stm32f10x_hd.o(.text)
    I2C1_EV_IRQHandler                       0x0800015f   Thumb Code     0  startup_stm32f10x_hd.o(.text)
    I2C2_ER_IRQHandler                       0x0800015f   Thumb Code     0  startup_stm32f10x_hd.o(.text)
    I2C2_EV_IRQHandler                       0x0800015f   Thumb Code     0  startup_stm32f10x_hd.o(.text)
    PVD_IRQHandler                           0x0800015f   Thumb Code     0  startup_stm32f10x_hd.o(.text)
    RCC_IRQHandler                           0x0800015f   Thumb Code     0  startup_stm32f10x_hd.o(.text)
    RTCAlarm_IRQHandler                      0x0800015f   Thumb Code     0  startup_stm32f10x_hd.o(.text)
    RTC_IRQHandler                           0x0800015f   Thumb Code     0  startup_stm32f10x_hd.o(.text)
    SDIO_IRQHandler                          0x0800015f   Thumb Code     0  startup_stm32f10x_hd.o(.text)
    SPI1_IRQHandler                          0x0800015f   Thumb Code     0  startup_stm32f10x_hd.o(.text)
    SPI2_IRQHandler                          0x0800015f   Thumb Code     0  startup_stm32f10x_hd.o(.text)
    SPI3_IRQHandler                          0x0800015f   Thumb Code     0  startup_stm32f10x_hd.o(.text)
    TAMPER_IRQHandler                        0x0800015f   Thumb Code     0  startup_stm32f10x_hd.o(.text)
    TIM1_BRK_IRQHandler                      0x0800015f   Thumb Code     0  startup_stm32f10x_hd.o(.text)
    TIM1_CC_IRQHandler                       0x0800015f   Thumb Code     0  startup_stm32f10x_hd.o(.text)
    TIM1_TRG_COM_IRQHandler                  0x0800015f   Thumb Code     0  startup_stm32f10x_hd.o(.text)
    TIM1_UP_IRQHandler                       0x0800015f   Thumb Code     0  startup_stm32f10x_hd.o(.text)
    TIM5_IRQHandler                          0x0800015f   Thumb Code     0  startup_stm32f10x_hd.o(.text)
    TIM6_IRQHandler                          0x0800015f   Thumb Code     0  startup_stm32f10x_hd.o(.text)
    TIM7_IRQHandler                          0x0800015f   Thumb Code     0  startup_stm32f10x_hd.o(.text)
    TIM8_BRK_IRQHandler                      0x0800015f   Thumb Code     0  startup_stm32f10x_hd.o(.text)
    TIM8_CC_IRQHandler                       0x0800015f   Thumb Code     0  startup_stm32f10x_hd.o(.text)
    TIM8_TRG_COM_IRQHandler                  0x0800015f   Thumb Code     0  startup_stm32f10x_hd.o(.text)
    TIM8_UP_IRQHandler                       0x0800015f   Thumb Code     0  startup_stm32f10x_hd.o(.text)
    UART4_IRQHandler                         0x0800015f   Thumb Code     0  startup_stm32f10x_hd.o(.text)
    UART5_IRQHandler                         0x0800015f   Thumb Code     0  startup_stm32f10x_hd.o(.text)
    USART2_IRQHandler                        0x0800015f   Thumb Code     0  startup_stm32f10x_hd.o(.text)
    USBWakeUp_IRQHandler                     0x0800015f   Thumb Code     0  startup_stm32f10x_hd.o(.text)
    USB_HP_CAN1_TX_IRQHandler                0x0800015f   Thumb Code     0  startup_stm32f10x_hd.o(.text)
    USB_LP_CAN1_RX0_IRQHandler               0x0800015f   Thumb Code     0  startup_stm32f10x_hd.o(.text)
    WWDG_IRQHandler                          0x0800015f   Thumb Code     0  startup_stm32f10x_hd.o(.text)
    __aeabi_fadd                             0x08000169   Thumb Code   164  fadd.o(.text)
    __aeabi_fsub                             0x0800020d   Thumb Code     6  fadd.o(.text)
    __aeabi_frsub                            0x08000213   Thumb Code     6  fadd.o(.text)
    __aeabi_fmul                             0x08000219   Thumb Code   100  fmul.o(.text)
    __aeabi_fdiv                             0x0800027d   Thumb Code   124  fdiv.o(.text)
    __aeabi_dadd                             0x080002f9   Thumb Code   322  dadd.o(.text)
    __aeabi_dsub                             0x0800043b   Thumb Code     6  dadd.o(.text)
    __aeabi_drsub                            0x08000441   Thumb Code     6  dadd.o(.text)
    __aeabi_dmul                             0x08000447   Thumb Code   228  dmul.o(.text)
    __aeabi_ddiv                             0x0800052b   Thumb Code   222  ddiv.o(.text)
    __aeabi_i2f                              0x08000609   Thumb Code    18  fflti.o(.text)
    __aeabi_ui2f                             0x0800061b   Thumb Code    10  ffltui.o(.text)
    __aeabi_i2d                              0x08000625   Thumb Code    34  dflti.o(.text)
    __aeabi_f2iz                             0x08000647   Thumb Code    50  ffixi.o(.text)
    __aeabi_d2iz                             0x08000679   Thumb Code    62  dfixi.o(.text)
    __aeabi_cdcmpeq                          0x080006b9   Thumb Code     0  cdcmple.o(.text)
    __aeabi_cdcmple                          0x080006b9   Thumb Code    48  cdcmple.o(.text)
    __aeabi_cdrcmple                         0x080006e9   Thumb Code    48  cdrcmple.o(.text)
    __aeabi_llsl                             0x08000719   Thumb Code    30  llshl.o(.text)
    _ll_shift_l                              0x08000719   Thumb Code     0  llshl.o(.text)
    __aeabi_llsr                             0x08000737   Thumb Code    32  llushr.o(.text)
    _ll_ushift_r                             0x08000737   Thumb Code     0  llushr.o(.text)
    __aeabi_lasr                             0x08000757   Thumb Code    36  llsshr.o(.text)
    _ll_sshift_r                             0x08000757   Thumb Code     0  llsshr.o(.text)
    __I$use$fp                               0x0800077b   Thumb Code     0  iusefp.o(.text)
    _float_round                             0x0800077b   Thumb Code    18  fepilogue.o(.text)
    _float_epilogue                          0x0800078d   Thumb Code    92  fepilogue.o(.text)
    _double_round                            0x080007e9   Thumb Code    30  depilogue.o(.text)
    _double_epilogue                         0x08000807   Thumb Code   156  depilogue.o(.text)
    __scatterload                            0x080008a5   Thumb Code    28  init.o(.text)
    __scatterload_rt2                        0x080008a5   Thumb Code     0  init.o(.text)
    __ARM_scalbn                             0x080008c9   Thumb Code    46  dscalb.o(.text)
    scalbn                                   0x080008c9   Thumb Code     0  dscalb.o(.text)
    BusFault_Handler                         0x080008f7   Thumb Code     4  stm32f10x_it.o(i.BusFault_Handler)
    DebugMon_Handler                         0x080008fb   Thumb Code     2  stm32f10x_it.o(i.DebugMon_Handler)
    DebugUsartMain                           0x080008fd   Thumb Code    20  bsp_usart.o(i.DebugUsartMain)
    EXTI9_5_IRQHandler                       0x08000915   Thumb Code    24  control.o(i.EXTI9_5_IRQHandler)
    EXTI_ClearITPendingBit                   0x0800092d   Thumb Code     6  stm32f10x_exti.o(i.EXTI_ClearITPendingBit)
    EXTI_GetITStatus                         0x08000939   Thumb Code    34  stm32f10x_exti.o(i.EXTI_GetITStatus)
    EXTI_Init                                0x08000961   Thumb Code   142  stm32f10x_exti.o(i.EXTI_Init)
    GPIO_EXTILineConfig                      0x080009f5   Thumb Code    60  stm32f10x_gpio.o(i.GPIO_EXTILineConfig)
    GPIO_Init                                0x08000a35   Thumb Code   278  stm32f10x_gpio.o(i.GPIO_Init)
    GPIO_PinRemapConfig                      0x08000b4d   Thumb Code   138  stm32f10x_gpio.o(i.GPIO_PinRemapConfig)
    GPIO_ResetBits                           0x08000bdd   Thumb Code     4  stm32f10x_gpio.o(i.GPIO_ResetBits)
    GPIO_SetBits                             0x08000be1   Thumb Code     4  stm32f10x_gpio.o(i.GPIO_SetBits)
    HardFault_Handler                        0x08000be5   Thumb Code     4  stm32f10x_it.o(i.HardFault_Handler)
    IIC_Ack                                  0x08000be9   Thumb Code    44  mpu6050.o(i.IIC_Ack)
    IIC_NAck                                 0x08000c1d   Thumb Code    44  mpu6050.o(i.IIC_NAck)
    IIC_Read_Byte                            0x08000c51   Thumb Code    76  mpu6050.o(i.IIC_Read_Byte)
    IIC_Send_Byte                            0x08000ca5   Thumb Code    62  mpu6050.o(i.IIC_Send_Byte)
    IIC_Start                                0x08000ced   Thumb Code    42  mpu6050.o(i.IIC_Start)
    IIC_Stop                                 0x08000d21   Thumb Code    40  mpu6050.o(i.IIC_Stop)
    IIC_Wait_Ack                             0x08000d51   Thumb Code    68  mpu6050.o(i.IIC_Wait_Ack)
    Kalman_Filter                            0x08000d9d   Thumb Code   558  filter.o(i.Kalman_Filter)
    MPU_Get_Acc                              0x08001015   Thumb Code    80  mpu6050.o(i.MPU_Get_Acc)
    MPU_Get_Gyro                             0x08001065   Thumb Code    80  mpu6050.o(i.MPU_Get_Gyro)
    MPU_IIC_Delay                            0x080010b5   Thumb Code    10  mpu6050.o(i.MPU_IIC_Delay)
    MPU_IIC_Init                             0x080010c1   Thumb Code    80  mpu6050.o(i.MPU_IIC_Init)
    MPU_Init                                 0x0800111d   Thumb Code   144  mpu6050.o(i.MPU_Init)
    MPU_Read_Byte                            0x080011b1   Thumb Code    74  mpu6050.o(i.MPU_Read_Byte)
    MPU_Read_Len                             0x080011fb   Thumb Code   116  mpu6050.o(i.MPU_Read_Len)
    MPU_Set_Accel_Fsr                        0x0800126f   Thumb Code    18  mpu6050.o(i.MPU_Set_Accel_Fsr)
    MPU_Set_Gyro_Fsr                         0x08001281   Thumb Code    22  mpu6050.o(i.MPU_Set_Gyro_Fsr)
    MPU_Set_LPF                              0x08001297   Thumb Code    60  mpu6050.o(i.MPU_Set_LPF)
    MPU_Set_Rate                             0x080012d3   Thumb Code    60  mpu6050.o(i.MPU_Set_Rate)
    MPU_Write_Byte                           0x0800130f   Thumb Code    76  mpu6050.o(i.MPU_Write_Byte)
    MemManage_Handler                        0x0800135b   Thumb Code     4  stm32f10x_it.o(i.MemManage_Handler)
    NMI_Handler                              0x0800135f   Thumb Code     2  stm32f10x_it.o(i.NMI_Handler)
    NVIC_Init                                0x08001361   Thumb Code   100  misc.o(i.NVIC_Init)
    NVIC_PriorityGroupConfig                 0x080013d1   Thumb Code    10  misc.o(i.NVIC_PriorityGroupConfig)
    OLED_Clear                               0x080013e5   Thumb Code    42  oled.o(i.OLED_Clear)
    OLED_Init                                0x08001415   Thumb Code   416  oled.o(i.OLED_Init)
    OLED_Refresh                             0x080015c1   Thumb Code    70  oled.o(i.OLED_Refresh)
    OLED_WR_Byte                             0x0800160d   Thumb Code   100  oled.o(i.OLED_WR_Byte)
    PendSV_Handler                           0x08001679   Thumb Code     2  stm32f10x_it.o(i.PendSV_Handler)
    RCC_APB1PeriphClockCmd                   0x0800167d   Thumb Code    26  stm32f10x_rcc.o(i.RCC_APB1PeriphClockCmd)
    RCC_APB2PeriphClockCmd                   0x0800169d   Thumb Code    26  stm32f10x_rcc.o(i.RCC_APB2PeriphClockCmd)
    RCC_GetClocksFreq                        0x080016bd   Thumb Code   192  stm32f10x_rcc.o(i.RCC_GetClocksFreq)
    SDA_IN                                   0x08001791   Thumb Code    32  mpu6050.o(i.SDA_IN)
    SDA_OUT                                  0x080017b5   Thumb Code    32  mpu6050.o(i.SDA_OUT)
    SVC_Handler                              0x080017d9   Thumb Code     2  stm32f10x_it.o(i.SVC_Handler)
    SysTick_CLKSourceConfig                  0x080018c5   Thumb Code    40  misc.o(i.SysTick_CLKSourceConfig)
    SysTick_Handler                          0x080018ed   Thumb Code     2  stm32f10x_it.o(i.SysTick_Handler)
    SystemInit                               0x080018f1   Thumb Code    78  system_stm32f10x.o(i.SystemInit)
    TIM2_IRQHandler                          0x08001b91   Thumb Code    24  bsp_motor.o(i.TIM2_IRQHandler)
    TIM3_IRQHandler                          0x08001ba9   Thumb Code    22  bsp_timer.o(i.TIM3_IRQHandler)
    TIM4_IRQHandler                          0x08001bc5   Thumb Code    18  bsp_motor.o(i.TIM4_IRQHandler)
    TIM_ARRPreloadConfig                     0x08001bdd   Thumb Code    24  stm32f10x_tim.o(i.TIM_ARRPreloadConfig)
    TIM_ClearFlag                            0x08001bf5   Thumb Code     6  stm32f10x_tim.o(i.TIM_ClearFlag)
    TIM_ClearITPendingBit                    0x08001bfb   Thumb Code     6  stm32f10x_tim.o(i.TIM_ClearITPendingBit)
    TIM_Cmd                                  0x08001c01   Thumb Code    24  stm32f10x_tim.o(i.TIM_Cmd)
    TIM_CtrlPWMOutputs                       0x08001c19   Thumb Code    30  stm32f10x_tim.o(i.TIM_CtrlPWMOutputs)
    TIM_EncoderInterfaceConfig               0x08001c37   Thumb Code    66  stm32f10x_tim.o(i.TIM_EncoderInterfaceConfig)
    TIM_GetITStatus                          0x08001c79   Thumb Code    34  stm32f10x_tim.o(i.TIM_GetITStatus)
    TIM_ICInit                               0x08001c9d   Thumb Code   150  stm32f10x_tim.o(i.TIM_ICInit)
    TIM_ICStructInit                         0x08001d49   Thumb Code    18  stm32f10x_tim.o(i.TIM_ICStructInit)
    TIM_ITConfig                             0x08001d5b   Thumb Code    18  stm32f10x_tim.o(i.TIM_ITConfig)
    TIM_OC1Init                              0x08001d6d   Thumb Code   132  stm32f10x_tim.o(i.TIM_OC1Init)
    TIM_OC1PreloadConfig                     0x08001e05   Thumb Code    18  stm32f10x_tim.o(i.TIM_OC1PreloadConfig)
    TIM_OC4Init                              0x08001e19   Thumb Code   114  stm32f10x_tim.o(i.TIM_OC4Init)
    TIM_OC4PreloadConfig                     0x08001e95   Thumb Code    26  stm32f10x_tim.o(i.TIM_OC4PreloadConfig)
    TIM_SetCompare1                          0x08001eaf   Thumb Code     4  stm32f10x_tim.o(i.TIM_SetCompare1)
    TIM_SetCompare4                          0x08001eb3   Thumb Code     6  stm32f10x_tim.o(i.TIM_SetCompare4)
    TIM_SetCounter                           0x08001eb9   Thumb Code     4  stm32f10x_tim.o(i.TIM_SetCounter)
    TIM_SetIC1Prescaler                      0x08001ebd   Thumb Code    18  stm32f10x_tim.o(i.TIM_SetIC1Prescaler)
    TIM_SetIC2Prescaler                      0x08001ecf   Thumb Code    26  stm32f10x_tim.o(i.TIM_SetIC2Prescaler)
    TIM_SetIC3Prescaler                      0x08001ee9   Thumb Code    18  stm32f10x_tim.o(i.TIM_SetIC3Prescaler)
    TIM_SetIC4Prescaler                      0x08001efb   Thumb Code    26  stm32f10x_tim.o(i.TIM_SetIC4Prescaler)
    TIM_TimeBaseInit                         0x08001f15   Thumb Code   122  stm32f10x_tim.o(i.TIM_TimeBaseInit)
    TIM_TimeBaseStructInit                   0x08001fb9   Thumb Code    18  stm32f10x_tim.o(i.TIM_TimeBaseStructInit)
    USART1_IRQHandler                        0x08001fcd   Thumb Code    30  bsp_usart.o(i.USART1_IRQHandler)
    USART3_IRQHandler                        0x08001ff1   Thumb Code    26  bsp_usart.o(i.USART3_IRQHandler)
    USART_ClearITPendingBit                  0x08002011   Thumb Code    30  stm32f10x_usart.o(i.USART_ClearITPendingBit)
    USART_Cmd                                0x0800202f   Thumb Code    24  stm32f10x_usart.o(i.USART_Cmd)
    USART_GetITStatus                        0x08002047   Thumb Code    84  stm32f10x_usart.o(i.USART_GetITStatus)
    USART_ITConfig                           0x0800209b   Thumb Code    74  stm32f10x_usart.o(i.USART_ITConfig)
    USART_Init                               0x080020e5   Thumb Code   210  stm32f10x_usart.o(i.USART_Init)
    USART_ReceiveData                        0x080021bd   Thumb Code    10  stm32f10x_usart.o(i.USART_ReceiveData)
    USART_SendData                           0x080021c7   Thumb Code     8  stm32f10x_usart.o(i.USART_SendData)
    UsageFault_Handler                       0x080021cf   Thumb Code     4  stm32f10x_it.o(i.UsageFault_Handler)
    __ARM_fpclassify                         0x080021d3   Thumb Code    40  fpclassify.o(i.__ARM_fpclassify)
    __kernel_poly                            0x080021fb   Thumb Code   170  poly.o(i.__kernel_poly)
    __mathlib_dbl_infnan                     0x080022a5   Thumb Code     6  dunder.o(i.__mathlib_dbl_infnan)
    __mathlib_dbl_infnan2                    0x080022ab   Thumb Code     4  dunder.o(i.__mathlib_dbl_infnan2)
    __mathlib_dbl_underflow                  0x080022b1   Thumb Code    10  dunder.o(i.__mathlib_dbl_underflow)
    __scatterload_copy                       0x080022c1   Thumb Code    14  handlers.o(i.__scatterload_copy)
    __scatterload_null                       0x080022cf   Thumb Code     2  handlers.o(i.__scatterload_null)
    __scatterload_zeroinit                   0x080022d1   Thumb Code    14  handlers.o(i.__scatterload_zeroinit)
    angle_control                            0x080022e1   Thumb Code    84  control.o(i.angle_control)
    atan                                     0x0800234d   Thumb Code   474  atan.o(i.atan)
    atan2                                    0x0800256d   Thumb Code   346  atan2.o(i.atan2)
    bsp_encoder_init                         0x080026ed   Thumb Code   290  bsp_motor.o(i.bsp_encoder_init)
    bsp_exti_init                            0x0800281d   Thumb Code   106  bsp_exti.o(i.bsp_exti_init)
    bsp_key_init                             0x0800288d   Thumb Code    50  bsp_key.o(i.bsp_key_init)
    bsp_led_init                             0x080028c9   Thumb Code    64  bsp_led.o(i.bsp_led_init)
    bsp_motor_dir_init                       0x08002911   Thumb Code    40  bsp_motor.o(i.bsp_motor_dir_init)
    bsp_motor_init                           0x0800293d   Thumb Code    22  bsp_motor.o(i.bsp_motor_init)
    bsp_motor_pwm_init                       0x08002955   Thumb Code   168  bsp_motor.o(i.bsp_motor_pwm_init)
    bsp_timer3_init                          0x08002a05   Thumb Code    98  bsp_timer.o(i.bsp_timer3_init)
    bsp_usart1_init                          0x08002a6d   Thumb Code   148  bsp_usart.o(i.bsp_usart1_init)
    car_control                              0x08002b09   Thumb Code   274  control.o(i.car_control)
    delay_init                               0x08002c61   Thumb Code    50  bsp_delay.o(i.delay_init)
    delay_ms                                 0x08002ca5   Thumb Code    72  bsp_delay.o(i.delay_ms)
    delay_us                                 0x08002cf1   Thumb Code    72  bsp_delay.o(i.delay_us)
    main                                     0x08002d3d   Thumb Code    58  main.o(i.main)
    motor_pwm_set                            0x08002d79   Thumb Code   208  bsp_motor.o(i.motor_pwm_set)
    read_encoder                             0x08002e61   Thumb Code    70  bsp_motor.o(i.read_encoder)
    speed_control                            0x08002eb1   Thumb Code   282  control.o(i.speed_control)
    turn_control                             0x08002ffd   Thumb Code    52  control.o(i.turn_control)
    __mathlib_zero                           0x080030d8   Data           8  qnan.o(.constdata)
    Region$$Table$$Base                      0x080030e0   Number         0  anon$$obj.o(Region$$Table)
    Region$$Table$$Limit                     0x08003100   Number         0  anon$$obj.o(Region$$Table)
    SystemCoreClock                          0x20000000   Data           4  system_stm32f10x.o(.data)
    AHBPrescTable                            0x20000004   Data          16  system_stm32f10x.o(.data)
    leftPwm                                  0x2000002c   Data           2  control.o(.data)
    rightPwm                                 0x2000002e   Data           2  control.o(.data)
    angleAim                                 0x20000030   Data           4  control.o(.data)
    anglePwm                                 0x20000034   Data           2  control.o(.data)
    gyroBalance                              0x20000036   Data           2  control.o(.data)
    angleKp                                  0x20000038   Data           4  control.o(.data)
    angleKd                                  0x2000003c   Data           4  control.o(.data)
    leftEncode                               0x20000040   Data           2  control.o(.data)
    rightEncode                              0x20000042   Data           2  control.o(.data)
    speedAim                                 0x20000044   Data           2  control.o(.data)
    speedNow                                 0x20000046   Data           2  control.o(.data)
    speedPwm                                 0x20000048   Data           2  control.o(.data)
    speedKp                                  0x2000004c   Data           4  control.o(.data)
    speedKi                                  0x20000050   Data           4  control.o(.data)
    turnPwm                                  0x20000054   Data           2  control.o(.data)
    turnKp                                   0x20000058   Data           4  control.o(.data)
    turnKd                                   0x2000005c   Data           4  control.o(.data)
    Flag_Target                              0x20000060   Data           1  control.o(.data)
    K1                                       0x20000068   Data           4  filter.o(.data)
    angle_dot                                0x2000006c   Data           4  filter.o(.data)
    Q_angle                                  0x20000070   Data           4  filter.o(.data)
    Q_gyro                                   0x20000074   Data           4  filter.o(.data)
    R_angle                                  0x20000078   Data           4  filter.o(.data)
    dt                                       0x2000007c   Data           4  filter.o(.data)
    C_0                                      0x20000080   Data           1  filter.o(.data)
    Q_bias                                   0x20000084   Data           4  filter.o(.data)
    Angle_err                                0x20000088   Data           4  filter.o(.data)
    PCt_0                                    0x2000008c   Data           4  filter.o(.data)
    PCt_1                                    0x20000090   Data           4  filter.o(.data)
    E                                        0x20000094   Data           4  filter.o(.data)
    K_0                                      0x20000098   Data           4  filter.o(.data)
    K_1                                      0x2000009c   Data           4  filter.o(.data)
    t_0                                      0x200000a0   Data           4  filter.o(.data)
    t_1                                      0x200000a4   Data           4  filter.o(.data)
    PP                                       0x200000a8   Data          16  filter.o(.data)
    angle                                    0x200000b8   Data           4  filter.o(.data)
    gyrox                                    0x200000bc   Data           2  mpu6050.o(.data)
    gyroy                                    0x200000be   Data           2  mpu6050.o(.data)
    gyroz                                    0x200000c0   Data           2  mpu6050.o(.data)
    accx                                     0x200000c2   Data           2  mpu6050.o(.data)
    accy                                     0x200000c4   Data           2  mpu6050.o(.data)
    accz                                     0x200000c6   Data           2  mpu6050.o(.data)
    res                                      0x200000c8   Data           1  mpu6050.o(.data)
    Pdot                                     0x200000cc   Data          16  filter.o(.bss)
    OLED_GRAM                                0x200000dc   Data        1152  oled.o(.bss)
    __initial_sp                             0x20000960   Data           0  startup_stm32f10x_hd.o(STACK)



==============================================================================

Memory Map of the image

  Image Entry point : 0x08000131

  Load Region LR_IROM1 (Base: 0x08000000, Size: 0x000031cc, Max: 0x00010000, ABSOLUTE)

    Execution Region ER_IROM1 (Exec base: 0x08000000, Load base: 0x08000000, Size: 0x00003100, Max: 0x00010000, ABSOLUTE)

    Exec Addr    Load Addr    Size         Type   Attr      Idx    E Section Name        Object

    0x08000000   0x08000000   0x00000130   Data   RO         3260    RESET               startup_stm32f10x_hd.o
    0x08000130   0x08000130   0x00000000   Code   RO         3986  * .ARM.Collect$$$$00000000  mc_w.l(entry.o)
    0x08000130   0x08000130   0x00000004   Code   RO         4044    .ARM.Collect$$$$00000001  mc_w.l(entry2.o)
    0x08000134   0x08000134   0x00000004   Code   RO         4047    .ARM.Collect$$$$00000004  mc_w.l(entry5.o)
    0x08000138   0x08000138   0x00000000   Code   RO         4049    .ARM.Collect$$$$00000008  mc_w.l(entry7b.o)
    0x08000138   0x08000138   0x00000000   Code   RO         4051    .ARM.Collect$$$$0000000A  mc_w.l(entry8b.o)
    0x08000138   0x08000138   0x00000008   Code   RO         4052    .ARM.Collect$$$$0000000B  mc_w.l(entry9a.o)
    0x08000140   0x08000140   0x00000000   Code   RO         4054    .ARM.Collect$$$$0000000D  mc_w.l(entry10a.o)
    0x08000140   0x08000140   0x00000000   Code   RO         4056    .ARM.Collect$$$$0000000F  mc_w.l(entry11a.o)
    0x08000140   0x08000140   0x00000004   Code   RO         4045    .ARM.Collect$$$$00002712  mc_w.l(entry2.o)
    0x08000144   0x08000144   0x00000024   Code   RO         3261    .text               startup_stm32f10x_hd.o
    0x08000168   0x08000168   0x000000b0   Code   RO         3989    .text               mf_w.l(fadd.o)
    0x08000218   0x08000218   0x00000064   Code   RO         3991    .text               mf_w.l(fmul.o)
    0x0800027c   0x0800027c   0x0000007c   Code   RO         3993    .text               mf_w.l(fdiv.o)
    0x080002f8   0x080002f8   0x0000014e   Code   RO         3995    .text               mf_w.l(dadd.o)
    0x08000446   0x08000446   0x000000e4   Code   RO         3997    .text               mf_w.l(dmul.o)
    0x0800052a   0x0800052a   0x000000de   Code   RO         3999    .text               mf_w.l(ddiv.o)
    0x08000608   0x08000608   0x00000012   Code   RO         4001    .text               mf_w.l(fflti.o)
    0x0800061a   0x0800061a   0x0000000a   Code   RO         4003    .text               mf_w.l(ffltui.o)
    0x08000624   0x08000624   0x00000022   Code   RO         4005    .text               mf_w.l(dflti.o)
    0x08000646   0x08000646   0x00000032   Code   RO         4007    .text               mf_w.l(ffixi.o)
    0x08000678   0x08000678   0x0000003e   Code   RO         4009    .text               mf_w.l(dfixi.o)
    0x080006b6   0x080006b6   0x00000002   PAD
    0x080006b8   0x080006b8   0x00000030   Code   RO         4013    .text               mf_w.l(cdcmple.o)
    0x080006e8   0x080006e8   0x00000030   Code   RO         4015    .text               mf_w.l(cdrcmple.o)
    0x08000718   0x08000718   0x0000001e   Code   RO         4058    .text               mc_w.l(llshl.o)
    0x08000736   0x08000736   0x00000020   Code   RO         4060    .text               mc_w.l(llushr.o)
    0x08000756   0x08000756   0x00000024   Code   RO         4062    .text               mc_w.l(llsshr.o)
    0x0800077a   0x0800077a   0x00000000   Code   RO         4071    .text               mc_w.l(iusefp.o)
    0x0800077a   0x0800077a   0x0000006e   Code   RO         4072    .text               mf_w.l(fepilogue.o)
    0x080007e8   0x080007e8   0x000000ba   Code   RO         4074    .text               mf_w.l(depilogue.o)
    0x080008a2   0x080008a2   0x00000002   PAD
    0x080008a4   0x080008a4   0x00000024   Code   RO         4080    .text               mc_w.l(init.o)
    0x080008c8   0x080008c8   0x0000002e   Code   RO         4082    .text               mf_w.l(dscalb.o)
    0x080008f6   0x080008f6   0x00000004   Code   RO            1    i.BusFault_Handler  stm32f10x_it.o
    0x080008fa   0x080008fa   0x00000002   Code   RO            2    i.DebugMon_Handler  stm32f10x_it.o
    0x080008fc   0x080008fc   0x00000018   Code   RO         3440    i.DebugUsartMain    bsp_usart.o
    0x08000914   0x08000914   0x00000018   Code   RO         3575    i.EXTI9_5_IRQHandler  control.o
    0x0800092c   0x0800092c   0x0000000c   Code   RO          844    i.EXTI_ClearITPendingBit  stm32f10x_exti.o
    0x08000938   0x08000938   0x00000028   Code   RO          848    i.EXTI_GetITStatus  stm32f10x_exti.o
    0x08000960   0x08000960   0x00000094   Code   RO          849    i.EXTI_Init         stm32f10x_exti.o
    0x080009f4   0x080009f4   0x00000040   Code   RO          900    i.GPIO_EXTILineConfig  stm32f10x_gpio.o
    0x08000a34   0x08000a34   0x00000116   Code   RO          903    i.GPIO_Init         stm32f10x_gpio.o
    0x08000b4a   0x08000b4a   0x00000002   PAD
    0x08000b4c   0x08000b4c   0x00000090   Code   RO          905    i.GPIO_PinRemapConfig  stm32f10x_gpio.o
    0x08000bdc   0x08000bdc   0x00000004   Code   RO          910    i.GPIO_ResetBits    stm32f10x_gpio.o
    0x08000be0   0x08000be0   0x00000004   Code   RO          911    i.GPIO_SetBits      stm32f10x_gpio.o
    0x08000be4   0x08000be4   0x00000004   Code   RO            3    i.HardFault_Handler  stm32f10x_it.o
    0x08000be8   0x08000be8   0x00000034   Code   RO         3696    i.IIC_Ack           mpu6050.o
    0x08000c1c   0x08000c1c   0x00000034   Code   RO         3697    i.IIC_NAck          mpu6050.o
    0x08000c50   0x08000c50   0x00000054   Code   RO         3698    i.IIC_Read_Byte     mpu6050.o
    0x08000ca4   0x08000ca4   0x00000048   Code   RO         3699    i.IIC_Send_Byte     mpu6050.o
    0x08000cec   0x08000cec   0x00000034   Code   RO         3700    i.IIC_Start         mpu6050.o
    0x08000d20   0x08000d20   0x00000030   Code   RO         3701    i.IIC_Stop          mpu6050.o
    0x08000d50   0x08000d50   0x0000004c   Code   RO         3702    i.IIC_Wait_Ack      mpu6050.o
    0x08000d9c   0x08000d9c   0x00000278   Code   RO         3634    i.Kalman_Filter     filter.o
    0x08001014   0x08001014   0x00000050   Code   RO         3703    i.MPU_Get_Acc       mpu6050.o
    0x08001064   0x08001064   0x00000050   Code   RO         3704    i.MPU_Get_Gyro      mpu6050.o
    0x080010b4   0x080010b4   0x0000000a   Code   RO         3706    i.MPU_IIC_Delay     mpu6050.o
    0x080010be   0x080010be   0x00000002   PAD
    0x080010c0   0x080010c0   0x0000005c   Code   RO         3707    i.MPU_IIC_Init      mpu6050.o
    0x0800111c   0x0800111c   0x00000094   Code   RO         3708    i.MPU_Init          mpu6050.o
    0x080011b0   0x080011b0   0x0000004a   Code   RO         3709    i.MPU_Read_Byte     mpu6050.o
    0x080011fa   0x080011fa   0x00000074   Code   RO         3710    i.MPU_Read_Len      mpu6050.o
    0x0800126e   0x0800126e   0x00000012   Code   RO         3711    i.MPU_Set_Accel_Fsr  mpu6050.o
    0x08001280   0x08001280   0x00000016   Code   RO         3712    i.MPU_Set_Gyro_Fsr  mpu6050.o
    0x08001296   0x08001296   0x0000003c   Code   RO         3713    i.MPU_Set_LPF       mpu6050.o
    0x080012d2   0x080012d2   0x0000003c   Code   RO         3714    i.MPU_Set_Rate      mpu6050.o
    0x0800130e   0x0800130e   0x0000004c   Code   RO         3715    i.MPU_Write_Byte    mpu6050.o
    0x0800135a   0x0800135a   0x00000004   Code   RO            4    i.MemManage_Handler  stm32f10x_it.o
    0x0800135e   0x0800135e   0x00000002   Code   RO            5    i.NMI_Handler       stm32f10x_it.o
    0x08001360   0x08001360   0x00000070   Code   RO          280    i.NVIC_Init         misc.o
    0x080013d0   0x080013d0   0x00000014   Code   RO          281    i.NVIC_PriorityGroupConfig  misc.o
    0x080013e4   0x080013e4   0x00000030   Code   RO         3850    i.OLED_Clear        oled.o
    0x08001414   0x08001414   0x000001ac   Code   RO         3858    i.OLED_Init         oled.o
    0x080015c0   0x080015c0   0x0000004c   Code   RO         3860    i.OLED_Refresh      oled.o
    0x0800160c   0x0800160c   0x0000006c   Code   RO         3867    i.OLED_WR_Byte      oled.o
    0x08001678   0x08001678   0x00000002   Code   RO            6    i.PendSV_Handler    stm32f10x_it.o
    0x0800167a   0x0800167a   0x00000002   PAD
    0x0800167c   0x0800167c   0x00000020   Code   RO         1013    i.RCC_APB1PeriphClockCmd  stm32f10x_rcc.o
    0x0800169c   0x0800169c   0x00000020   Code   RO         1015    i.RCC_APB2PeriphClockCmd  stm32f10x_rcc.o
    0x080016bc   0x080016bc   0x000000d4   Code   RO         1023    i.RCC_GetClocksFreq  stm32f10x_rcc.o
    0x08001790   0x08001790   0x00000024   Code   RO         3717    i.SDA_IN            mpu6050.o
    0x080017b4   0x080017b4   0x00000024   Code   RO         3718    i.SDA_OUT           mpu6050.o
    0x080017d8   0x080017d8   0x00000002   Code   RO            7    i.SVC_Handler       stm32f10x_it.o
    0x080017da   0x080017da   0x00000008   Code   RO          152    i.SetSysClock       system_stm32f10x.o
    0x080017e2   0x080017e2   0x00000002   PAD
    0x080017e4   0x080017e4   0x000000e0   Code   RO          153    i.SetSysClockTo72   system_stm32f10x.o
    0x080018c4   0x080018c4   0x00000028   Code   RO          284    i.SysTick_CLKSourceConfig  misc.o
    0x080018ec   0x080018ec   0x00000002   Code   RO            8    i.SysTick_Handler   stm32f10x_it.o
    0x080018ee   0x080018ee   0x00000002   PAD
    0x080018f0   0x080018f0   0x00000060   Code   RO          155    i.SystemInit        system_stm32f10x.o
    0x08001950   0x08001950   0x00000080   Code   RO         1211    i.TI1_Config        stm32f10x_tim.o
    0x080019d0   0x080019d0   0x00000098   Code   RO         1212    i.TI2_Config        stm32f10x_tim.o
    0x08001a68   0x08001a68   0x00000090   Code   RO         1213    i.TI3_Config        stm32f10x_tim.o
    0x08001af8   0x08001af8   0x00000098   Code   RO         1214    i.TI4_Config        stm32f10x_tim.o
    0x08001b90   0x08001b90   0x00000018   Code   RO         3514    i.TIM2_IRQHandler   bsp_motor.o
    0x08001ba8   0x08001ba8   0x0000001c   Code   RO         3415    i.TIM3_IRQHandler   bsp_timer.o
    0x08001bc4   0x08001bc4   0x00000018   Code   RO         3515    i.TIM4_IRQHandler   bsp_motor.o
    0x08001bdc   0x08001bdc   0x00000018   Code   RO         1215    i.TIM_ARRPreloadConfig  stm32f10x_tim.o
    0x08001bf4   0x08001bf4   0x00000006   Code   RO         1221    i.TIM_ClearFlag     stm32f10x_tim.o
    0x08001bfa   0x08001bfa   0x00000006   Code   RO         1222    i.TIM_ClearITPendingBit  stm32f10x_tim.o
    0x08001c00   0x08001c00   0x00000018   Code   RO         1227    i.TIM_Cmd           stm32f10x_tim.o
    0x08001c18   0x08001c18   0x0000001e   Code   RO         1229    i.TIM_CtrlPWMOutputs  stm32f10x_tim.o
    0x08001c36   0x08001c36   0x00000042   Code   RO         1236    i.TIM_EncoderInterfaceConfig  stm32f10x_tim.o
    0x08001c78   0x08001c78   0x00000022   Code   RO         1248    i.TIM_GetITStatus   stm32f10x_tim.o
    0x08001c9a   0x08001c9a   0x00000002   PAD
    0x08001c9c   0x08001c9c   0x000000ac   Code   RO         1250    i.TIM_ICInit        stm32f10x_tim.o
    0x08001d48   0x08001d48   0x00000012   Code   RO         1251    i.TIM_ICStructInit  stm32f10x_tim.o
    0x08001d5a   0x08001d5a   0x00000012   Code   RO         1252    i.TIM_ITConfig      stm32f10x_tim.o
    0x08001d6c   0x08001d6c   0x00000098   Code   RO         1256    i.TIM_OC1Init       stm32f10x_tim.o
    0x08001e04   0x08001e04   0x00000012   Code   RO         1259    i.TIM_OC1PreloadConfig  stm32f10x_tim.o
    0x08001e16   0x08001e16   0x00000002   PAD
    0x08001e18   0x08001e18   0x0000007c   Code   RO         1271    i.TIM_OC4Init       stm32f10x_tim.o
    0x08001e94   0x08001e94   0x0000001a   Code   RO         1273    i.TIM_OC4PreloadConfig  stm32f10x_tim.o
    0x08001eae   0x08001eae   0x00000004   Code   RO         1288    i.TIM_SetCompare1   stm32f10x_tim.o
    0x08001eb2   0x08001eb2   0x00000006   Code   RO         1291    i.TIM_SetCompare4   stm32f10x_tim.o
    0x08001eb8   0x08001eb8   0x00000004   Code   RO         1292    i.TIM_SetCounter    stm32f10x_tim.o
    0x08001ebc   0x08001ebc   0x00000012   Code   RO         1293    i.TIM_SetIC1Prescaler  stm32f10x_tim.o
    0x08001ece   0x08001ece   0x0000001a   Code   RO         1294    i.TIM_SetIC2Prescaler  stm32f10x_tim.o
    0x08001ee8   0x08001ee8   0x00000012   Code   RO         1295    i.TIM_SetIC3Prescaler  stm32f10x_tim.o
    0x08001efa   0x08001efa   0x0000001a   Code   RO         1296    i.TIM_SetIC4Prescaler  stm32f10x_tim.o
    0x08001f14   0x08001f14   0x000000a4   Code   RO         1298    i.TIM_TimeBaseInit  stm32f10x_tim.o
    0x08001fb8   0x08001fb8   0x00000012   Code   RO         1299    i.TIM_TimeBaseStructInit  stm32f10x_tim.o
    0x08001fca   0x08001fca   0x00000002   PAD
    0x08001fcc   0x08001fcc   0x00000024   Code   RO         3441    i.USART1_IRQHandler  bsp_usart.o
    0x08001ff0   0x08001ff0   0x00000020   Code   RO         3442    i.USART3_IRQHandler  bsp_usart.o
    0x08002010   0x08002010   0x0000001e   Code   RO         1760    i.USART_ClearITPendingBit  stm32f10x_usart.o
    0x0800202e   0x0800202e   0x00000018   Code   RO         1763    i.USART_Cmd         stm32f10x_usart.o
    0x08002046   0x08002046   0x00000054   Code   RO         1767    i.USART_GetITStatus  stm32f10x_usart.o
    0x0800209a   0x0800209a   0x0000004a   Code   RO         1769    i.USART_ITConfig    stm32f10x_usart.o
    0x080020e4   0x080020e4   0x000000d8   Code   RO         1770    i.USART_Init        stm32f10x_usart.o
    0x080021bc   0x080021bc   0x0000000a   Code   RO         1777    i.USART_ReceiveData  stm32f10x_usart.o
    0x080021c6   0x080021c6   0x00000008   Code   RO         1780    i.USART_SendData    stm32f10x_usart.o
    0x080021ce   0x080021ce   0x00000004   Code   RO            9    i.UsageFault_Handler  stm32f10x_it.o
    0x080021d2   0x080021d2   0x00000028   Code   RO         4076    i.__ARM_fpclassify  m_ws.l(fpclassify.o)
    0x080021fa   0x080021fa   0x000000aa   Code   RO         4078    i.__kernel_poly     m_ws.l(poly.o)
    0x080022a4   0x080022a4   0x00000006   Code   RO         4030    i.__mathlib_dbl_infnan  m_ws.l(dunder.o)
    0x080022aa   0x080022aa   0x00000004   Code   RO         4031    i.__mathlib_dbl_infnan2  m_ws.l(dunder.o)
    0x080022ae   0x080022ae   0x00000002   PAD
    0x080022b0   0x080022b0   0x00000010   Code   RO         4035    i.__mathlib_dbl_underflow  m_ws.l(dunder.o)
    0x080022c0   0x080022c0   0x0000000e   Code   RO         4086    i.__scatterload_copy  mc_w.l(handlers.o)
    0x080022ce   0x080022ce   0x00000002   Code   RO         4087    i.__scatterload_null  mc_w.l(handlers.o)
    0x080022d0   0x080022d0   0x0000000e   Code   RO         4088    i.__scatterload_zeroinit  mc_w.l(handlers.o)
    0x080022de   0x080022de   0x00000002   PAD
    0x080022e0   0x080022e0   0x0000006c   Code   RO         3576    i.angle_control     control.o
    0x0800234c   0x0800234c   0x00000220   Code   RO         4020    i.atan              m_ws.l(atan.o)
    0x0800256c   0x0800256c   0x00000180   Code   RO         3979    i.atan2             m_ws.l(atan2.o)
    0x080026ec   0x080026ec   0x00000130   Code   RO         3516    i.bsp_encoder_init  bsp_motor.o
    0x0800281c   0x0800281c   0x00000070   Code   RO         3396    i.bsp_exti_init     bsp_exti.o
    0x0800288c   0x0800288c   0x0000003c   Code   RO         3311    i.bsp_key_init      bsp_key.o
    0x080028c8   0x080028c8   0x00000048   Code   RO         3265    i.bsp_led_init      bsp_led.o
    0x08002910   0x08002910   0x0000002c   Code   RO         3517    i.bsp_motor_dir_init  bsp_motor.o
    0x0800293c   0x0800293c   0x00000016   Code   RO         3518    i.bsp_motor_init    bsp_motor.o
    0x08002952   0x08002952   0x00000002   PAD
    0x08002954   0x08002954   0x000000b0   Code   RO         3519    i.bsp_motor_pwm_init  bsp_motor.o
    0x08002a04   0x08002a04   0x00000068   Code   RO         3416    i.bsp_timer3_init   bsp_timer.o
    0x08002a6c   0x08002a6c   0x0000009c   Code   RO         3443    i.bsp_usart1_init   bsp_usart.o
    0x08002b08   0x08002b08   0x00000158   Code   RO         3577    i.car_control       control.o
    0x08002c60   0x08002c60   0x00000044   Code   RO         3336    i.delay_init        bsp_delay.o
    0x08002ca4   0x08002ca4   0x0000004c   Code   RO         3337    i.delay_ms          bsp_delay.o
    0x08002cf0   0x08002cf0   0x0000004c   Code   RO         3338    i.delay_us          bsp_delay.o
    0x08002d3c   0x08002d3c   0x0000003a   Code   RO          187    i.main              main.o
    0x08002d76   0x08002d76   0x00000002   PAD
    0x08002d78   0x08002d78   0x000000e8   Code   RO         3520    i.motor_pwm_set     bsp_motor.o
    0x08002e60   0x08002e60   0x00000050   Code   RO         3521    i.read_encoder      bsp_motor.o
    0x08002eb0   0x08002eb0   0x0000014c   Code   RO         3578    i.speed_control     control.o
    0x08002ffc   0x08002ffc   0x00000040   Code   RO         3579    i.turn_control      control.o
    0x0800303c   0x0800303c   0x00000004   PAD
    0x08003040   0x08003040   0x00000098   Data   RO         4021    .constdata          m_ws.l(atan.o)
    0x080030d8   0x080030d8   0x00000008   Data   RO         4043    .constdata          m_ws.l(qnan.o)
    0x080030e0   0x080030e0   0x00000020   Data   RO         4084    Region$$Table       anon$$obj.o


    Execution Region RW_IRAM1 (Exec base: 0x20000000, Load base: 0x08003100, Size: 0x00000960, Max: 0x00005000, ABSOLUTE)

    Exec Addr    Load Addr    Size         Type   Attr      Idx    E Section Name        Object

    0x20000000   0x08003100   0x00000014   Data   RW          156    .data               system_stm32f10x.o
    0x20000014   0x08003114   0x00000014   Data   RW         1043    .data               stm32f10x_rcc.o
    0x20000028   0x08003128   0x00000004   Data   RW         3339    .data               bsp_delay.o
    0x2000002c   0x0800312c   0x0000003c   Data   RW         3580    .data               control.o
    0x20000068   0x08003168   0x00000054   Data   RW         3636    .data               filter.o
    0x200000bc   0x080031bc   0x0000000d   Data   RW         3719    .data               mpu6050.o
    0x200000c9   0x080031c9   0x00000003   PAD
    0x200000cc        -       0x00000010   Zero   RW         3635    .bss                filter.o
    0x200000dc        -       0x00000480   Zero   RW         3868    .bss                oled.o
    0x2000055c   0x080031c9   0x00000004   PAD
    0x20000560        -       0x00000400   Zero   RW         3258    STACK               startup_stm32f10x_hd.o


==============================================================================

Image component sizes


      Code (inc. data)   RO Data    RW Data    ZI Data      Debug   Object Name

       220         26          0          4          0       1691   bsp_delay.o
       112          6          0          0          0        628   bsp_exti.o
        60         10          0          0          0        503   bsp_key.o
        72          8          0          0          0        511   bsp_led.o
       906         66          0          0          0       4709   bsp_motor.o
       132         12          0          0          0       1136   bsp_timer.o
       248         24          0          0          0       2107   bsp_usart.o
       872        156          0         60          0       3591   control.o
         0          0          0          0          0         32   core_cm3.o
       632         74          0         84         16       1782   filter.o
        58          0          0          0          0     206011   main.o
       172         22          0          0          0       2053   misc.o
      1344         84          0         13          0      12532   mpu6050.o
       660         32          0          0       1152       3786   oled.o
        36          8        304          0       1024        804   startup_stm32f10x_hd.o
       200         18          0          0          0       2104   stm32f10x_exti.o
       494         10          0          0          0       4420   stm32f10x_gpio.o
        26          0          0          0          0      52002   stm32f10x_it.o
       276         32          0         20          0       4414   stm32f10x_rcc.o
      1578        180          0          0          0      16535   stm32f10x_tim.o
       446          6          0          0          0       6049   stm32f10x_usart.o
       328         28          0         20          0       2377   system_stm32f10x.o

    ----------------------------------------------------------------------
      8896        806        336        204       2196     329777   Object Totals
         0          0         32          0          0          0   (incl. Generated)
        24          4          0          3          4          0   (incl. Padding)

    ----------------------------------------------------------------------

      Code (inc. data)   RO Data    RW Data    ZI Data      Debug   Library Member Name

       544         70        152          0          0        124   atan.o
       384         38          0          0          0        144   atan2.o
        26          6          0          0          0        204   dunder.o
        40          0          0          0          0         68   fpclassify.o
       170          0          0          0          0         96   poly.o
         0          0          8          0          0          0   qnan.o
         0          0          0          0          0          0   entry.o
         0          0          0          0          0          0   entry10a.o
         0          0          0          0          0          0   entry11a.o
         8          4          0          0          0          0   entry2.o
         4          0          0          0          0          0   entry5.o
         0          0          0          0          0          0   entry7b.o
         0          0          0          0          0          0   entry8b.o
         8          4          0          0          0          0   entry9a.o
        30          0          0          0          0          0   handlers.o
        36          8          0          0          0         68   init.o
         0          0          0          0          0          0   iusefp.o
        30          0          0          0          0         68   llshl.o
        36          0          0          0          0         68   llsshr.o
        32          0          0          0          0         68   llushr.o
        48          0          0          0          0         68   cdcmple.o
        48          0          0          0          0         68   cdrcmple.o
       334          0          0          0          0        148   dadd.o
       222          0          0          0          0        100   ddiv.o
       186          0          0          0          0        176   depilogue.o
        62          0          0          0          0         80   dfixi.o
        34          0          0          0          0         76   dflti.o
       228          0          0          0          0         96   dmul.o
        46          0          0          0          0         80   dscalb.o
       176          0          0          0          0        140   fadd.o
       124          0          0          0          0         88   fdiv.o
       110          0          0          0          0        168   fepilogue.o
        50          0          0          0          0         68   ffixi.o
        18          0          0          0          0         68   fflti.o
        10          0          0          0          0         68   ffltui.o
       100          0          0          0          0         76   fmul.o

    ----------------------------------------------------------------------
      3152        130        160          0          0       2476   Library Totals
         8          0          0          0          0          0   (incl. Padding)

    ----------------------------------------------------------------------

      Code (inc. data)   RO Data    RW Data    ZI Data      Debug   Library Name

      1164        114        160          0          0        636   m_ws.l
       184         16          0          0          0        272   mc_w.l
      1796          0          0          0          0       1568   mf_w.l

    ----------------------------------------------------------------------
      3152        130        160          0          0       2476   Library Totals

    ----------------------------------------------------------------------

==============================================================================


      Code (inc. data)   RO Data    RW Data    ZI Data      Debug   

     12048        936        496        204       2196     325489   Grand Totals
     12048        936        496        204       2196     325489   ELF Image Totals
     12048        936        496        204          0          0   ROM Totals

==============================================================================

    Total RO  Size (Code + RO Data)                12544 (  12.25kB)
    Total RW  Size (RW Data + ZI Data)              2400 (   2.34kB)
    Total ROM Size (Code + RO Data + RW Data)      12748 (  12.45kB)

==============================================================================

